Archive member included because of file (symbol)

lib/liblyos.a(libc.o)         kernel/krnl.o (strcpy)

Allocating common symbols
Common symbol       size              file

rd_length           0x4               kernel/krnl.o
idt_ptr             0x6               kernel/krnl.o
inode_table         0xb00             kernel/krnl.o
task_stack          0x3c000           kernel/krnl.o
errno               0x4               kernel/krnl.o
mem_start           0x4               kernel/krnl.o
k_reenter           0x4               kernel/krnl.o
buffer_base         0x4               kernel/krnl.o
gdt                 0x400             kernel/krnl.o
current_console     0x4               kernel/krnl.o
pcaller             0x4               kernel/krnl.o
tty_table           0xcd2             kernel/krnl.o
buffer_length       0x4               kernel/krnl.o
tss                 0x68              kernel/krnl.o
fs_msg              0x30              kernel/krnl.o
reply               0x7               drivers/drivers.o
memory_size         0x4               kernel/krnl.o
f_desc_table        0x500             kernel/krnl.o
root_inode          0x4               kernel/krnl.o
current             0x4               kernel/krnl.o
selected            0x1               drivers/drivers.o
disp_pos            0x4               kernel/krnl.o
mm_msg              0x30              kernel/krnl.o
key_pressed         0x4               kernel/krnl.o
buffer_table        0x1414            kernel/krnl.o
gdt_ptr             0x6               kernel/krnl.o
kernel_addr         0x4               kernel/krnl.o
jiffies             0x4               kernel/krnl.o
idt                 0x800             kernel/krnl.o
super_block         0x1e0             kernel/krnl.o
PARTITION_ENTRY     0x10              fs/fs.o
motor               0x4               drivers/drivers.o
console_table       0x7e              kernel/krnl.o
rd_base             0x4               kernel/krnl.o
irq_table           0x40              kernel/krnl.o
drive_type          0x10              drivers/drivers.o
file_systems        0x4               kernel/krnl.o
proc_table          0x8a12            kernel/krnl.o
nr_buffer           0x4               kernel/krnl.o

Discarded input sections

 .note.GNU-stack
                0x0000000000000000        0x0 kernel/krnl.o
 .note.GNU-stack
                0x0000000000000000        0x0 fs/fs.o
 .note.GNU-stack
                0x0000000000000000        0x0 mm/mm.o
 .note.GNU-stack
                0x0000000000000000        0x0 drivers/drivers.o
 .note.GNU-stack
                0x0000000000000000        0x0 lib/libc/misc/syslog.o
 .note.GNU-stack
                0x0000000000000000        0x0 lib/liblyos.a(libc.o)

Memory Configuration

Name             Origin             Length             Attributes
*default*        0x0000000000000000 0xffffffffffffffff

Linker script and memory map

Address of section .text set to 0x1000
LOAD kernel/krnl.o
LOAD fs/fs.o
LOAD mm/mm.o
LOAD drivers/drivers.o
LOAD lib/libc/misc/syslog.o
LOAD lib/liblyos.a
                0x0000000008048000                PROVIDE (__executable_start, 0x8048000)
                0x0000000008048094                . = (0x8048000 + SIZEOF_HEADERS)

.interp
 *(.interp)

.note.gnu.build-id
 *(.note.gnu.build-id)

.hash
 *(.hash)

.gnu.hash
 *(.gnu.hash)

.dynsym
 *(.dynsym)

.dynstr
 *(.dynstr)

.gnu.version
 *(.gnu.version)

.gnu.version_d
 *(.gnu.version_d)

.gnu.version_r
 *(.gnu.version_r)

.rel.dyn        0x0000000008048094        0x0
 *(.rel.init)
 *(.rel.text .rel.text.* .rel.gnu.linkonce.t.*)
 .rel.text      0x0000000000000000        0x0 kernel/krnl.o
 *(.rel.fini)
 *(.rel.rodata .rel.rodata.* .rel.gnu.linkonce.r.*)
 *(.rel.data.rel.ro* .rel.gnu.linkonce.d.rel.ro.*)
 *(.rel.data .rel.data.* .rel.gnu.linkonce.d.*)
 .rel.data      0x0000000000000000        0x0 kernel/krnl.o
 *(.rel.tdata .rel.tdata.* .rel.gnu.linkonce.td.*)
 *(.rel.tbss .rel.tbss.* .rel.gnu.linkonce.tb.*)
 *(.rel.ctors)
 *(.rel.dtors)
 *(.rel.got)
 *(.rel.bss .rel.bss.* .rel.gnu.linkonce.b.*)
 *(.rel.ifunc)

.rel.plt        0x0000000008048094        0x0
 *(.rel.plt)
                0x0000000008048094                PROVIDE (__rel_iplt_start, .)
 *(.rel.iplt)
 .rel.iplt      0x0000000000000000        0x0 kernel/krnl.o
                0x0000000008048094                PROVIDE (__rel_iplt_end, .)

.init
 *(.init)

.plt            0x0000000008048094        0x0
 *(.plt)
 *(.iplt)
 .iplt          0x0000000000000000        0x0 kernel/krnl.o

.text           0x0000000000001000     0xec69
 *(.text.unlikely .text.*_unlikely)
 *(.text.exit .text.exit.*)
 *(.text.startup .text.startup.*)
 *(.text.hot .text.hot.*)
 *(.text .stub .text.* .gnu.linkonce.t.*)
 .text          0x0000000000001000     0x367f kernel/krnl.o
                0x0000000000001000                _start
                0x0000000000001040                hwint00
                0x0000000000001070                hwint01
                0x00000000000010a0                hwint02
                0x00000000000010d0                hwint03
                0x0000000000001100                hwint04
                0x0000000000001130                hwint05
                0x0000000000001160                hwint06
                0x0000000000001190                hwint07
                0x00000000000011c0                hwint08
                0x00000000000011f0                hwint09
                0x0000000000001220                hwint10
                0x0000000000001250                hwint11
                0x0000000000001280                hwint12
                0x00000000000012b0                hwint13
                0x00000000000012e0                hwint14
                0x0000000000001310                hwint15
                0x0000000000001337                divide_error
                0x0000000000001346                single_step_exception
                0x0000000000001355                nmi
                0x0000000000001364                breakpoint_exception
                0x0000000000001373                overflow
                0x0000000000001382                bounds_check
                0x0000000000001391                inval_opcode
                0x00000000000013a0                copr_not_available
                0x00000000000013af                double_fault
                0x00000000000013b9                copr_seg_overrun
                0x00000000000013c8                inval_tss
                0x00000000000013d2                segment_not_present
                0x00000000000013dc                stack_exception
                0x00000000000013e6                general_protection
                0x00000000000013f0                copr_error
                0x0000000000001448                sys_call
                0x000000000000146b                restart
                0x00000000000014a0                disp_str
                0x00000000000014e7                disp_color_str
                0x000000000000152f                out_byte
                0x000000000000153b                in_byte
                0x0000000000001545                port_read
                0x0000000000001558                port_write
                0x000000000000156b                disable_irq
                0x00000000000015a0                enable_irq
                0x00000000000015bf                disable_int
                0x00000000000015c1                enable_int
                0x00000000000015c3                glitter
                0x0000000000001664                hard_reboot
                0x0000000000001670                cstart
                0x00000000000016f4                kernel_main
                0x0000000000001a28                get_ticks
                0x0000000000001a60                untar
                0x0000000000001c82                shell
                0x0000000000001e2e                Init
                0x0000000000001f14                TestA
                0x0000000000001f19                TestB
                0x0000000000001f1e                TestC
                0x0000000000001f23                panic
                0x0000000000001f70                clock_handler
                0x0000000000001fea                milli_delay
                0x0000000000002025                init_clock
                0x000000000000208c                init_8259A
                0x000000000000217d                spurious_irq
                0x00000000000021a8                put_irq_handler
                0x00000000000021c8                init_prot
                0x00000000000027f4                seg2linear
                0x0000000000002843                init_desc
                0x00000000000028af                exception_handler
                0x0000000000003144                schedule
                0x0000000000003225                do_setuid
                0x0000000000003241                do_getuid
                0x0000000000003255                do_setgid
                0x0000000000003271                do_getgid
                0x0000000000003285                do_geteuid
                0x0000000000003299                do_getegid
                0x00000000000032ad                do_nice
                0x00000000000032ef                sys_sendrec
                0x00000000000033b6                ldt_seg_linear
                0x00000000000033fa                va2la
                0x0000000000003435                reset_msg
                0x00000000000039d5                inform_int
                0x0000000000003a8c                dumproc
                0x0000000000003df4                dump_msg
                0x0000000000003f3c                task_sys
                0x000000000000425c                in_word
                0x0000000000004288                out_word
                0x00000000000042aa                in_long
                0x00000000000042d3                out_long
                0x00000000000042ec                get_boot_params
                0x0000000000004318                get_kernel_map
                0x000000000000440b                itoa
                0x00000000000044b5                disp_int
                0x00000000000044da                printk
                0x000000000000451e                delay
                0x0000000000004564                sys_reboot
                0x0000000000004576                do_ftime
                0x0000000000004580                do_mknod
                0x000000000000458a                do_break
                0x0000000000004594                do_ustat
                0x000000000000459e                do_ptrace
                0x00000000000045a8                do_stty
                0x00000000000045b2                do_gtty
                0x00000000000045bc                do_rename
                0x00000000000045c6                do_prof
                0x00000000000045d0                do_acct
                0x00000000000045da                do_phys
                0x00000000000045e4                do_lock
                0x00000000000045ee                do_mpx
                0x00000000000045f8                do_ulimit
                0x0000000000004602                do_stime
                0x000000000000460c                do_times
                0x0000000000004616                do_brk
                0x0000000000004620                do_setpgid
                0x000000000000462a                do_getpgrp
                0x0000000000004634                do_setsid
                0x000000000000463e                do_uname
                0x0000000000004675                do_umask
 *fill*         0x000000000000467f        0x1 90909090
 .text          0x0000000000004680     0x5b71 fs/fs.o
                0x0000000000004680                task_fs
                0x000000000000488f                register_filesystem
                0x00000000000049dc                task_lyos_fs
                0x0000000000004ce7                init_fs
                0x0000000000004d88                mount_root
                0x000000000000578f                rw_sector
                0x0000000000005800                read_super_block
                0x0000000000005938                get_super_block
                0x000000000000597f                get_inode
                0x0000000000005afc                put_inode
                0x0000000000005b10                sync_inode
                0x0000000000005c3a                fs_fork
                0x0000000000005cb7                fs_exit
                0x0000000000005d6c                do_open
                0x0000000000006208                do_mkdir
                0x0000000000006292                do_close
                0x0000000000006316                do_lseek
                0x00000000000063d3                do_chdir
                0x0000000000006458                do_chroot
                0x0000000000006a2c                do_mount
                0x0000000000006a36                do_umount
                0x0000000000006a40                do_stat
                0x0000000000006be0                do_rdwt
                0x0000000000006f9c                do_unlink
                0x0000000000007744                disklog
                0x0000000000007d20                dump_fd_graph
                0x0000000000009854                get_buffer
                0x00000000000098c9                find_buffer
                0x000000000000993d                sync_buffer
                0x0000000000009942                do_sync
                0x0000000000009947                free_buffer
                0x000000000000994c                init_buffer
                0x0000000000009a4c                file_open
                0x0000000000009c7f                file_read
                0x0000000000009ca8                file_write
                0x0000000000009cd4                namei
                0x0000000000009d4c                last_dir
                0x0000000000009ec8                find_entry
                0x0000000000009fe5                search_file
                0x000000000000a165                strip_path
 *fill*         0x000000000000a1f1        0xf 90909090
 .text          0x000000000000a200     0x1004 mm/mm.o
                0x000000000000a200                page_fault
                0x000000000000a248                task_mm
                0x000000000000a4ef                get_user_pages
                0x000000000000a5a3                free_user_pages
                0x000000000000a5f5                alloc_mem
                0x000000000000a651                free_mem
                0x000000000000a65c                do_fork
                0x000000000000a98d                do_exit
                0x000000000000ab62                do_wait
                0x000000000000ac20                do_exec
                0x000000000000af3c                wp_page
                0x000000000000af41                no_page
                0x000000000000af48                do_sigaction
                0x000000000000b0a0                do_alarm
                0x000000000000b15c                do_kill
                0x000000000000b1d5                do_raise
 .text          0x000000000000b204     0x3cf5 drivers/drivers.o
                0x000000000000b204                task_fd
                0x000000000000ba8a                fd_handler
                0x000000000000ba9e                do_fd_request
                0x000000000000baa3                init_fd
                0x000000000000bb10                task_hd
                0x000000000000bbef                do_hd_request
                0x000000000000c7ff                hd_handler
                0x000000000000c824                task_rd
                0x000000000000c8c7                do_rd_request
                0x000000000000c9ef                init_rd
                0x000000000000ca41                rd_load_image
                0x000000000000cc1c                add_request
                0x000000000000ccc4                task_scsi
                0x000000000000cd5c                scsi_handler
                0x000000000000cd61                do_scsi_request
                0x000000000000cd66                init_scsi
                0x000000000000cd6c                init_screen
                0x000000000000cefb                out_char
                0x000000000000d20e                is_current_console
                0x000000000000d9f0                select_console
                0x000000000000da27                scroll_screen
                0x000000000000dc50                keyboard_handler
                0x000000000000dcb9                init_keyboard
                0x000000000000dd74                keyboard_read
                0x000000000000e330                task_tty
                0x000000000000e4bd                in_process
                0x000000000000ea0c                sys_printx
                0x000000000000ebb2                dump_tty_buf
                0x000000000000ed14                task_inet
                0x000000000000ed1c                task_pci
                0x000000000000ee08                pci_init
                0x000000000000ee1c                dev_driver_task
 *fill*         0x000000000000eef9        0x3 90909090
 .text          0x000000000000eefc       0x41 lib/libc/misc/syslog.o
                0x000000000000eefc                syslog
 *fill*         0x000000000000ef3d        0x3 90909090
 .text          0x000000000000ef40      0xd29 lib/liblyos.a(libc.o)
                0x000000000000ef40                sendrec
                0x000000000000ef5a                printx
                0x000000000000ef68                reboot
                0x000000000000ef80                memcpy
                0x000000000000efaf                memset
                0x000000000000efd6                strcpy
                0x000000000000efee                strlen
                0x000000000000f008                printf
                0x000000000000f05e                printl
                0x000000000000f10f                vsprintf
                0x000000000000f397                sprintf
                0x000000000000f3c4                open
                0x000000000000f40b                mkdir
                0x000000000000f450                read
                0x000000000000f490                write
                0x000000000000f4d0                close
                0x000000000000f504                unlink
                0x000000000000f548                lseek
                0x000000000000f588                stat
                0x000000000000f5d0                send_recv
                0x000000000000f67c                memcmp
                0x000000000000f6f6                strcmp
                0x000000000000f76d                strcat
                0x000000000000f7cc                spin
                0x000000000000f7e7                assertion_failure
                0x000000000000f830                getpid
                0x000000000000f860                getuid
                0x000000000000f88d                setuid
                0x000000000000f8c8                getgid
                0x000000000000f8f5                setgid
                0x000000000000f930                geteuid
                0x000000000000f95d                getegid
                0x000000000000f98c                fork
                0x000000000000f9bc                exit
                0x000000000000f9ec                wait
                0x000000000000fa30                exec
                0x000000000000fa7f                execl
                0x000000000000faa5                execv
                0x000000000000fbc4                kill
                0x000000000000fbfd                raise
                0x000000000000fc30                uname
 *(.gnu.warning)

.fini
 *(.fini)
                0x000000000000fc69                PROVIDE (__etext, .)
                0x000000000000fc69                PROVIDE (_etext, .)
                0x000000000000fc69                PROVIDE (etext, .)

.rodata         0x000000000000fc6c     0x1835
 *(.rodata .rodata.* .gnu.linkonce.r.*)
 .rodata        0x000000000000fc6c      0x398 kernel/krnl.o
                0x000000000000fe1c                FSBUF_SIZE
                0x000000000000fe20                MMBUF_SIZE
                0x000000000000fe24                LOGBUF_SIZE
                0x000000000000fe28                LOGDISKBUF_SIZE
 .rodata        0x0000000000010004      0xc88 fs/fs.o
 .rodata        0x0000000000010c8c      0x14c mm/mm.o
 .rodata        0x0000000000010dd8      0x664 drivers/drivers.o
 .rodata        0x000000000001143c       0x65 lib/liblyos.a(libc.o)

.rodata1
 *(.rodata1)

.eh_frame_hdr
 *(.eh_frame_hdr)

.eh_frame
 *(.eh_frame)

.gcc_except_table
 *(.gcc_except_table .gcc_except_table.*)
                0x00000000000114a1                . = (ALIGN (0x1000) - ((0x1000 - .) & 0xfff))
                0x00000000000124a1                . = DATA_SEGMENT_ALIGN (0x1000, 0x1000)

.eh_frame
 *(.eh_frame)

.gcc_except_table
 *(.gcc_except_table .gcc_except_table.*)

.tdata
 *(.tdata .tdata.* .gnu.linkonce.td.*)

.tbss
 *(.tbss .tbss.* .gnu.linkonce.tb.*)
 *(.tcommon)

.preinit_array  0x00000000000124a1        0x0
                0x00000000000124a1                PROVIDE (__preinit_array_start, .)
 *(.preinit_array)
                0x00000000000124a1                PROVIDE (__preinit_array_end, .)

.init_array     0x00000000000124a1        0x0
                0x00000000000124a1                PROVIDE (__init_array_start, .)
 *(SORT(.init_array.*))
 *(.init_array)
                0x00000000000124a1                PROVIDE (__init_array_end, .)

.fini_array     0x00000000000124a1        0x0
                0x00000000000124a1                PROVIDE (__fini_array_start, .)
 *(SORT(.fini_array.*))
 *(.fini_array)
                0x00000000000124a1                PROVIDE (__fini_array_end, .)

.ctors
 *crtbegin.o(.ctors)
 *crtbegin?.o(.ctors)
 *(EXCLUDE_FILE(*crtend?.o *crtend.o) .ctors)
 *(SORT(.ctors.*))
 *(.ctors)

.dtors
 *crtbegin.o(.dtors)
 *crtbegin?.o(.dtors)
 *(EXCLUDE_FILE(*crtend?.o *crtend.o) .dtors)
 *(SORT(.dtors.*))
 *(.dtors)

.jcr
 *(.jcr)

.data.rel.ro
 *(.data.rel.ro.local* .gnu.linkonce.d.rel.ro.local.*)
 *(.data.rel.ro* .gnu.linkonce.d.rel.ro.*)

.dynamic
 *(.dynamic)

.got
 *(.got)
 *(.igot)
                0x00000000000124a1                . = DATA_SEGMENT_RELRO_END (., 0xc)

.got.plt        0x00000000000124a4        0x0
 *(.got.plt)
 *(.igot.plt)
 .igot.plt      0x0000000000000000        0x0 kernel/krnl.o

.data           0x00000000000124c0      0xa44
 *(.data .data.* .gnu.linkonce.d.*)
 .data          0x00000000000124c0      0x318 kernel/krnl.o
                0x00000000000124e0                ROOT_DEV
                0x0000000000012500                task_table
                0x00000000000126c0                user_proc_table
                0x0000000000012760                sys_call_table
                0x0000000000012780                thisname
                0x00000000000127ad                dd_map
                0x00000000000127c8                fsbuf
                0x00000000000127cc                mmbuf
                0x00000000000127d0                logbuf
                0x00000000000127d4                logdiskbuf
 .data          0x00000000000127d8        0x5 fs/fs.o
                0x00000000000127d8                dot1
                0x00000000000127da                dot2
 *fill*         0x00000000000127dd        0x3 00
 .data          0x00000000000127e0        0x0 mm/mm.o
 .data          0x00000000000127e0      0x724 drivers/drivers.o
                0x00000000000128c0                floppy_buffer
                0x00000000000128c4                hd_driver
                0x00000000000128e0                keymap
 .data          0x0000000000012f04        0x0 lib/libc/misc/syslog.o
 .data          0x0000000000012f04        0x0 lib/liblyos.a(libc.o)

.data1
 *(.data1)
                0x0000000000012f04                _edata = .
                0x0000000000012f04                PROVIDE (edata, .)
                0x0000000000012f04                __bss_start = .

.bss            0x0000000000012f20    0x49ce4
 *(.dynbss)
 *(.bss .bss.* .gnu.linkonce.b.*)
 .bss           0x0000000000012f20      0x800 kernel/krnl.o
 .bss           0x0000000000013720      0x208 fs/fs.o
 .bss           0x0000000000013928        0xc mm/mm.o
 *fill*         0x0000000000013934        0xc 00
 .bss           0x0000000000013940      0x6f8 drivers/drivers.o
                0x0000000000013fa0                blk_dev_table
 .bss           0x0000000000014038        0x0 lib/libc/misc/syslog.o
 .bss           0x0000000000014038        0x0 lib/liblyos.a(libc.o)
 *(COMMON)
 *fill*         0x0000000000014038        0x8 00
 COMMON         0x0000000000014040    0x48b98 kernel/krnl.o
                0x0000000000014040                rd_length
                0x0000000000014044                idt_ptr
                0x0000000000014060                inode_table
                0x0000000000014b60                task_stack
                0x0000000000050b60                errno
                0x0000000000050b64                mem_start
                0x0000000000050b68                k_reenter
                0x0000000000050b6c                buffer_base
                0x0000000000050b80                gdt
                0x0000000000050f80                current_console
                0x0000000000050f84                pcaller
                0x0000000000050fa0                tty_table
                0x0000000000051c74                buffer_length
                0x0000000000051c80                tss
                0x0000000000051d00                fs_msg
                0x0000000000051d30                memory_size
                0x0000000000051d40                f_desc_table
                0x0000000000052240                root_inode
                0x0000000000052244                current
                0x0000000000052248                disp_pos
                0x0000000000052260                mm_msg
                0x0000000000052290                key_pressed
                0x00000000000522a0                buffer_table
                0x00000000000536b4                gdt_ptr
                0x00000000000536bc                kernel_addr
                0x00000000000536c0                jiffies
                0x00000000000536e0                idt
                0x0000000000053ee0                super_block
                0x00000000000540c0                console_table
                0x0000000000054140                rd_base
                0x0000000000054160                irq_table
                0x00000000000541a0                file_systems
                0x00000000000541c0                proc_table
                0x000000000005cbd4                nr_buffer
 COMMON         0x000000000005cbd8       0x10 fs/fs.o
                0x000000000005cbd8                PARTITION_ENTRY
 COMMON         0x000000000005cbe8       0x1c drivers/drivers.o
                0x000000000005cbe8                reply
                0x000000000005cbef                selected
                0x000000000005cbf0                motor
                0x000000000005cbf4                drive_type
                0x000000000005cc04                . = ALIGN ((. != 0x0)?0x4:0x1)
                0x000000000005cc04                . = ALIGN (0x4)
                0x000000000005cc04                . = ALIGN (0x4)
                0x000000000005cc04                _end = .
                0x000000000005cc04                PROVIDE (end, .)
                0x000000000005cc04                . = DATA_SEGMENT_END (.)

.stab
 *(.stab)

.stabstr
 *(.stabstr)

.stab.excl
 *(.stab.excl)

.stab.exclstr
 *(.stab.exclstr)

.stab.index
 *(.stab.index)

.stab.indexstr
 *(.stab.indexstr)

.comment        0x0000000000000000      0x66f
 *(.comment)
 .comment       0x0000000000000000      0x20b kernel/krnl.o
 .comment       0x000000000000020b       0x2a fs/fs.o
                                        0x1ae (size before relaxing)
 .comment       0x0000000000000235       0xf6 mm/mm.o
 .comment       0x0000000000000000      0x1d9 drivers/drivers.o
 .comment       0x0000000000000000       0x2b lib/libc/misc/syslog.o
 .comment       0x000000000000032b      0x344 lib/liblyos.a(libc.o)

.debug
 *(.debug)

.line
 *(.line)

.debug_srcinfo
 *(.debug_srcinfo)

.debug_sfnames
 *(.debug_sfnames)

.debug_aranges
 *(.debug_aranges)

.debug_pubnames
 *(.debug_pubnames)

.debug_info
 *(.debug_info .gnu.linkonce.wi.*)

.debug_abbrev
 *(.debug_abbrev)

.debug_line
 *(.debug_line)

.debug_frame
 *(.debug_frame)

.debug_str
 *(.debug_str)

.debug_loc
 *(.debug_loc)

.debug_macinfo
 *(.debug_macinfo)

.debug_weaknames
 *(.debug_weaknames)

.debug_funcnames
 *(.debug_funcnames)

.debug_typenames
 *(.debug_typenames)

.debug_varnames
 *(.debug_varnames)

.debug_pubtypes
 *(.debug_pubtypes)

.debug_ranges
 *(.debug_ranges)

.gnu.attributes
 *(.gnu.attributes)

/DISCARD/
 *(.note.GNU-stack)
 *(.gnu_debuglink)
 *(.gnu.lto_*)
OUTPUT(kernel.bin elf32-i386)
