Archive member included because of file (symbol)

lib/lyoscrt.a(x86_lib.o)      kernel/krnl.o (strcpy)
lib/lyoscrt.a(printf.o)       kernel/krnl.o (printf)
lib/lyoscrt.a(vsprintf.o)     kernel/krnl.o (vsprintf)
lib/lyoscrt.a(misc.o)         kernel/krnl.o (send_recv)
lib/lyoscrt.a(open.o)         kernel/krnl.o (open)
lib/lyoscrt.a(read.o)         kernel/krnl.o (read)
lib/lyoscrt.a(write.o)        kernel/krnl.o (write)
lib/lyoscrt.a(close.o)        kernel/krnl.o (close)
lib/lyoscrt.a(lseek.o)        kernel/krnl.o (lseek)
lib/lyoscrt.a(getpid.o)       fs/fs.o (getpid)
lib/lyoscrt.a(stat.o)         mm/mm.o (stat)
lib/lyoscrt.a(fork.o)         kernel/krnl.o (fork)
lib/lyoscrt.a(wait.o)         kernel/krnl.o (wait)
lib/lyoscrt.a(exec.o)         kernel/krnl.o (execv)
lib/lyoscrt.a(uname.o)        kernel/krnl.o (uname)

Allocating common symbols
Common symbol       size              file

rd_length           0x4               kernel/krnl.o
idt_ptr             0x6               kernel/krnl.o
inode_table         0xb00             kernel/krnl.o
task_stack          0x3c000           kernel/krnl.o
errno               0x4               kernel/krnl.o
mem_start           0x4               kernel/krnl.o
k_reenter           0x4               kernel/krnl.o
buffer_base         0x4               kernel/krnl.o
gdt                 0x400             kernel/krnl.o
current_console     0x4               kernel/krnl.o
pcaller             0x4               kernel/krnl.o
tty_table           0xcd2             kernel/krnl.o
buffer_length       0x4               kernel/krnl.o
tss                 0x68              kernel/krnl.o
fs_msg              0x30              kernel/krnl.o
reply               0x7               drivers/drivers.o
memory_size         0x4               kernel/krnl.o
f_desc_table        0x500             kernel/krnl.o
root_inode          0x4               kernel/krnl.o
current             0x4               kernel/krnl.o
selected            0x1               drivers/drivers.o
disp_pos            0x4               kernel/krnl.o
mm_msg              0x30              kernel/krnl.o
key_pressed         0x4               kernel/krnl.o
buffer_table        0x1414            kernel/krnl.o
gdt_ptr             0x6               kernel/krnl.o
kernel_addr         0x4               kernel/krnl.o
jiffies             0x4               kernel/krnl.o
idt                 0x800             kernel/krnl.o
super_block         0x1e0             kernel/krnl.o
PARTITION_ENTRY     0x10              fs/fs.o
motor               0x4               drivers/drivers.o
console_table       0x7e              kernel/krnl.o
rd_base             0x4               kernel/krnl.o
irq_table           0x40              kernel/krnl.o
drive_type          0x10              drivers/drivers.o
file_systems        0x4               kernel/krnl.o
proc_table          0x8a12            kernel/krnl.o
nr_buffer           0x4               kernel/krnl.o

Discarded input sections

 .note.GNU-stack
                0x0000000000000000        0x0 kernel/krnl.o
 .note.GNU-stack
                0x0000000000000000        0x0 fs/fs.o
 .note.GNU-stack
                0x0000000000000000        0x0 mm/mm.o
 .note.GNU-stack
                0x0000000000000000        0x0 drivers/drivers.o
 .note.GNU-stack
                0x0000000000000000        0x0 lib/syslog.o
 .note.GNU-stack
                0x0000000000000000        0x0 lib/lyoscrt.a(printf.o)
 .note.GNU-stack
                0x0000000000000000        0x0 lib/lyoscrt.a(vsprintf.o)
 .note.GNU-stack
                0x0000000000000000        0x0 lib/lyoscrt.a(misc.o)
 .note.GNU-stack
                0x0000000000000000        0x0 lib/lyoscrt.a(open.o)
 .note.GNU-stack
                0x0000000000000000        0x0 lib/lyoscrt.a(read.o)
 .note.GNU-stack
                0x0000000000000000        0x0 lib/lyoscrt.a(write.o)
 .note.GNU-stack
                0x0000000000000000        0x0 lib/lyoscrt.a(close.o)
 .note.GNU-stack
                0x0000000000000000        0x0 lib/lyoscrt.a(lseek.o)
 .note.GNU-stack
                0x0000000000000000        0x0 lib/lyoscrt.a(getpid.o)
 .note.GNU-stack
                0x0000000000000000        0x0 lib/lyoscrt.a(stat.o)
 .note.GNU-stack
                0x0000000000000000        0x0 lib/lyoscrt.a(fork.o)
 .note.GNU-stack
                0x0000000000000000        0x0 lib/lyoscrt.a(wait.o)
 .note.GNU-stack
                0x0000000000000000        0x0 lib/lyoscrt.a(exec.o)
 .note.GNU-stack
                0x0000000000000000        0x0 lib/lyoscrt.a(uname.o)

Memory Configuration

Name             Origin             Length             Attributes
*default*        0x0000000000000000 0xffffffffffffffff

Linker script and memory map

Address of section .text set to 0x1000
LOAD kernel/krnl.o
LOAD fs/fs.o
LOAD mm/mm.o
LOAD drivers/drivers.o
LOAD lib/syslog.o
LOAD lib/lyoscrt.a
                0x0000000008048000                PROVIDE (__executable_start, 0x8048000)
                0x0000000008048094                . = (0x8048000 + SIZEOF_HEADERS)

.interp
 *(.interp)

.note.gnu.build-id
 *(.note.gnu.build-id)

.hash
 *(.hash)

.gnu.hash
 *(.gnu.hash)

.dynsym
 *(.dynsym)

.dynstr
 *(.dynstr)

.gnu.version
 *(.gnu.version)

.gnu.version_d
 *(.gnu.version_d)

.gnu.version_r
 *(.gnu.version_r)

.rel.dyn        0x0000000008048094        0x0
 *(.rel.init)
 *(.rel.text .rel.text.* .rel.gnu.linkonce.t.*)
 .rel.text      0x0000000000000000        0x0 kernel/krnl.o
 *(.rel.fini)
 *(.rel.rodata .rel.rodata.* .rel.gnu.linkonce.r.*)
 *(.rel.data.rel.ro* .rel.gnu.linkonce.d.rel.ro.*)
 *(.rel.data .rel.data.* .rel.gnu.linkonce.d.*)
 .rel.data      0x0000000000000000        0x0 kernel/krnl.o
 *(.rel.tdata .rel.tdata.* .rel.gnu.linkonce.td.*)
 *(.rel.tbss .rel.tbss.* .rel.gnu.linkonce.tb.*)
 *(.rel.ctors)
 *(.rel.dtors)
 *(.rel.got)
 *(.rel.bss .rel.bss.* .rel.gnu.linkonce.b.*)
 *(.rel.ifunc)

.rel.plt        0x0000000008048094        0x0
 *(.rel.plt)
                0x0000000008048094                PROVIDE (__rel_iplt_start, .)
 *(.rel.iplt)
 .rel.iplt      0x0000000000000000        0x0 kernel/krnl.o
                0x0000000008048094                PROVIDE (__rel_iplt_end, .)

.init
 *(.init)

.plt            0x0000000008048094        0x0
 *(.plt)
 *(.iplt)
 .iplt          0x0000000000000000        0x0 kernel/krnl.o

.text           0x0000000000001000    0x106c1
 *(.text.unlikely .text.*_unlikely)
 *(.text.exit .text.exit.*)
 *(.text.startup .text.startup.*)
 *(.text.hot .text.hot.*)
 *(.text .stub .text.* .gnu.linkonce.t.*)
 .text          0x0000000000001000     0x4557 kernel/krnl.o
                0x0000000000001000                _start
                0x0000000000001040                hwint00
                0x0000000000001070                hwint01
                0x00000000000010a0                hwint02
                0x00000000000010d0                hwint03
                0x0000000000001100                hwint04
                0x0000000000001130                hwint05
                0x0000000000001160                hwint06
                0x0000000000001190                hwint07
                0x00000000000011c0                hwint08
                0x00000000000011f0                hwint09
                0x0000000000001220                hwint10
                0x0000000000001250                hwint11
                0x0000000000001280                hwint12
                0x00000000000012b0                hwint13
                0x00000000000012e0                hwint14
                0x0000000000001310                hwint15
                0x0000000000001337                divide_error
                0x0000000000001346                single_step_exception
                0x0000000000001355                nmi
                0x0000000000001364                breakpoint_exception
                0x0000000000001373                overflow
                0x0000000000001382                bounds_check
                0x0000000000001391                inval_opcode
                0x00000000000013a0                copr_not_available
                0x00000000000013af                double_fault
                0x00000000000013b9                copr_seg_overrun
                0x00000000000013c8                inval_tss
                0x00000000000013d2                segment_not_present
                0x00000000000013dc                stack_exception
                0x00000000000013e6                general_protection
                0x00000000000013f0                copr_error
                0x0000000000001448                sys_call
                0x000000000000146b                restart
                0x00000000000014a0                disp_str
                0x00000000000014e7                disp_color_str
                0x000000000000152f                out_byte
                0x000000000000153b                in_byte
                0x0000000000001545                port_read
                0x0000000000001558                port_write
                0x000000000000156b                disable_irq
                0x00000000000015a0                enable_irq
                0x00000000000015bf                disable_int
                0x00000000000015c1                enable_int
                0x00000000000015c3                glitter
                0x0000000000001664                hard_reboot
                0x0000000000001670                cstart
                0x00000000000016f4                kernel_main
                0x0000000000001a52                get_ticks
                0x0000000000001a8a                untar
                0x0000000000001d60                shell
                0x0000000000001f60                Init
                0x00000000000020ca                TestA
                0x00000000000020cf                TestB
                0x00000000000020d4                TestC
                0x00000000000020d9                panic
                0x0000000000002124                clock_handler
                0x000000000000219e                milli_delay
                0x00000000000021d9                init_clock
                0x0000000000002240                init_8259A
                0x0000000000002331                spurious_irq
                0x000000000000235c                put_irq_handler
                0x000000000000237c                init_prot
                0x00000000000029d7                seg2linear
                0x0000000000002a26                init_desc
                0x0000000000002a92                exception_handler
                0x0000000000003328                schedule
                0x0000000000003409                do_setuid
                0x0000000000003425                do_getuid
                0x0000000000003439                do_setgid
                0x0000000000003455                do_getgid
                0x0000000000003469                do_geteuid
                0x000000000000347d                do_getegid
                0x0000000000003491                do_nice
                0x00000000000034d3                sys_sendrec
                0x0000000000003631                ldt_seg_linear
                0x0000000000003675                va2la
                0x00000000000036e2                reset_msg
                0x0000000000004713                inform_int
                0x00000000000048bf                dumproc
                0x0000000000004c27                dump_msg
                0x0000000000004d70                task_sys
                0x0000000000005090                in_word
                0x00000000000050bc                out_word
                0x00000000000050de                in_long
                0x0000000000005107                out_long
                0x0000000000005120                get_boot_params
                0x00000000000051c2                get_kernel_map
                0x00000000000052e3                itoa
                0x000000000000538d                disp_int
                0x00000000000053b2                printk
                0x00000000000053f6                delay
                0x000000000000543c                sys_reboot
                0x000000000000544e                do_ftime
                0x0000000000005458                do_mknod
                0x0000000000005462                do_break
                0x000000000000546c                do_ustat
                0x0000000000005476                do_ptrace
                0x0000000000005480                do_stty
                0x000000000000548a                do_gtty
                0x0000000000005494                do_rename
                0x000000000000549e                do_prof
                0x00000000000054a8                do_acct
                0x00000000000054b2                do_phys
                0x00000000000054bc                do_lock
                0x00000000000054c6                do_mpx
                0x00000000000054d0                do_ulimit
                0x00000000000054da                do_stime
                0x00000000000054e4                do_times
                0x00000000000054ee                do_brk
                0x00000000000054f8                do_setpgid
                0x0000000000005502                do_getpgrp
                0x000000000000550c                do_setsid
                0x0000000000005516                do_uname
                0x000000000000554d                do_umask
 *fill*         0x0000000000005557        0x1 90909090
 .text          0x0000000000005558     0x628b fs/fs.o
                0x0000000000005558                task_fs
                0x0000000000005753                register_filesystem
                0x00000000000057d4                task_lyos_fs
                0x0000000000005b66                init_fs
                0x0000000000005c07                mount_root
                0x000000000000671d                rw_sector
                0x00000000000067c9                read_super_block
                0x000000000000693c                get_super_block
                0x0000000000006983                get_inode
                0x0000000000006b00                put_inode
                0x0000000000006b45                sync_inode
                0x0000000000006c6f                fs_fork
                0x0000000000006cec                fs_exit
                0x0000000000006da0                do_open
                0x00000000000073a2                do_mkdir
                0x000000000000742c                do_close
                0x00000000000074b0                do_lseek
                0x000000000000756d                do_chdir
                0x00000000000075f2                do_chroot
                0x0000000000007bf0                do_mount
                0x0000000000007bfa                do_umount
                0x0000000000007c04                do_stat
                0x0000000000007df8                do_rdwt
                0x0000000000008358                do_unlink
                0x0000000000008cac                disklog
                0x000000000000932e                dump_fd_graph
                0x000000000000aef0                get_buffer
                0x000000000000af65                find_buffer
                0x000000000000afd9                sync_buffer
                0x000000000000afde                do_sync
                0x000000000000afe3                free_buffer
                0x000000000000afe8                init_buffer
                0x000000000000b0e8                file_open
                0x000000000000b31b                file_read
                0x000000000000b344                file_write
                0x000000000000b370                namei
                0x000000000000b57f                find_entry
                0x000000000000b69c                search_file
                0x000000000000b723                strip_path
 *fill*         0x000000000000b7e3        0xd 90909090
 .text          0x000000000000b7f0     0x11b4 mm/mm.o
                0x000000000000b7f0                page_fault
                0x000000000000b838                task_mm
                0x000000000000bb0c                get_user_pages
                0x000000000000bbc0                free_user_pages
                0x000000000000bc12                alloc_mem
                0x000000000000bc98                free_mem
                0x000000000000bca4                do_fork
                0x000000000000c09c                do_exit
                0x000000000000c271                do_wait
                0x000000000000c32c                do_exec
                0x000000000000c6dc                wp_page
                0x000000000000c6e1                no_page
                0x000000000000c6e8                do_sigaction
                0x000000000000c840                do_alarm
                0x000000000000c8fc                do_kill
                0x000000000000c975                do_raise
 .text          0x000000000000c9a4     0x3f59 drivers/drivers.o
                0x000000000000c9a4                task_fd
                0x000000000000d22a                fd_handler
                0x000000000000d23e                do_fd_request
                0x000000000000d243                init_fd
                0x000000000000d2b0                task_hd
                0x000000000000d38f                do_hd_request
                0x000000000000e124                hd_handler
                0x000000000000e14c                task_rd
                0x000000000000e1ef                do_rd_request
                0x000000000000e317                init_rd
                0x000000000000e369                rd_load_image
                0x000000000000e544                add_request
                0x000000000000e5ec                task_scsi
                0x000000000000e684                scsi_handler
                0x000000000000e689                do_scsi_request
                0x000000000000e68e                init_scsi
                0x000000000000e694                init_screen
                0x000000000000e823                out_char
                0x000000000000ebab                is_current_console
                0x000000000000f38d                select_console
                0x000000000000f3c4                scroll_screen
                0x000000000000f628                keyboard_handler
                0x000000000000f691                init_keyboard
                0x000000000000f74c                keyboard_read
                0x000000000000fd08                task_tty
                0x000000000000febf                in_process
                0x000000000001040e                sys_printx
                0x00000000000105b4                dump_tty_buf
                0x0000000000010718                task_inet
                0x0000000000010720                task_pci
                0x000000000001080c                pci_init
                0x0000000000010820                dev_driver_task
 *fill*         0x00000000000108fd        0x3 90909090
 .text          0x0000000000010900       0x78 lib/syslog.o
                0x0000000000010900                syslog
 *fill*         0x0000000000010978        0x8 90909090
 .text          0x0000000000010980       0xc7 lib/lyoscrt.a(x86_lib.o)
                0x0000000000010980                sendrec
                0x000000000001099a                printx
                0x00000000000109a8                reboot
                0x00000000000109c0                memcpy
                0x00000000000109ef                memset
                0x0000000000010a16                strcpy
                0x0000000000010a2e                strlen
 *fill*         0x0000000000010a47        0x1 90909090
 .text          0x0000000000010a48       0xc6 lib/lyoscrt.a(printf.o)
                0x0000000000010a48                printf
                0x0000000000010aca                printl
 *fill*         0x0000000000010b0e        0x2 90909090
 .text          0x0000000000010b10      0x31d lib/lyoscrt.a(vsprintf.o)
                0x0000000000010b7b                vsprintf
                0x0000000000010e03                sprintf
 *fill*         0x0000000000010e2d        0x3 90909090
 .text          0x0000000000010e30      0x257 lib/lyoscrt.a(misc.o)
                0x0000000000010e30                send_recv
                0x0000000000010f17                memcmp
                0x0000000000010f91                strcmp
                0x0000000000011008                strcat
                0x0000000000011067                spin
                0x0000000000011082                assertion_failure
 *fill*         0x0000000000011087        0x1 90909090
 .text          0x0000000000011088       0xe2 lib/lyoscrt.a(open.o)
                0x0000000000011088                open
                0x00000000000110fb                mkdir
 *fill*         0x000000000001116a        0x2 90909090
 .text          0x000000000001116c       0x3f lib/lyoscrt.a(read.o)
                0x000000000001116c                read
 *fill*         0x00000000000111ab        0x1 90909090
 .text          0x00000000000111ac       0x3f lib/lyoscrt.a(write.o)
                0x00000000000111ac                write
 *fill*         0x00000000000111eb        0x1 90909090
 .text          0x00000000000111ec       0x33 lib/lyoscrt.a(close.o)
                0x00000000000111ec                close
 *fill*         0x000000000001121f        0x1 90909090
 .text          0x0000000000011220       0x3f lib/lyoscrt.a(lseek.o)
                0x0000000000011220                lseek
 *fill*         0x000000000001125f        0x1 90909090
 .text          0x0000000000011260       0x59 lib/lyoscrt.a(getpid.o)
                0x0000000000011260                getpid
 *fill*         0x00000000000112b9        0x3 90909090
 .text          0x00000000000112bc       0x73 lib/lyoscrt.a(stat.o)
                0x00000000000112bc                stat
 *fill*         0x000000000001132f        0x1 90909090
 .text          0x0000000000011330       0x84 lib/lyoscrt.a(fork.o)
                0x0000000000011330                fork
 .text          0x00000000000113b4       0x44 lib/lyoscrt.a(wait.o)
                0x00000000000113b4                wait
 .text          0x00000000000113f8      0x262 lib/lyoscrt.a(exec.o)
                0x00000000000113f8                exec
                0x0000000000011473                execl
                0x0000000000011499                execv
 *fill*         0x000000000001165a        0x2 90909090
 .text          0x000000000001165c       0x65 lib/lyoscrt.a(uname.o)
                0x000000000001165c                uname
 *(.gnu.warning)

.fini
 *(.fini)
                0x00000000000116c1                PROVIDE (__etext, .)
                0x00000000000116c1                PROVIDE (_etext, .)
                0x00000000000116c1                PROVIDE (etext, .)

.rodata         0x00000000000116c4     0x24eb
 *(.rodata .rodata.* .gnu.linkonce.r.*)
 .rodata        0x00000000000116c4      0x83a kernel/krnl.o
                0x00000000000118a4                FSBUF_SIZE
                0x00000000000118a8                MMBUF_SIZE
                0x00000000000118ac                LOGBUF_SIZE
                0x00000000000118b0                LOGDISKBUF_SIZE
 *fill*         0x0000000000011efe        0x2 00
 .rodata        0x0000000000011f00     0x1102 fs/fs.o
 *fill*         0x0000000000013002        0x2 00
 .rodata        0x0000000000013004      0x2b0 mm/mm.o
 .rodata        0x00000000000132b4      0x738 drivers/drivers.o
 .rodata        0x00000000000139ec       0x1e lib/syslog.o
 .rodata        0x0000000000013a0a       0x10 lib/lyoscrt.a(printf.o)
 *fill*         0x0000000000013a1a        0x2 00
 .rodata        0x0000000000013a1c       0x5f lib/lyoscrt.a(misc.o)
 .rodata        0x0000000000013a7b       0x1f lib/lyoscrt.a(open.o)
 .rodata        0x0000000000013a9a       0x21 lib/lyoscrt.a(getpid.o)
 .rodata        0x0000000000013abb       0x1f lib/lyoscrt.a(stat.o)
 .rodata        0x0000000000013ada       0x2f lib/lyoscrt.a(fork.o)
 *fill*         0x0000000000013b09        0x3 00
 .rodata        0x0000000000013b0c       0x83 lib/lyoscrt.a(exec.o)
 .rodata        0x0000000000013b8f       0x20 lib/lyoscrt.a(uname.o)

.rodata1
 *(.rodata1)

.eh_frame_hdr
 *(.eh_frame_hdr)

.eh_frame
 *(.eh_frame)

.gcc_except_table
 *(.gcc_except_table .gcc_except_table.*)
                0x0000000000013baf                . = (ALIGN (0x1000) - ((0x1000 - .) & 0xfff))
                0x0000000000014000                . = DATA_SEGMENT_ALIGN (0x1000, 0x1000)

.eh_frame
 *(.eh_frame)

.gcc_except_table
 *(.gcc_except_table .gcc_except_table.*)

.tdata
 *(.tdata .tdata.* .gnu.linkonce.td.*)

.tbss
 *(.tbss .tbss.* .gnu.linkonce.tb.*)
 *(.tcommon)

.preinit_array  0x0000000000014000        0x0
                0x0000000000014000                PROVIDE (__preinit_array_start, .)
 *(.preinit_array)
                0x0000000000014000                PROVIDE (__preinit_array_end, .)

.init_array     0x0000000000014000        0x0
                0x0000000000014000                PROVIDE (__init_array_start, .)
 *(SORT(.init_array.*))
 *(.init_array)
                0x0000000000014000                PROVIDE (__init_array_end, .)

.fini_array     0x0000000000014000        0x0
                0x0000000000014000                PROVIDE (__fini_array_start, .)
 *(SORT(.fini_array.*))
 *(.fini_array)
                0x0000000000014000                PROVIDE (__fini_array_end, .)

.ctors
 *crtbegin.o(.ctors)
 *crtbegin?.o(.ctors)
 *(EXCLUDE_FILE(*crtend?.o *crtend.o) .ctors)
 *(SORT(.ctors.*))
 *(.ctors)

.dtors
 *crtbegin.o(.dtors)
 *crtbegin?.o(.dtors)
 *(EXCLUDE_FILE(*crtend?.o *crtend.o) .dtors)
 *(SORT(.dtors.*))
 *(.dtors)

.jcr
 *(.jcr)

.data.rel.ro
 *(.data.rel.ro.local* .gnu.linkonce.d.rel.ro.local.*)
 *(.data.rel.ro* .gnu.linkonce.d.rel.ro.*)

.dynamic
 *(.dynamic)

.got
 *(.got)
 *(.igot)
                0x0000000000014000                . = DATA_SEGMENT_RELRO_END (., 0xc)

.got.plt        0x0000000000014000        0x0
 *(.got.plt)
 *(.igot.plt)
 .igot.plt      0x0000000000000000        0x0 kernel/krnl.o

.data           0x0000000000014000      0xa44
 *(.data .data.* .gnu.linkonce.d.*)
 .data          0x0000000000014000      0x318 kernel/krnl.o
                0x0000000000014020                ROOT_DEV
                0x0000000000014040                task_table
                0x0000000000014200                user_proc_table
                0x00000000000142a0                sys_call_table
                0x00000000000142c0                thisname
                0x00000000000142ed                dd_map
                0x0000000000014308                fsbuf
                0x000000000001430c                mmbuf
                0x0000000000014310                logbuf
                0x0000000000014314                logdiskbuf
 .data          0x0000000000014318        0x5 fs/fs.o
                0x0000000000014318                dot1
                0x000000000001431a                dot2
 *fill*         0x000000000001431d        0x3 00
 .data          0x0000000000014320        0x0 mm/mm.o
 .data          0x0000000000014320      0x724 drivers/drivers.o
                0x0000000000014400                floppy_buffer
                0x0000000000014404                hd_driver
                0x0000000000014420                keymap
 .data          0x0000000000014a44        0x0 lib/syslog.o
 .data          0x0000000000014a44        0x0 lib/lyoscrt.a(printf.o)
 .data          0x0000000000014a44        0x0 lib/lyoscrt.a(vsprintf.o)
 .data          0x0000000000014a44        0x0 lib/lyoscrt.a(misc.o)
 .data          0x0000000000014a44        0x0 lib/lyoscrt.a(open.o)
 .data          0x0000000000014a44        0x0 lib/lyoscrt.a(read.o)
 .data          0x0000000000014a44        0x0 lib/lyoscrt.a(write.o)
 .data          0x0000000000014a44        0x0 lib/lyoscrt.a(close.o)
 .data          0x0000000000014a44        0x0 lib/lyoscrt.a(lseek.o)
 .data          0x0000000000014a44        0x0 lib/lyoscrt.a(getpid.o)
 .data          0x0000000000014a44        0x0 lib/lyoscrt.a(stat.o)
 .data          0x0000000000014a44        0x0 lib/lyoscrt.a(fork.o)
 .data          0x0000000000014a44        0x0 lib/lyoscrt.a(wait.o)
 .data          0x0000000000014a44        0x0 lib/lyoscrt.a(exec.o)
 .data          0x0000000000014a44        0x0 lib/lyoscrt.a(uname.o)

.data1
 *(.data1)
                0x0000000000014a44                _edata = .
                0x0000000000014a44                PROVIDE (edata, .)
                0x0000000000014a44                __bss_start = .

.bss            0x0000000000014a60    0x49ce4
 *(.dynbss)
 *(.bss .bss.* .gnu.linkonce.b.*)
 .bss           0x0000000000014a60      0x800 kernel/krnl.o
 .bss           0x0000000000015260      0x208 fs/fs.o
 .bss           0x0000000000015468        0xc mm/mm.o
 *fill*         0x0000000000015474        0xc 00
 .bss           0x0000000000015480      0x6f8 drivers/drivers.o
                0x0000000000015ae0                blk_dev_table
 .bss           0x0000000000015b78        0x0 lib/syslog.o
 .bss           0x0000000000015b78        0x0 lib/lyoscrt.a(printf.o)
 .bss           0x0000000000015b78        0x0 lib/lyoscrt.a(vsprintf.o)
 .bss           0x0000000000015b78        0x0 lib/lyoscrt.a(misc.o)
 .bss           0x0000000000015b78        0x0 lib/lyoscrt.a(open.o)
 .bss           0x0000000000015b78        0x0 lib/lyoscrt.a(read.o)
 .bss           0x0000000000015b78        0x0 lib/lyoscrt.a(write.o)
 .bss           0x0000000000015b78        0x0 lib/lyoscrt.a(close.o)
 .bss           0x0000000000015b78        0x0 lib/lyoscrt.a(lseek.o)
 .bss           0x0000000000015b78        0x0 lib/lyoscrt.a(getpid.o)
 .bss           0x0000000000015b78        0x0 lib/lyoscrt.a(stat.o)
 .bss           0x0000000000015b78        0x0 lib/lyoscrt.a(fork.o)
 .bss           0x0000000000015b78        0x0 lib/lyoscrt.a(wait.o)
 .bss           0x0000000000015b78        0x0 lib/lyoscrt.a(exec.o)
 .bss           0x0000000000015b78        0x0 lib/lyoscrt.a(uname.o)
 *(COMMON)
 *fill*         0x0000000000015b78        0x8 00
 COMMON         0x0000000000015b80    0x48b98 kernel/krnl.o
                0x0000000000015b80                rd_length
                0x0000000000015b84                idt_ptr
                0x0000000000015ba0                inode_table
                0x00000000000166a0                task_stack
                0x00000000000526a0                errno
                0x00000000000526a4                mem_start
                0x00000000000526a8                k_reenter
                0x00000000000526ac                buffer_base
                0x00000000000526c0                gdt
                0x0000000000052ac0                current_console
                0x0000000000052ac4                pcaller
                0x0000000000052ae0                tty_table
                0x00000000000537b4                buffer_length
                0x00000000000537c0                tss
                0x0000000000053840                fs_msg
                0x0000000000053870                memory_size
                0x0000000000053880                f_desc_table
                0x0000000000053d80                root_inode
                0x0000000000053d84                current
                0x0000000000053d88                disp_pos
                0x0000000000053da0                mm_msg
                0x0000000000053dd0                key_pressed
                0x0000000000053de0                buffer_table
                0x00000000000551f4                gdt_ptr
                0x00000000000551fc                kernel_addr
                0x0000000000055200                jiffies
                0x0000000000055220                idt
                0x0000000000055a20                super_block
                0x0000000000055c00                console_table
                0x0000000000055c80                rd_base
                0x0000000000055ca0                irq_table
                0x0000000000055ce0                file_systems
                0x0000000000055d00                proc_table
                0x000000000005e714                nr_buffer
 COMMON         0x000000000005e718       0x10 fs/fs.o
                0x000000000005e718                PARTITION_ENTRY
 COMMON         0x000000000005e728       0x1c drivers/drivers.o
                0x000000000005e728                reply
                0x000000000005e72f                selected
                0x000000000005e730                motor
                0x000000000005e734                drive_type
                0x000000000005e744                . = ALIGN ((. != 0x0)?0x4:0x1)
                0x000000000005e744                . = ALIGN (0x4)
                0x000000000005e744                . = ALIGN (0x4)
                0x000000000005e744                _end = .
                0x000000000005e744                PROVIDE (end, .)
                0x000000000005e744                . = DATA_SEGMENT_END (.)

.stab
 *(.stab)

.stabstr
 *(.stabstr)

.stab.excl
 *(.stab.excl)

.stab.exclstr
 *(.stab.exclstr)

.stab.index
 *(.stab.index)

.stab.indexstr
 *(.stab.indexstr)

.comment        0x0000000000000000      0x369
 *(.comment)
 .comment       0x0000000000000000      0x20b kernel/krnl.o
 .comment       0x000000000000020b       0x2a fs/fs.o
                                        0x1ae (size before relaxing)
 .comment       0x0000000000000235       0xf6 mm/mm.o
 .comment       0x0000000000000000      0x1d9 drivers/drivers.o
 .comment       0x0000000000000000       0x2b lib/syslog.o
 .comment       0x000000000000032b       0x3e lib/lyoscrt.a(x86_lib.o)
 .comment       0x0000000000000000       0x2b lib/lyoscrt.a(printf.o)
 .comment       0x0000000000000000       0x2b lib/lyoscrt.a(vsprintf.o)
 .comment       0x0000000000000000       0x2b lib/lyoscrt.a(misc.o)
 .comment       0x0000000000000000       0x2b lib/lyoscrt.a(open.o)
 .comment       0x0000000000000000       0x2b lib/lyoscrt.a(read.o)
 .comment       0x0000000000000000       0x2b lib/lyoscrt.a(write.o)
 .comment       0x0000000000000000       0x2b lib/lyoscrt.a(close.o)
 .comment       0x0000000000000000       0x2b lib/lyoscrt.a(lseek.o)
 .comment       0x0000000000000000       0x2b lib/lyoscrt.a(getpid.o)
 .comment       0x0000000000000000       0x2b lib/lyoscrt.a(stat.o)
 .comment       0x0000000000000000       0x2b lib/lyoscrt.a(fork.o)
 .comment       0x0000000000000000       0x2b lib/lyoscrt.a(wait.o)
 .comment       0x0000000000000000       0x2b lib/lyoscrt.a(exec.o)
 .comment       0x0000000000000000       0x2b lib/lyoscrt.a(uname.o)

.debug
 *(.debug)

.line
 *(.line)

.debug_srcinfo
 *(.debug_srcinfo)

.debug_sfnames
 *(.debug_sfnames)

.debug_aranges
 *(.debug_aranges)

.debug_pubnames
 *(.debug_pubnames)

.debug_info
 *(.debug_info .gnu.linkonce.wi.*)

.debug_abbrev
 *(.debug_abbrev)

.debug_line
 *(.debug_line)

.debug_frame
 *(.debug_frame)

.debug_str
 *(.debug_str)

.debug_loc
 *(.debug_loc)

.debug_macinfo
 *(.debug_macinfo)

.debug_weaknames
 *(.debug_weaknames)

.debug_funcnames
 *(.debug_funcnames)

.debug_typenames
 *(.debug_typenames)

.debug_varnames
 *(.debug_varnames)

.debug_pubtypes
 *(.debug_pubtypes)

.debug_ranges
 *(.debug_ranges)

.gnu.attributes
 *(.gnu.attributes)

/DISCARD/
 *(.note.GNU-stack)
 *(.gnu_debuglink)
 *(.gnu.lto_*)
OUTPUT(kernel.bin elf32-i386)
