Archive member included because of file (symbol)

lib/liblyos.a(x86_lib.o)      kernel/krnl.o (strcpy)
lib/liblyos.a(io.o)           kernel/krnl.o (lseek)
lib/liblyos.a(malloc.o)       fs/fs.o (malloc)
lib/liblyos.a(misc.o)         drivers/drivers.o (spin)
lib/liblyos.a(posix.o)        fs/fs.o (getpid)
lib/liblyos.a(stdio.o)        kernel/krnl.o (printf)
lib/liblyos.a(string.o)       kernel/krnl.o (memcmp)
lib/liblyos.a(assert.o)       lib/liblyos.a(malloc.o) (assertion_failure)

Allocating common symbols
Common symbol       size              file

rd_length           0x4               kernel/krnl.o
idt_ptr             0x6               kernel/krnl.o
inode_table         0xb00             kernel/krnl.o
task_stack          0x3c000           kernel/krnl.o
errno               0x4               kernel/krnl.o
mem_start           0x4               kernel/krnl.o
k_reenter           0x4               kernel/krnl.o
buffer_base         0x4               kernel/krnl.o
gdt                 0x400             kernel/krnl.o
current_console     0x4               kernel/krnl.o
pcaller             0x4               kernel/krnl.o
tty_table           0xcd2             kernel/krnl.o
buffer_length       0x4               kernel/krnl.o
tss                 0x68              kernel/krnl.o
fs_msg              0x30              kernel/krnl.o
reply               0x7               drivers/drivers.o
memory_size         0x4               kernel/krnl.o
f_desc_table        0x500             kernel/krnl.o
root_inode          0x4               kernel/krnl.o
current             0x4               kernel/krnl.o
selected            0x1               drivers/drivers.o
disp_pos            0x4               kernel/krnl.o
mm_msg              0x30              kernel/krnl.o
key_pressed         0x4               kernel/krnl.o
buffer_table        0x1414            kernel/krnl.o
gdt_ptr             0x6               kernel/krnl.o
kernel_addr         0x4               kernel/krnl.o
jiffies             0x4               kernel/krnl.o
idt                 0x800             kernel/krnl.o
super_block         0x1e0             kernel/krnl.o
PARTITION_ENTRY     0x10              fs/fs.o
motor               0x4               drivers/drivers.o
console_table       0x7e              kernel/krnl.o
rd_base             0x4               kernel/krnl.o
irq_table           0x40              kernel/krnl.o
drive_type          0x10              drivers/drivers.o
file_systems        0x4               kernel/krnl.o
proc_table          0x8a12            kernel/krnl.o
nr_buffer           0x4               kernel/krnl.o

Discarded input sections

 .note.GNU-stack
                0x0000000000000000        0x0 kernel/krnl.o
 .note.GNU-stack
                0x0000000000000000        0x0 fs/fs.o
 .note.GNU-stack
                0x0000000000000000        0x0 mm/mm.o
 .note.GNU-stack
                0x0000000000000000        0x0 drivers/drivers.o
 .note.GNU-stack
                0x0000000000000000        0x0 lib/misc/syslog.o
 .note.GNU-stack
                0x0000000000000000        0x0 lib/liblyos.a(io.o)
 .note.GNU-stack
                0x0000000000000000        0x0 lib/liblyos.a(malloc.o)
 .note.GNU-stack
                0x0000000000000000        0x0 lib/liblyos.a(misc.o)
 .note.GNU-stack
                0x0000000000000000        0x0 lib/liblyos.a(posix.o)
 .note.GNU-stack
                0x0000000000000000        0x0 lib/liblyos.a(stdio.o)
 .note.GNU-stack
                0x0000000000000000        0x0 lib/liblyos.a(string.o)
 .note.GNU-stack
                0x0000000000000000        0x0 lib/liblyos.a(assert.o)

Memory Configuration

Name             Origin             Length             Attributes
*default*        0x0000000000000000 0xffffffffffffffff

Linker script and memory map

Address of section .text set to 0x1000
LOAD kernel/krnl.o
LOAD fs/fs.o
LOAD mm/mm.o
LOAD drivers/drivers.o
LOAD lib/misc/syslog.o
LOAD lib/liblyos.a
                0x0000000008048000                PROVIDE (__executable_start, 0x8048000)
                0x0000000008048094                . = (0x8048000 + SIZEOF_HEADERS)

.interp
 *(.interp)

.note.gnu.build-id
 *(.note.gnu.build-id)

.hash
 *(.hash)

.gnu.hash
 *(.gnu.hash)

.dynsym
 *(.dynsym)

.dynstr
 *(.dynstr)

.gnu.version
 *(.gnu.version)

.gnu.version_d
 *(.gnu.version_d)

.gnu.version_r
 *(.gnu.version_r)

.rel.dyn        0x0000000008048094        0x0
 *(.rel.init)
 *(.rel.text .rel.text.* .rel.gnu.linkonce.t.*)
 .rel.text      0x0000000000000000        0x0 kernel/krnl.o
 *(.rel.fini)
 *(.rel.rodata .rel.rodata.* .rel.gnu.linkonce.r.*)
 *(.rel.data.rel.ro* .rel.gnu.linkonce.d.rel.ro.*)
 *(.rel.data .rel.data.* .rel.gnu.linkonce.d.*)
 .rel.data      0x0000000000000000        0x0 kernel/krnl.o
 *(.rel.tdata .rel.tdata.* .rel.gnu.linkonce.td.*)
 *(.rel.tbss .rel.tbss.* .rel.gnu.linkonce.tb.*)
 *(.rel.ctors)
 *(.rel.dtors)
 *(.rel.got)
 *(.rel.bss .rel.bss.* .rel.gnu.linkonce.b.*)
 *(.rel.ifunc)

.rel.plt        0x0000000008048094        0x0
 *(.rel.plt)
                0x0000000008048094                PROVIDE (__rel_iplt_start, .)
 *(.rel.iplt)
 .rel.iplt      0x0000000000000000        0x0 kernel/krnl.o
                0x0000000008048094                PROVIDE (__rel_iplt_end, .)

.init
 *(.init)

.plt            0x00000000080480a0        0x0
 *(.plt)
 *(.iplt)
 .iplt          0x0000000000000000        0x0 kernel/krnl.o

.text           0x0000000000001000     0xe74e
 *(.text.unlikely .text.*_unlikely)
 *(.text.exit .text.exit.*)
 *(.text.startup .text.startup.*)
 *(.text.hot .text.hot.*)
 *(.text .stub .text.* .gnu.linkonce.t.*)
 .text          0x0000000000001000     0x2e7f kernel/krnl.o
                0x0000000000001000                _start
                0x0000000000001040                hwint00
                0x0000000000001070                hwint01
                0x00000000000010a0                hwint02
                0x00000000000010d0                hwint03
                0x0000000000001100                hwint04
                0x0000000000001130                hwint05
                0x0000000000001160                hwint06
                0x0000000000001190                hwint07
                0x00000000000011c0                hwint08
                0x00000000000011f0                hwint09
                0x0000000000001220                hwint10
                0x0000000000001250                hwint11
                0x0000000000001280                hwint12
                0x00000000000012b0                hwint13
                0x00000000000012e0                hwint14
                0x0000000000001310                hwint15
                0x0000000000001334                divide_error
                0x000000000000133a                single_step_exception
                0x0000000000001340                nmi
                0x0000000000001346                breakpoint_exception
                0x000000000000134c                overflow
                0x0000000000001352                bounds_check
                0x0000000000001358                inval_opcode
                0x000000000000135e                copr_not_available
                0x0000000000001364                double_fault
                0x0000000000001368                copr_seg_overrun
                0x000000000000136e                inval_tss
                0x0000000000001372                segment_not_present
                0x0000000000001376                stack_exception
                0x000000000000137a                general_protection
                0x000000000000137e                copr_error
                0x00000000000013c7                sys_call
                0x00000000000013e7                restart
                0x0000000000001410                disp_str
                0x000000000000144e                disp_color_str
                0x000000000000148d                out_byte
                0x0000000000001499                in_byte
                0x00000000000014a3                port_read
                0x00000000000014b6                port_write
                0x00000000000014c9                disable_irq
                0x00000000000014fe                enable_irq
                0x000000000000151d                disable_int
                0x000000000000151f                enable_int
                0x0000000000001521                glitter
                0x00000000000015b4                hard_reboot
                0x00000000000015c0                cstart
                0x0000000000001638                kernel_main
                0x0000000000001967                get_ticks
                0x000000000000199f                untar
                0x0000000000001bc1                shell
                0x0000000000001d6c                Init
                0x0000000000001e52                TestA
                0x0000000000001e57                TestB
                0x0000000000001e5c                TestC
                0x0000000000001e61                panic
                0x0000000000001eac                clock_handler
                0x0000000000001f26                milli_delay
                0x0000000000001f61                init_clock
                0x0000000000001fc8                init_8259A
                0x00000000000020b9                spurious_irq
                0x00000000000020e4                put_irq_handler
                0x0000000000002104                init_prot
                0x000000000000272f                seg2linear
                0x000000000000277e                init_desc
                0x00000000000027ea                exception_handler
                0x0000000000002950                schedule
                0x0000000000002a31                do_setuid
                0x0000000000002a4d                do_getuid
                0x0000000000002a61                do_setgid
                0x0000000000002a7d                do_getgid
                0x0000000000002a91                do_geteuid
                0x0000000000002aa5                do_getegid
                0x0000000000002ab9                do_nice
                0x0000000000002afb                sys_sendrec
                0x0000000000002bc2                ldt_seg_linear
                0x0000000000002c05                va2la
                0x0000000000002c40                reset_msg
                0x00000000000031e1                inform_int
                0x0000000000003298                dumproc
                0x00000000000035fd                dump_msg
                0x0000000000003744                task_sys
                0x0000000000003a64                in_word
                0x0000000000003a90                out_word
                0x0000000000003ab2                in_long
                0x0000000000003adb                out_long
                0x0000000000003af4                get_boot_params
                0x0000000000003b1e                get_kernel_map
                0x0000000000003c0e                itoa
                0x0000000000003cb8                disp_int
                0x0000000000003cdd                printk
                0x0000000000003d1e                delay
                0x0000000000003d64                sys_reboot
                0x0000000000003d76                do_ftime
                0x0000000000003d80                do_mknod
                0x0000000000003d8a                do_break
                0x0000000000003d94                do_ustat
                0x0000000000003d9e                do_ptrace
                0x0000000000003da8                do_stty
                0x0000000000003db2                do_gtty
                0x0000000000003dbc                do_rename
                0x0000000000003dc6                do_prof
                0x0000000000003dd0                do_acct
                0x0000000000003dda                do_phys
                0x0000000000003de4                do_lock
                0x0000000000003dee                do_mpx
                0x0000000000003df8                do_ulimit
                0x0000000000003e02                do_stime
                0x0000000000003e0c                do_times
                0x0000000000003e16                do_brk
                0x0000000000003e20                do_setpgid
                0x0000000000003e2a                do_getpgrp
                0x0000000000003e34                do_setsid
                0x0000000000003e3e                do_uname
                0x0000000000003e75                do_umask
 *fill*         0x0000000000003e7f        0x1 90909090
 .text          0x0000000000003e80     0x5abf fs/fs.o
                0x0000000000003e80                task_fs
                0x0000000000004061                register_filesystem
                0x00000000000041bc                task_lyos_fs
                0x000000000000441b                init_fs
                0x00000000000044bb                mount_root
                0x0000000000004f7b                rw_sector
                0x0000000000004fec                read_super_block
                0x0000000000005124                get_super_block
                0x000000000000516a                get_inode
                0x00000000000052e3                put_inode
                0x00000000000052f7                sync_inode
                0x000000000000541e                fs_fork
                0x000000000000549b                fs_exit
                0x0000000000005550                do_open
                0x00000000000059ec                do_mkdir
                0x0000000000005a76                do_close
                0x0000000000005afa                do_lseek
                0x0000000000005bb6                do_chdir
                0x0000000000005c3b                do_chroot
                0x0000000000006203                do_mount
                0x000000000000620d                do_umount
                0x0000000000006218                do_stat
                0x00000000000063b8                do_rdwt
                0x0000000000006770                do_unlink
                0x0000000000006f10                disklog
                0x00000000000074e9                dump_fd_graph
                0x0000000000008fa8                get_buffer
                0x000000000000901d                find_buffer
                0x0000000000009091                sync_buffer
                0x0000000000009096                do_sync
                0x000000000000909b                free_buffer
                0x00000000000090a0                init_buffer
                0x00000000000091a0                file_open
                0x00000000000093cf                file_read
                0x00000000000093f8                file_write
                0x0000000000009424                namei
                0x000000000000949c                last_dir
                0x0000000000009618                find_entry
                0x0000000000009734                search_file
                0x00000000000098b3                strip_path
 *fill*         0x000000000000993f        0x1 90909090
 .text          0x0000000000009940     0x13ab mm/mm.o
                0x0000000000009940                page_fault
                0x0000000000009984                task_mm
                0x0000000000009c45                get_user_pages
                0x0000000000009cf8                free_user_pages
                0x0000000000009d4c                do_fork
                0x000000000000a07e                do_exit
                0x000000000000a2e1                do_wait
                0x000000000000a438                do_exec
                0x000000000000a750                wp_page
                0x000000000000a755                no_page
                0x000000000000a75c                do_sigaction
                0x000000000000a8b0                do_alarm
                0x000000000000a96b                do_kill
                0x000000000000a9e4                do_raise
                0x000000000000aa14                mem_init
                0x000000000000aa83                alloc_mem
                0x000000000000ab18                free_mem
 *fill*         0x000000000000aceb        0x1 90909090
 .text          0x000000000000acec     0x3c7e drivers/drivers.o
                0x000000000000acec                task_fd
                0x000000000000b558                fd_handler
                0x000000000000b58f                do_fd_request
                0x000000000000b594                init_fd
                0x000000000000b600                task_hd
                0x000000000000b6dc                do_hd_request
                0x000000000000c2b2                hd_handler
                0x000000000000c2d8                task_rd
                0x000000000000c37b                do_rd_request
                0x000000000000c49e                init_rd
                0x000000000000c4f0                rd_load_image
                0x000000000000c6cc                add_request
                0x000000000000c774                task_scsi
                0x000000000000c80c                scsi_handler
                0x000000000000c811                do_scsi_request
                0x000000000000c816                init_scsi
                0x000000000000c81c                init_screen
                0x000000000000c9a8                out_char
                0x000000000000ccb6                is_current_console
                0x000000000000d485                select_console
                0x000000000000d4b9                scroll_screen
                0x000000000000d6dc                keyboard_handler
                0x000000000000d742                init_keyboard
                0x000000000000d7fd                keyboard_read
                0x000000000000ddb4                task_tty
                0x000000000000df41                in_process
                0x000000000000e486                sys_printx
                0x000000000000e626                dump_tty_buf
                0x000000000000e788                task_inet
                0x000000000000e790                task_pci
                0x000000000000e87c                pci_init
                0x000000000000e890                dev_driver_task
 *fill*         0x000000000000e96a        0x2 90909090
 .text          0x000000000000e96c       0x3e lib/misc/syslog.o
                0x000000000000e96c                syslog
 *fill*         0x000000000000e9aa        0x6 90909090
 .text          0x000000000000e9b0       0xb8 lib/liblyos.a(x86_lib.o)
                0x000000000000e9b0                sendrec
                0x000000000000e9ca                printx
                0x000000000000e9d8                reboot
                0x000000000000e9f0                memcpy
                0x000000000000ea19                memset
                0x000000000000ea3a                strcpy
                0x000000000000ea52                strlen
 .text          0x000000000000ea68      0x20b lib/liblyos.a(io.o)
                0x000000000000ea68                open
                0x000000000000eaaf                mkdir
                0x000000000000eaf4                read
                0x000000000000eb34                write
                0x000000000000eb74                close
                0x000000000000eba8                unlink
                0x000000000000ebec                lseek
                0x000000000000ec2c                stat
 *fill*         0x000000000000ec73        0x1 90909090
 .text          0x000000000000ec74       0x5f lib/liblyos.a(malloc.o)
                0x000000000000ec74                malloc
 *fill*         0x000000000000ecd3        0x1 90909090
 .text          0x000000000000ecd4       0xc4 lib/liblyos.a(misc.o)
                0x000000000000ecd4                send_recv
                0x000000000000ed7d                spin
 .text          0x000000000000ed98      0x465 lib/liblyos.a(posix.o)
                0x000000000000ed98                getpid
                0x000000000000edc8                getuid
                0x000000000000edf5                setuid
                0x000000000000ee30                getgid
                0x000000000000ee5d                setgid
                0x000000000000ee98                geteuid
                0x000000000000eec5                getegid
                0x000000000000eef4                fork
                0x000000000000ef24                wait
                0x000000000000ef76                waitpid
                0x000000000000efc8                exec
                0x000000000000f017                execl
                0x000000000000f03d                execv
                0x000000000000f158                kill
                0x000000000000f191                raise
                0x000000000000f1c4                uname
 *fill*         0x000000000000f1fd        0x3 90909090
 .text          0x000000000000f200      0x3b2 lib/liblyos.a(stdio.o)
                0x000000000000f200                printf
                0x000000000000f253                printl
                0x000000000000f2ff                vsprintf
                0x000000000000f588                sprintf
 *fill*         0x000000000000f5b2        0x2 90909090
 .text          0x000000000000f5b4      0x154 lib/liblyos.a(string.o)
                0x000000000000f5b4                memcmp
                0x000000000000f630                strcmp
                0x000000000000f6a8                strcat
 .text          0x000000000000f708       0x46 lib/liblyos.a(assert.o)
                0x000000000000f708                assertion_failure
 *(.gnu.warning)

.fini
 *(.fini)
                0x000000000000f74e                PROVIDE (__etext, .)
                0x000000000000f74e                PROVIDE (_etext, .)
                0x000000000000f74e                PROVIDE (etext, .)

.rodata         0x000000000000f760     0x1c69
 *(.rodata .rodata.* .gnu.linkonce.r.*)
 .rodata        0x000000000000f760      0x8a0 kernel/krnl.o
                0x000000000000f910                FSBUF_SIZE
                0x000000000000f914                MMBUF_SIZE
                0x000000000000f918                LOGBUF_SIZE
                0x000000000000f91c                LOGDISKBUF_SIZE
 .rodata        0x0000000000010000      0xc70 fs/fs.o
 .rodata        0x0000000000010c70      0x144 mm/mm.o
 .rodata        0x0000000000010db4      0x590 drivers/drivers.o
 .rodata        0x0000000000011344       0x21 lib/liblyos.a(malloc.o)
 .rodata        0x0000000000011365       0x15 lib/liblyos.a(misc.o)
 *fill*         0x000000000001137a        0x2 00
 .rodata        0x000000000001137c       0x4d lib/liblyos.a(assert.o)

.rodata1
 *(.rodata1)

.eh_frame_hdr
 *(.eh_frame_hdr)

.eh_frame       0x00000000000113cc     0x2250
 *(.eh_frame)
 .eh_frame      0x00000000000113cc      0x9d8 kernel/krnl.o
                                        0xa98 (size before relaxing)
 .eh_frame      0x0000000000011da4      0x718 fs/fs.o
                                        0x808 (size before relaxing)
 .eh_frame      0x00000000000124bc      0x2c8 mm/mm.o
                                        0x358 (size before relaxing)
 .eh_frame      0x0000000000012784      0x9f4 drivers/drivers.o
                                        0xafc (size before relaxing)
 .eh_frame      0x0000000000013178       0x20 lib/misc/syslog.o
                                         0x38 (size before relaxing)
 .eh_frame      0x0000000000013198      0x100 lib/liblyos.a(io.o)
                                        0x1a8 (size before relaxing)
 .eh_frame      0x0000000000013298       0x20 lib/liblyos.a(malloc.o)
                                         0x38 (size before relaxing)
 .eh_frame      0x00000000000132b8       0x3c lib/liblyos.a(misc.o)
                                         0x54 (size before relaxing)
 .eh_frame      0x00000000000132f4      0x200 lib/liblyos.a(posix.o)
                                        0x2a8 (size before relaxing)
 .eh_frame      0x00000000000134f4       0xa8 lib/liblyos.a(stdio.o)
                                         0xd8 (size before relaxing)
 .eh_frame      0x000000000001359c       0x60 lib/liblyos.a(string.o)
                                         0xa8 (size before relaxing)
 .eh_frame      0x00000000000135fc       0x20 lib/liblyos.a(assert.o)
                                         0x38 (size before relaxing)

.gcc_except_table
 *(.gcc_except_table .gcc_except_table.*)

.exception_ranges
 *(.exception_ranges .exception_ranges*)
                0x000000000001361c                . = (ALIGN (0x1000) - ((0x1000 - .) & 0xfff))
                0x0000000000014000                . = DATA_SEGMENT_ALIGN (0x1000, 0x1000)

.eh_frame
 *(.eh_frame)

.gcc_except_table
 *(.gcc_except_table .gcc_except_table.*)

.exception_ranges
 *(.exception_ranges .exception_ranges*)

.tdata
 *(.tdata .tdata.* .gnu.linkonce.td.*)

.tbss
 *(.tbss .tbss.* .gnu.linkonce.tb.*)
 *(.tcommon)

.preinit_array  0x0000000000014000        0x0
                0x0000000000014000                PROVIDE (__preinit_array_start, .)
 *(.preinit_array)
                0x0000000000014000                PROVIDE (__preinit_array_end, .)

.init_array     0x0000000000014000        0x0
                0x0000000000014000                PROVIDE (__init_array_start, .)
 *(SORT(.init_array.*) SORT(.ctors.*))
 *(.init_array)
 *(EXCLUDE_FILE(*crtend?.o *crtend.o *crtbegin?.o *crtbegin.o) .ctors)
                0x0000000000014000                PROVIDE (__init_array_end, .)

.fini_array     0x0000000000014000        0x0
                0x0000000000014000                PROVIDE (__fini_array_start, .)
 *(SORT(.fini_array.*) SORT(.dtors.*))
 *(.fini_array)
 *(EXCLUDE_FILE(*crtend?.o *crtend.o *crtbegin?.o *crtbegin.o) .dtors)
                0x0000000000014000                PROVIDE (__fini_array_end, .)

.ctors
 *crtbegin.o(.ctors)
 *crtbegin?.o(.ctors)
 *(EXCLUDE_FILE(*crtend?.o *crtend.o) .ctors)
 *(SORT(.ctors.*))
 *(.ctors)

.dtors
 *crtbegin.o(.dtors)
 *crtbegin?.o(.dtors)
 *(EXCLUDE_FILE(*crtend?.o *crtend.o) .dtors)
 *(SORT(.dtors.*))
 *(.dtors)

.jcr
 *(.jcr)

.data.rel.ro
 *(.data.rel.ro.local* .gnu.linkonce.d.rel.ro.local.*)
 *(.data.rel.ro* .gnu.linkonce.d.rel.ro.*)

.dynamic
 *(.dynamic)

.got
 *(.got)
 *(.igot)
                0x0000000000014000                . = DATA_SEGMENT_RELRO_END (., 0xc)

.got.plt        0x0000000000014000        0x0
 *(.got.plt)
 *(.igot.plt)
 .igot.plt      0x0000000000000000        0x0 kernel/krnl.o

.data           0x0000000000014000      0xa44
 *(.data .data.* .gnu.linkonce.d.*)
 .data          0x0000000000014000      0x318 kernel/krnl.o
                0x0000000000014020                ROOT_DEV
                0x0000000000014040                task_table
                0x0000000000014200                user_proc_table
                0x00000000000142a0                sys_call_table
                0x00000000000142c0                thisname
                0x00000000000142ed                dd_map
                0x0000000000014308                fsbuf
                0x000000000001430c                mmbuf
                0x0000000000014310                logbuf
                0x0000000000014314                logdiskbuf
 .data          0x0000000000014318        0x5 fs/fs.o
                0x0000000000014318                dot1
                0x000000000001431a                dot2
 *fill*         0x000000000001431d        0x3 00
 .data          0x0000000000014320        0x0 mm/mm.o
 .data          0x0000000000014320      0x724 drivers/drivers.o
                0x0000000000014400                floppy_buffer
                0x0000000000014404                hd_driver
                0x0000000000014420                keymap
 .data          0x0000000000014a44        0x0 lib/misc/syslog.o
 .data          0x0000000000014a44        0x0 lib/liblyos.a(io.o)
 .data          0x0000000000014a44        0x0 lib/liblyos.a(malloc.o)
 .data          0x0000000000014a44        0x0 lib/liblyos.a(misc.o)
 .data          0x0000000000014a44        0x0 lib/liblyos.a(posix.o)
 .data          0x0000000000014a44        0x0 lib/liblyos.a(stdio.o)
 .data          0x0000000000014a44        0x0 lib/liblyos.a(string.o)
 .data          0x0000000000014a44        0x0 lib/liblyos.a(assert.o)

.data1
 *(.data1)
                0x0000000000014a44                _edata = .
                0x0000000000014a44                PROVIDE (edata, .)
                0x0000000000014a44                __bss_start = .

.bss            0x0000000000014a60    0x4a044
 *(.dynbss)
 *(.bss .bss.* .gnu.linkonce.b.*)
 .bss           0x0000000000014a60      0x800 kernel/krnl.o
 .bss           0x0000000000015260      0x208 fs/fs.o
 *fill*         0x0000000000015468       0x18 00
 .bss           0x0000000000015480      0x358 mm/mm.o
 *fill*         0x00000000000157d8        0x8 00
 .bss           0x00000000000157e0      0x6f8 drivers/drivers.o
                0x0000000000015e40                blk_dev_table
 .bss           0x0000000000015ed8        0x0 lib/misc/syslog.o
 .bss           0x0000000000015ed8        0x0 lib/liblyos.a(io.o)
 .bss           0x0000000000015ed8        0x0 lib/liblyos.a(malloc.o)
 .bss           0x0000000000015ed8        0x0 lib/liblyos.a(misc.o)
 .bss           0x0000000000015ed8        0x0 lib/liblyos.a(posix.o)
 .bss           0x0000000000015ed8        0x0 lib/liblyos.a(stdio.o)
 .bss           0x0000000000015ed8        0x0 lib/liblyos.a(string.o)
 .bss           0x0000000000015ed8        0x0 lib/liblyos.a(assert.o)
 *(COMMON)
 *fill*         0x0000000000015ed8        0x8 00
 COMMON         0x0000000000015ee0    0x48b98 kernel/krnl.o
                0x0000000000015ee0                rd_length
                0x0000000000015ee4                idt_ptr
                0x0000000000015f00                inode_table
                0x0000000000016a00                task_stack
                0x0000000000052a00                errno
                0x0000000000052a04                mem_start
                0x0000000000052a08                k_reenter
                0x0000000000052a0c                buffer_base
                0x0000000000052a20                gdt
                0x0000000000052e20                current_console
                0x0000000000052e24                pcaller
                0x0000000000052e40                tty_table
                0x0000000000053b14                buffer_length
                0x0000000000053b20                tss
                0x0000000000053ba0                fs_msg
                0x0000000000053bd0                memory_size
                0x0000000000053be0                f_desc_table
                0x00000000000540e0                root_inode
                0x00000000000540e4                current
                0x00000000000540e8                disp_pos
                0x0000000000054100                mm_msg
                0x0000000000054130                key_pressed
                0x0000000000054140                buffer_table
                0x0000000000055554                gdt_ptr
                0x000000000005555c                kernel_addr
                0x0000000000055560                jiffies
                0x0000000000055580                idt
                0x0000000000055d80                super_block
                0x0000000000055f60                console_table
                0x0000000000055fe0                rd_base
                0x0000000000056000                irq_table
                0x0000000000056040                file_systems
                0x0000000000056060                proc_table
                0x000000000005ea74                nr_buffer
 COMMON         0x000000000005ea78       0x10 fs/fs.o
                0x000000000005ea78                PARTITION_ENTRY
 COMMON         0x000000000005ea88       0x1c drivers/drivers.o
                0x000000000005ea88                reply
                0x000000000005ea8f                selected
                0x000000000005ea90                motor
                0x000000000005ea94                drive_type
                0x000000000005eaa4                . = ALIGN ((. != 0x0)?0x4:0x1)
                0x000000000005eaa4                . = ALIGN (0x4)
                0x000000000005eaa4                . = ALIGN (0x4)
                0x000000000005eaa4                _end = .
                0x000000000005eaa4                PROVIDE (end, .)
                0x000000000005eaa4                . = DATA_SEGMENT_END (.)

.stab
 *(.stab)

.stabstr
 *(.stabstr)

.stab.excl
 *(.stab.excl)

.stab.exclstr
 *(.stab.exclstr)

.stab.index
 *(.stab.index)

.stab.indexstr
 *(.stab.indexstr)

.comment        0x0000000000000000       0x2a
 *(.comment)
 .comment       0x0000000000000000       0x2a kernel/krnl.o
                                        0x1ae (size before relaxing)
 .comment       0x0000000000000000      0x1ae fs/fs.o
 .comment       0x0000000000000000      0x102 mm/mm.o
 .comment       0x0000000000000000      0x1d9 drivers/drivers.o
 .comment       0x0000000000000000       0x2b lib/misc/syslog.o
 .comment       0x0000000000000000      0x12d lib/liblyos.a(io.o)
 .comment       0x0000000000000000       0x2b lib/liblyos.a(malloc.o)
 .comment       0x0000000000000000       0x2b lib/liblyos.a(misc.o)
 .comment       0x0000000000000000      0x12d lib/liblyos.a(posix.o)
 .comment       0x0000000000000000       0x56 lib/liblyos.a(stdio.o)
 .comment       0x0000000000000000      0x102 lib/liblyos.a(string.o)
 .comment       0x0000000000000000       0x2b lib/liblyos.a(assert.o)

.debug
 *(.debug)

.line
 *(.line)

.debug_srcinfo
 *(.debug_srcinfo)

.debug_sfnames
 *(.debug_sfnames)

.debug_aranges
 *(.debug_aranges)

.debug_pubnames
 *(.debug_pubnames)

.debug_info
 *(.debug_info .gnu.linkonce.wi.*)

.debug_abbrev
 *(.debug_abbrev)

.debug_line
 *(.debug_line)

.debug_frame
 *(.debug_frame)

.debug_str
 *(.debug_str)

.debug_loc
 *(.debug_loc)

.debug_macinfo
 *(.debug_macinfo)

.debug_weaknames
 *(.debug_weaknames)

.debug_funcnames
 *(.debug_funcnames)

.debug_typenames
 *(.debug_typenames)

.debug_varnames
 *(.debug_varnames)

.debug_pubtypes
 *(.debug_pubtypes)

.debug_ranges
 *(.debug_ranges)

.gnu.attributes
 *(.gnu.attributes)

/DISCARD/
 *(.note.GNU-stack)
 *(.gnu_debuglink)
 *(.gnu.lto_*)
OUTPUT(kernel.bin elf32-i386)
