Archive member included because of file (symbol)

lib/liblyos.a(x86_lib.o)      kernel/krnl.o (strcpy)
lib/liblyos.a(io.o)           kernel/krnl.o (lseek)
lib/liblyos.a(malloc.o)       fs/fs.o (malloc)
lib/liblyos.a(misc.o)         drivers/drivers.o (spin)
lib/liblyos.a(posix.o)        fs/fs.o (getpid)
lib/liblyos.a(stdio.o)        kernel/krnl.o (printf)
lib/liblyos.a(string.o)       kernel/krnl.o (memcmp)
lib/liblyos.a(assert.o)       lib/liblyos.a(malloc.o) (assertion_failure)

Allocating common symbols
Common symbol       size              file

rd_length           0x4               kernel/krnl.o
idt_ptr             0x6               kernel/krnl.o
inode_table         0xb00             kernel/krnl.o
task_stack          0x3c000           kernel/krnl.o
errno               0x4               kernel/krnl.o
mem_start           0x4               kernel/krnl.o
k_reenter           0x4               kernel/krnl.o
buffer_base         0x4               kernel/krnl.o
gdt                 0x400             kernel/krnl.o
current_console     0x4               kernel/krnl.o
pcaller             0x4               kernel/krnl.o
tty_table           0xcd2             kernel/krnl.o
buffer_length       0x4               kernel/krnl.o
tss                 0x68              kernel/krnl.o
fs_msg              0x30              kernel/krnl.o
reply               0x7               drivers/drivers.o
memory_size         0x4               kernel/krnl.o
f_desc_table        0x500             kernel/krnl.o
root_inode          0x4               kernel/krnl.o
current             0x4               kernel/krnl.o
selected            0x1               drivers/drivers.o
disp_pos            0x4               kernel/krnl.o
mm_msg              0x30              kernel/krnl.o
key_pressed         0x4               kernel/krnl.o
buffer_table        0x1414            kernel/krnl.o
gdt_ptr             0x6               kernel/krnl.o
kernel_addr         0x4               kernel/krnl.o
jiffies             0x4               kernel/krnl.o
idt                 0x800             kernel/krnl.o
super_block         0x1e0             kernel/krnl.o
PARTITION_ENTRY     0x10              fs/fs.o
motor               0x4               drivers/drivers.o
console_table       0x7e              kernel/krnl.o
rd_base             0x4               kernel/krnl.o
irq_table           0x40              kernel/krnl.o
drive_type          0x10              drivers/drivers.o
file_systems        0x4               kernel/krnl.o
proc_table          0x8a12            kernel/krnl.o
nr_buffer           0x4               kernel/krnl.o

Discarded input sections

 .note.GNU-stack
                0x0000000000000000        0x0 kernel/krnl.o
 .note.GNU-stack
                0x0000000000000000        0x0 fs/fs.o
 .note.GNU-stack
                0x0000000000000000        0x0 mm/mm.o
 .note.GNU-stack
                0x0000000000000000        0x0 drivers/drivers.o
 .note.GNU-stack
                0x0000000000000000        0x0 lib/misc/syslog.o
 .note.GNU-stack
                0x0000000000000000        0x0 lib/liblyos.a(io.o)
 .note.GNU-stack
                0x0000000000000000        0x0 lib/liblyos.a(malloc.o)
 .note.GNU-stack
                0x0000000000000000        0x0 lib/liblyos.a(misc.o)
 .note.GNU-stack
                0x0000000000000000        0x0 lib/liblyos.a(posix.o)
 .note.GNU-stack
                0x0000000000000000        0x0 lib/liblyos.a(stdio.o)
 .note.GNU-stack
                0x0000000000000000        0x0 lib/liblyos.a(string.o)
 .note.GNU-stack
                0x0000000000000000        0x0 lib/liblyos.a(assert.o)

Memory Configuration

Name             Origin             Length             Attributes
*default*        0x0000000000000000 0xffffffffffffffff

Linker script and memory map

Address of section .text set to 0x1000
LOAD kernel/krnl.o
LOAD fs/fs.o
LOAD mm/mm.o
LOAD drivers/drivers.o
LOAD lib/misc/syslog.o
LOAD lib/liblyos.a
                0x0000000008048000                PROVIDE (__executable_start, 0x8048000)
                0x0000000008048094                . = (0x8048000 + SIZEOF_HEADERS)

.interp
 *(.interp)

.note.gnu.build-id
 *(.note.gnu.build-id)

.hash
 *(.hash)

.gnu.hash
 *(.gnu.hash)

.dynsym
 *(.dynsym)

.dynstr
 *(.dynstr)

.gnu.version
 *(.gnu.version)

.gnu.version_d
 *(.gnu.version_d)

.gnu.version_r
 *(.gnu.version_r)

.rel.dyn        0x0000000008048094        0x0
 *(.rel.init)
 *(.rel.text .rel.text.* .rel.gnu.linkonce.t.*)
 .rel.text      0x0000000000000000        0x0 kernel/krnl.o
 *(.rel.fini)
 *(.rel.rodata .rel.rodata.* .rel.gnu.linkonce.r.*)
 *(.rel.data.rel.ro* .rel.gnu.linkonce.d.rel.ro.*)
 *(.rel.data .rel.data.* .rel.gnu.linkonce.d.*)
 .rel.data      0x0000000000000000        0x0 kernel/krnl.o
 *(.rel.tdata .rel.tdata.* .rel.gnu.linkonce.td.*)
 *(.rel.tbss .rel.tbss.* .rel.gnu.linkonce.tb.*)
 *(.rel.ctors)
 *(.rel.dtors)
 *(.rel.got)
 *(.rel.bss .rel.bss.* .rel.gnu.linkonce.b.*)
 *(.rel.ifunc)

.rel.plt        0x0000000008048094        0x0
 *(.rel.plt)
                0x0000000008048094                PROVIDE (__rel_iplt_start, .)
 *(.rel.iplt)
 .rel.iplt      0x0000000000000000        0x0 kernel/krnl.o
                0x0000000008048094                PROVIDE (__rel_iplt_end, .)

.init
 *(.init)

.plt            0x0000000008048094        0x0
 *(.plt)
 *(.iplt)
 .iplt          0x0000000000000000        0x0 kernel/krnl.o

.text           0x0000000000001000     0xf08e
 *(.text.unlikely .text.*_unlikely)
 *(.text.exit .text.exit.*)
 *(.text.startup .text.startup.*)
 *(.text.hot .text.hot.*)
 *(.text .stub .text.* .gnu.linkonce.t.*)
 .text          0x0000000000001000     0x367b kernel/krnl.o
                0x0000000000001000                _start
                0x0000000000001040                hwint00
                0x0000000000001070                hwint01
                0x00000000000010a0                hwint02
                0x00000000000010d0                hwint03
                0x0000000000001100                hwint04
                0x0000000000001130                hwint05
                0x0000000000001160                hwint06
                0x0000000000001190                hwint07
                0x00000000000011c0                hwint08
                0x00000000000011f0                hwint09
                0x0000000000001220                hwint10
                0x0000000000001250                hwint11
                0x0000000000001280                hwint12
                0x00000000000012b0                hwint13
                0x00000000000012e0                hwint14
                0x0000000000001310                hwint15
                0x0000000000001337                divide_error
                0x0000000000001346                single_step_exception
                0x0000000000001355                nmi
                0x0000000000001364                breakpoint_exception
                0x0000000000001373                overflow
                0x0000000000001382                bounds_check
                0x0000000000001391                inval_opcode
                0x00000000000013a0                copr_not_available
                0x00000000000013af                double_fault
                0x00000000000013b9                copr_seg_overrun
                0x00000000000013c8                inval_tss
                0x00000000000013d2                segment_not_present
                0x00000000000013dc                stack_exception
                0x00000000000013e6                general_protection
                0x00000000000013f0                copr_error
                0x0000000000001448                sys_call
                0x000000000000146b                restart
                0x00000000000014a0                disp_str
                0x00000000000014e7                disp_color_str
                0x000000000000152f                out_byte
                0x000000000000153b                in_byte
                0x0000000000001545                port_read
                0x0000000000001558                port_write
                0x000000000000156b                disable_irq
                0x00000000000015a0                enable_irq
                0x00000000000015bf                disable_int
                0x00000000000015c1                enable_int
                0x00000000000015c3                glitter
                0x0000000000001664                hard_reboot
                0x0000000000001670                cstart
                0x00000000000016f4                kernel_main
                0x0000000000001a25                get_ticks
                0x0000000000001a5d                untar
                0x0000000000001c7f                shell
                0x0000000000001e2a                Init
                0x0000000000001f10                TestA
                0x0000000000001f15                TestB
                0x0000000000001f1a                TestC
                0x0000000000001f1f                panic
                0x0000000000001f6c                clock_handler
                0x0000000000001fe6                milli_delay
                0x0000000000002021                init_clock
                0x0000000000002088                init_8259A
                0x0000000000002179                spurious_irq
                0x00000000000021a4                put_irq_handler
                0x00000000000021c4                init_prot
                0x00000000000027f0                seg2linear
                0x000000000000283f                init_desc
                0x00000000000028ab                exception_handler
                0x0000000000003140                schedule
                0x0000000000003221                do_setuid
                0x000000000000323d                do_getuid
                0x0000000000003251                do_setgid
                0x000000000000326d                do_getgid
                0x0000000000003281                do_geteuid
                0x0000000000003295                do_getegid
                0x00000000000032a9                do_nice
                0x00000000000032eb                sys_sendrec
                0x00000000000033b2                ldt_seg_linear
                0x00000000000033f6                va2la
                0x0000000000003431                reset_msg
                0x00000000000039d1                inform_int
                0x0000000000003a88                dumproc
                0x0000000000003df0                dump_msg
                0x0000000000003f38                task_sys
                0x0000000000004258                in_word
                0x0000000000004284                out_word
                0x00000000000042a6                in_long
                0x00000000000042cf                out_long
                0x00000000000042e8                get_boot_params
                0x0000000000004314                get_kernel_map
                0x0000000000004407                itoa
                0x00000000000044b1                disp_int
                0x00000000000044d6                printk
                0x000000000000451a                delay
                0x0000000000004560                sys_reboot
                0x0000000000004572                do_ftime
                0x000000000000457c                do_mknod
                0x0000000000004586                do_break
                0x0000000000004590                do_ustat
                0x000000000000459a                do_ptrace
                0x00000000000045a4                do_stty
                0x00000000000045ae                do_gtty
                0x00000000000045b8                do_rename
                0x00000000000045c2                do_prof
                0x00000000000045cc                do_acct
                0x00000000000045d6                do_phys
                0x00000000000045e0                do_lock
                0x00000000000045ea                do_mpx
                0x00000000000045f4                do_ulimit
                0x00000000000045fe                do_stime
                0x0000000000004608                do_times
                0x0000000000004612                do_brk
                0x000000000000461c                do_setpgid
                0x0000000000004626                do_getpgrp
                0x0000000000004630                do_setsid
                0x000000000000463a                do_uname
                0x0000000000004671                do_umask
 *fill*         0x000000000000467b        0x1 90909090
 .text          0x000000000000467c     0x5b65 fs/fs.o
                0x000000000000467c                task_fs
                0x000000000000485d                register_filesystem
                0x00000000000049b8                task_lyos_fs
                0x0000000000004c13                init_fs
                0x0000000000004cb4                mount_root
                0x0000000000005780                rw_sector
                0x00000000000057f1                read_super_block
                0x0000000000005929                get_super_block
                0x0000000000005970                get_inode
                0x0000000000005aed                put_inode
                0x0000000000005b01                sync_inode
                0x0000000000005c2b                fs_fork
                0x0000000000005ca8                fs_exit
                0x0000000000005d5c                do_open
                0x00000000000061f8                do_mkdir
                0x0000000000006282                do_close
                0x0000000000006306                do_lseek
                0x00000000000063c3                do_chdir
                0x0000000000006448                do_chroot
                0x0000000000006a1c                do_mount
                0x0000000000006a26                do_umount
                0x0000000000006a30                do_stat
                0x0000000000006bd0                do_rdwt
                0x0000000000006f8c                do_unlink
                0x0000000000007734                disklog
                0x0000000000007d10                dump_fd_graph
                0x0000000000009844                get_buffer
                0x00000000000098b9                find_buffer
                0x000000000000992d                sync_buffer
                0x0000000000009932                do_sync
                0x0000000000009937                free_buffer
                0x000000000000993c                init_buffer
                0x0000000000009a3c                file_open
                0x0000000000009c6f                file_read
                0x0000000000009c98                file_write
                0x0000000000009cc4                namei
                0x0000000000009d3c                last_dir
                0x0000000000009eb8                find_entry
                0x0000000000009fd5                search_file
                0x000000000000a155                strip_path
 *fill*         0x000000000000a1e1        0xf 90909090
 .text          0x000000000000a1f0     0x13c0 mm/mm.o
                0x000000000000a1f0                page_fault
                0x000000000000a238                task_mm
                0x000000000000a4f9                get_user_pages
                0x000000000000a5ad                free_user_pages
                0x000000000000a600                do_fork
                0x000000000000a936                do_exit
                0x000000000000ab9b                do_wait
                0x000000000000acf4                do_exec
                0x000000000000b010                wp_page
                0x000000000000b015                no_page
                0x000000000000b01c                do_sigaction
                0x000000000000b174                do_alarm
                0x000000000000b230                do_kill
                0x000000000000b2a9                do_raise
                0x000000000000b2d8                mem_init
                0x000000000000b348                alloc_mem
                0x000000000000b3dd                free_mem
 .text          0x000000000000b5b0     0x3ccd drivers/drivers.o
                0x000000000000b5b0                task_fd
                0x000000000000be35                fd_handler
                0x000000000000be49                do_fd_request
                0x000000000000be4e                init_fd
                0x000000000000bebc                task_hd
                0x000000000000bf9b                do_hd_request
                0x000000000000cb85                hd_handler
                0x000000000000cbac                task_rd
                0x000000000000cc4f                do_rd_request
                0x000000000000cd77                init_rd
                0x000000000000cdc9                rd_load_image
                0x000000000000cfa4                add_request
                0x000000000000d04c                task_scsi
                0x000000000000d0e4                scsi_handler
                0x000000000000d0e9                do_scsi_request
                0x000000000000d0ee                init_scsi
                0x000000000000d0f4                init_screen
                0x000000000000d281                out_char
                0x000000000000d594                is_current_console
                0x000000000000dd76                select_console
                0x000000000000ddad                scroll_screen
                0x000000000000dfd4                keyboard_handler
                0x000000000000e03d                init_keyboard
                0x000000000000e0f8                keyboard_read
                0x000000000000e6b4                task_tty
                0x000000000000e841                in_process
                0x000000000000ed90                sys_printx
                0x000000000000ef36                dump_tty_buf
                0x000000000000f098                task_inet
                0x000000000000f0a0                task_pci
                0x000000000000f18c                pci_init
                0x000000000000f1a0                dev_driver_task
 *fill*         0x000000000000f27d        0x3 90909090
 .text          0x000000000000f280       0x41 lib/misc/syslog.o
                0x000000000000f280                syslog
 *fill*         0x000000000000f2c1        0xf 90909090
 .text          0x000000000000f2d0       0xc7 lib/liblyos.a(x86_lib.o)
                0x000000000000f2d0                sendrec
                0x000000000000f2ea                printx
                0x000000000000f2f8                reboot
                0x000000000000f310                memcpy
                0x000000000000f33f                memset
                0x000000000000f366                strcpy
                0x000000000000f37e                strlen
 *fill*         0x000000000000f397        0x1 90909090
 .text          0x000000000000f398      0x20b lib/liblyos.a(io.o)
                0x000000000000f398                open
                0x000000000000f3df                mkdir
                0x000000000000f424                read
                0x000000000000f464                write
                0x000000000000f4a4                close
                0x000000000000f4d8                unlink
                0x000000000000f51c                lseek
                0x000000000000f55c                stat
 *fill*         0x000000000000f5a3        0x1 90909090
 .text          0x000000000000f5a4       0x5f lib/liblyos.a(malloc.o)
                0x000000000000f5a4                malloc
 *fill*         0x000000000000f603        0x1 90909090
 .text          0x000000000000f604       0xc7 lib/liblyos.a(misc.o)
                0x000000000000f604                send_recv
                0x000000000000f6b0                spin
 *fill*         0x000000000000f6cb        0x1 90909090
 .text          0x000000000000f6cc      0x469 lib/liblyos.a(posix.o)
                0x000000000000f6cc                getpid
                0x000000000000f6fc                getuid
                0x000000000000f729                setuid
                0x000000000000f764                getgid
                0x000000000000f791                setgid
                0x000000000000f7cc                geteuid
                0x000000000000f7f9                getegid
                0x000000000000f828                fork
                0x000000000000f858                wait
                0x000000000000f8aa                waitpid
                0x000000000000f8fc                exec
                0x000000000000f94b                execl
                0x000000000000f971                execv
                0x000000000000fa90                kill
                0x000000000000fac9                raise
                0x000000000000fafc                uname
 *fill*         0x000000000000fb35        0x3 90909090
 .text          0x000000000000fb38      0x3b9 lib/liblyos.a(stdio.o)
                0x000000000000fb38                printf
                0x000000000000fb8e                printl
                0x000000000000fc3f                vsprintf
                0x000000000000fec7                sprintf
 *fill*         0x000000000000fef1        0x3 90909090
 .text          0x000000000000fef4      0x154 lib/liblyos.a(string.o)
                0x000000000000fef4                memcmp
                0x000000000000ff70                strcmp
                0x000000000000ffe8                strcat
 .text          0x0000000000010048       0x46 lib/liblyos.a(assert.o)
                0x0000000000010048                assertion_failure
 *(.gnu.warning)

.fini
 *(.fini)
                0x000000000001008e                PROVIDE (__etext, .)
                0x000000000001008e                PROVIDE (_etext, .)
                0x000000000001008e                PROVIDE (etext, .)

.rodata         0x0000000000010090     0x1835
 *(.rodata .rodata.* .gnu.linkonce.r.*)
 .rodata        0x0000000000010090      0x398 kernel/krnl.o
                0x0000000000010240                FSBUF_SIZE
                0x0000000000010244                MMBUF_SIZE
                0x0000000000010248                LOGBUF_SIZE
                0x000000000001024c                LOGDISKBUF_SIZE
 .rodata        0x0000000000010428      0xc70 fs/fs.o
 .rodata        0x0000000000011098      0x144 mm/mm.o
 .rodata        0x00000000000111dc      0x664 drivers/drivers.o
 .rodata        0x0000000000011840       0x21 lib/liblyos.a(malloc.o)
 .rodata        0x0000000000011861       0x15 lib/liblyos.a(misc.o)
 *fill*         0x0000000000011876        0x2 00
 .rodata        0x0000000000011878       0x4d lib/liblyos.a(assert.o)

.rodata1
 *(.rodata1)

.eh_frame_hdr
 *(.eh_frame_hdr)

.eh_frame
 *(.eh_frame)

.gcc_except_table
 *(.gcc_except_table .gcc_except_table.*)
                0x00000000000118c5                . = (ALIGN (0x1000) - ((0x1000 - .) & 0xfff))
                0x0000000000012000                . = DATA_SEGMENT_ALIGN (0x1000, 0x1000)

.eh_frame
 *(.eh_frame)

.gcc_except_table
 *(.gcc_except_table .gcc_except_table.*)

.tdata
 *(.tdata .tdata.* .gnu.linkonce.td.*)

.tbss
 *(.tbss .tbss.* .gnu.linkonce.tb.*)
 *(.tcommon)

.preinit_array  0x0000000000012000        0x0
                0x0000000000012000                PROVIDE (__preinit_array_start, .)
 *(.preinit_array)
                0x0000000000012000                PROVIDE (__preinit_array_end, .)

.init_array     0x0000000000012000        0x0
                0x0000000000012000                PROVIDE (__init_array_start, .)
 *(SORT(.init_array.*))
 *(.init_array)
                0x0000000000012000                PROVIDE (__init_array_end, .)

.fini_array     0x0000000000012000        0x0
                0x0000000000012000                PROVIDE (__fini_array_start, .)
 *(SORT(.fini_array.*))
 *(.fini_array)
                0x0000000000012000                PROVIDE (__fini_array_end, .)

.ctors
 *crtbegin.o(.ctors)
 *crtbegin?.o(.ctors)
 *(EXCLUDE_FILE(*crtend?.o *crtend.o) .ctors)
 *(SORT(.ctors.*))
 *(.ctors)

.dtors
 *crtbegin.o(.dtors)
 *crtbegin?.o(.dtors)
 *(EXCLUDE_FILE(*crtend?.o *crtend.o) .dtors)
 *(SORT(.dtors.*))
 *(.dtors)

.jcr
 *(.jcr)

.data.rel.ro
 *(.data.rel.ro.local* .gnu.linkonce.d.rel.ro.local.*)
 *(.data.rel.ro* .gnu.linkonce.d.rel.ro.*)

.dynamic
 *(.dynamic)

.got
 *(.got)
 *(.igot)
                0x0000000000012000                . = DATA_SEGMENT_RELRO_END (., 0xc)

.got.plt        0x0000000000012000        0x0
 *(.got.plt)
 *(.igot.plt)
 .igot.plt      0x0000000000000000        0x0 kernel/krnl.o

.data           0x0000000000012000      0xa44
 *(.data .data.* .gnu.linkonce.d.*)
 .data          0x0000000000012000      0x318 kernel/krnl.o
                0x0000000000012020                ROOT_DEV
                0x0000000000012040                task_table
                0x0000000000012200                user_proc_table
                0x00000000000122a0                sys_call_table
                0x00000000000122c0                thisname
                0x00000000000122ed                dd_map
                0x0000000000012308                fsbuf
                0x000000000001230c                mmbuf
                0x0000000000012310                logbuf
                0x0000000000012314                logdiskbuf
 .data          0x0000000000012318        0x5 fs/fs.o
                0x0000000000012318                dot1
                0x000000000001231a                dot2
 *fill*         0x000000000001231d        0x3 00
 .data          0x0000000000012320        0x0 mm/mm.o
 .data          0x0000000000012320      0x724 drivers/drivers.o
                0x0000000000012400                floppy_buffer
                0x0000000000012404                hd_driver
                0x0000000000012420                keymap
 .data          0x0000000000012a44        0x0 lib/misc/syslog.o
 .data          0x0000000000012a44        0x0 lib/liblyos.a(io.o)
 .data          0x0000000000012a44        0x0 lib/liblyos.a(malloc.o)
 .data          0x0000000000012a44        0x0 lib/liblyos.a(misc.o)
 .data          0x0000000000012a44        0x0 lib/liblyos.a(posix.o)
 .data          0x0000000000012a44        0x0 lib/liblyos.a(stdio.o)
 .data          0x0000000000012a44        0x0 lib/liblyos.a(string.o)
 .data          0x0000000000012a44        0x0 lib/liblyos.a(assert.o)

.data1
 *(.data1)
                0x0000000000012a44                _edata = .
                0x0000000000012a44                PROVIDE (edata, .)
                0x0000000000012a44                __bss_start = .

.bss            0x0000000000012a60    0x4a044
 *(.dynbss)
 *(.bss .bss.* .gnu.linkonce.b.*)
 .bss           0x0000000000012a60      0x800 kernel/krnl.o
 .bss           0x0000000000013260      0x208 fs/fs.o
 *fill*         0x0000000000013468       0x18 00
 .bss           0x0000000000013480      0x358 mm/mm.o
 *fill*         0x00000000000137d8        0x8 00
 .bss           0x00000000000137e0      0x6f8 drivers/drivers.o
                0x0000000000013e40                blk_dev_table
 .bss           0x0000000000013ed8        0x0 lib/misc/syslog.o
 .bss           0x0000000000013ed8        0x0 lib/liblyos.a(io.o)
 .bss           0x0000000000013ed8        0x0 lib/liblyos.a(malloc.o)
 .bss           0x0000000000013ed8        0x0 lib/liblyos.a(misc.o)
 .bss           0x0000000000013ed8        0x0 lib/liblyos.a(posix.o)
 .bss           0x0000000000013ed8        0x0 lib/liblyos.a(stdio.o)
 .bss           0x0000000000013ed8        0x0 lib/liblyos.a(string.o)
 .bss           0x0000000000013ed8        0x0 lib/liblyos.a(assert.o)
 *(COMMON)
 *fill*         0x0000000000013ed8        0x8 00
 COMMON         0x0000000000013ee0    0x48b98 kernel/krnl.o
                0x0000000000013ee0                rd_length
                0x0000000000013ee4                idt_ptr
                0x0000000000013f00                inode_table
                0x0000000000014a00                task_stack
                0x0000000000050a00                errno
                0x0000000000050a04                mem_start
                0x0000000000050a08                k_reenter
                0x0000000000050a0c                buffer_base
                0x0000000000050a20                gdt
                0x0000000000050e20                current_console
                0x0000000000050e24                pcaller
                0x0000000000050e40                tty_table
                0x0000000000051b14                buffer_length
                0x0000000000051b20                tss
                0x0000000000051ba0                fs_msg
                0x0000000000051bd0                memory_size
                0x0000000000051be0                f_desc_table
                0x00000000000520e0                root_inode
                0x00000000000520e4                current
                0x00000000000520e8                disp_pos
                0x0000000000052100                mm_msg
                0x0000000000052130                key_pressed
                0x0000000000052140                buffer_table
                0x0000000000053554                gdt_ptr
                0x000000000005355c                kernel_addr
                0x0000000000053560                jiffies
                0x0000000000053580                idt
                0x0000000000053d80                super_block
                0x0000000000053f60                console_table
                0x0000000000053fe0                rd_base
                0x0000000000054000                irq_table
                0x0000000000054040                file_systems
                0x0000000000054060                proc_table
                0x000000000005ca74                nr_buffer
 COMMON         0x000000000005ca78       0x10 fs/fs.o
                0x000000000005ca78                PARTITION_ENTRY
 COMMON         0x000000000005ca88       0x1c drivers/drivers.o
                0x000000000005ca88                reply
                0x000000000005ca8f                selected
                0x000000000005ca90                motor
                0x000000000005ca94                drive_type
                0x000000000005caa4                . = ALIGN ((. != 0x0)?0x4:0x1)
                0x000000000005caa4                . = ALIGN (0x4)
                0x000000000005caa4                . = ALIGN (0x4)
                0x000000000005caa4                _end = .
                0x000000000005caa4                PROVIDE (end, .)
                0x000000000005caa4                . = DATA_SEGMENT_END (.)

.stab
 *(.stab)

.stabstr
 *(.stabstr)

.stab.excl
 *(.stab.excl)

.stab.exclstr
 *(.stab.exclstr)

.stab.index
 *(.stab.index)

.stab.indexstr
 *(.stab.indexstr)

.comment        0x0000000000000000      0x394
 *(.comment)
 .comment       0x0000000000000000      0x20b kernel/krnl.o
 .comment       0x000000000000020b       0x2a fs/fs.o
                                        0x1ae (size before relaxing)
 .comment       0x0000000000000235      0x121 mm/mm.o
 .comment       0x0000000000000000      0x1d9 drivers/drivers.o
 .comment       0x0000000000000000       0x2b lib/misc/syslog.o
 .comment       0x0000000000000356       0x3e lib/liblyos.a(x86_lib.o)
 .comment       0x0000000000000000      0x12d lib/liblyos.a(io.o)
 .comment       0x0000000000000000       0x2b lib/liblyos.a(malloc.o)
 .comment       0x0000000000000000       0x2b lib/liblyos.a(misc.o)
 .comment       0x0000000000000000      0x12d lib/liblyos.a(posix.o)
 .comment       0x0000000000000000       0x56 lib/liblyos.a(stdio.o)
 .comment       0x0000000000000000      0x102 lib/liblyos.a(string.o)
 .comment       0x0000000000000000       0x2b lib/liblyos.a(assert.o)

.debug
 *(.debug)

.line
 *(.line)

.debug_srcinfo
 *(.debug_srcinfo)

.debug_sfnames
 *(.debug_sfnames)

.debug_aranges
 *(.debug_aranges)

.debug_pubnames
 *(.debug_pubnames)

.debug_info
 *(.debug_info .gnu.linkonce.wi.*)

.debug_abbrev
 *(.debug_abbrev)

.debug_line
 *(.debug_line)

.debug_frame
 *(.debug_frame)

.debug_str
 *(.debug_str)

.debug_loc
 *(.debug_loc)

.debug_macinfo
 *(.debug_macinfo)

.debug_weaknames
 *(.debug_weaknames)

.debug_funcnames
 *(.debug_funcnames)

.debug_typenames
 *(.debug_typenames)

.debug_varnames
 *(.debug_varnames)

.debug_pubtypes
 *(.debug_pubtypes)

.debug_ranges
 *(.debug_ranges)

.gnu.attributes
 *(.gnu.attributes)

/DISCARD/
 *(.note.GNU-stack)
 *(.gnu_debuglink)
 *(.gnu.lto_*)
OUTPUT(kernel.bin elf32-i386)
