Archive member included because of file (symbol)

lib/liblyos.a(x86_lib.o)      kernel/krnl.o (strcpy)
lib/liblyos.a(io.o)           kernel/krnl.o (lseek)
lib/liblyos.a(posix.o)        fs/fs.o (getpid)
lib/liblyos.a(stdio.o)        kernel/krnl.o (printf)
lib/liblyos.a(string.o)       kernel/krnl.o (memcmp)

Allocating common symbols
Common symbol       size              file

rd_length           0x4               kernel/krnl.o
idt_ptr             0x6               kernel/krnl.o
inode_table         0xb00             kernel/krnl.o
task_stack          0x3c000           kernel/krnl.o
errno               0x4               kernel/krnl.o
mem_start           0x4               kernel/krnl.o
k_reenter           0x4               kernel/krnl.o
buffer_base         0x4               kernel/krnl.o
gdt                 0x400             kernel/krnl.o
current_console     0x4               kernel/krnl.o
pcaller             0x4               kernel/krnl.o
tty_table           0xcd2             kernel/krnl.o
buffer_length       0x4               kernel/krnl.o
tss                 0x68              kernel/krnl.o
fs_msg              0x30              kernel/krnl.o
reply               0x7               drivers/drivers.o
memory_size         0x4               kernel/krnl.o
f_desc_table        0x500             kernel/krnl.o
root_inode          0x4               kernel/krnl.o
current             0x4               kernel/krnl.o
selected            0x1               drivers/drivers.o
disp_pos            0x4               kernel/krnl.o
mm_msg              0x30              kernel/krnl.o
key_pressed         0x4               kernel/krnl.o
buffer_table        0x1414            kernel/krnl.o
gdt_ptr             0x6               kernel/krnl.o
kernel_addr         0x4               kernel/krnl.o
jiffies             0x4               kernel/krnl.o
idt                 0x800             kernel/krnl.o
super_block         0x1e0             kernel/krnl.o
PARTITION_ENTRY     0x10              fs/fs.o
motor               0x4               drivers/drivers.o
console_table       0x7e              kernel/krnl.o
rd_base             0x4               kernel/krnl.o
irq_table           0x40              kernel/krnl.o
drive_type          0x10              drivers/drivers.o
file_systems        0x4               kernel/krnl.o
proc_table          0x8a12            kernel/krnl.o
nr_buffer           0x4               kernel/krnl.o

Discarded input sections

 .note.GNU-stack
                0x0000000000000000        0x0 kernel/krnl.o
 .note.GNU-stack
                0x0000000000000000        0x0 fs/fs.o
 .note.GNU-stack
                0x0000000000000000        0x0 mm/mm.o
 .note.GNU-stack
                0x0000000000000000        0x0 drivers/drivers.o
 .note.GNU-stack
                0x0000000000000000        0x0 lib/misc/syslog.o
 .note.GNU-stack
                0x0000000000000000        0x0 lib/liblyos.a(io.o)
 .note.GNU-stack
                0x0000000000000000        0x0 lib/liblyos.a(posix.o)
 .note.GNU-stack
                0x0000000000000000        0x0 lib/liblyos.a(stdio.o)
 .note.GNU-stack
                0x0000000000000000        0x0 lib/liblyos.a(string.o)

Memory Configuration

Name             Origin             Length             Attributes
*default*        0x0000000000000000 0xffffffffffffffff

Linker script and memory map

Address of section .text set to 0x1000
LOAD kernel/krnl.o
LOAD fs/fs.o
LOAD mm/mm.o
LOAD drivers/drivers.o
LOAD lib/misc/syslog.o
LOAD lib/liblyos.a
                0x0000000008048000                PROVIDE (__executable_start, 0x8048000)
                0x0000000008048094                . = (0x8048000 + SIZEOF_HEADERS)

.interp
 *(.interp)

.note.gnu.build-id
 *(.note.gnu.build-id)

.hash
 *(.hash)

.gnu.hash
 *(.gnu.hash)

.dynsym
 *(.dynsym)

.dynstr
 *(.dynstr)

.gnu.version
 *(.gnu.version)

.gnu.version_d
 *(.gnu.version_d)

.gnu.version_r
 *(.gnu.version_r)

.rel.dyn        0x0000000008048094        0x0
 *(.rel.init)
 *(.rel.text .rel.text.* .rel.gnu.linkonce.t.*)
 .rel.text      0x0000000000000000        0x0 kernel/krnl.o
 *(.rel.fini)
 *(.rel.rodata .rel.rodata.* .rel.gnu.linkonce.r.*)
 *(.rel.data.rel.ro* .rel.gnu.linkonce.d.rel.ro.*)
 *(.rel.data .rel.data.* .rel.gnu.linkonce.d.*)
 .rel.data      0x0000000000000000        0x0 kernel/krnl.o
 *(.rel.tdata .rel.tdata.* .rel.gnu.linkonce.td.*)
 *(.rel.tbss .rel.tbss.* .rel.gnu.linkonce.tb.*)
 *(.rel.ctors)
 *(.rel.dtors)
 *(.rel.got)
 *(.rel.bss .rel.bss.* .rel.gnu.linkonce.b.*)
 *(.rel.ifunc)

.rel.plt        0x0000000008048094        0x0
 *(.rel.plt)
                0x0000000008048094                PROVIDE (__rel_iplt_start, .)
 *(.rel.iplt)
 .rel.iplt      0x0000000000000000        0x0 kernel/krnl.o
                0x0000000008048094                PROVIDE (__rel_iplt_end, .)

.init
 *(.init)

.plt            0x0000000008048094        0x0
 *(.plt)
 *(.iplt)
 .iplt          0x0000000000000000        0x0 kernel/krnl.o

.text           0x0000000000001000     0xec28
 *(.text.unlikely .text.*_unlikely)
 *(.text.exit .text.exit.*)
 *(.text.startup .text.startup.*)
 *(.text.hot .text.hot.*)
 *(.text .stub .text.* .gnu.linkonce.t.*)
 .text          0x0000000000001000     0x367f kernel/krnl.o
                0x0000000000001000                _start
                0x0000000000001040                hwint00
                0x0000000000001070                hwint01
                0x00000000000010a0                hwint02
                0x00000000000010d0                hwint03
                0x0000000000001100                hwint04
                0x0000000000001130                hwint05
                0x0000000000001160                hwint06
                0x0000000000001190                hwint07
                0x00000000000011c0                hwint08
                0x00000000000011f0                hwint09
                0x0000000000001220                hwint10
                0x0000000000001250                hwint11
                0x0000000000001280                hwint12
                0x00000000000012b0                hwint13
                0x00000000000012e0                hwint14
                0x0000000000001310                hwint15
                0x0000000000001337                divide_error
                0x0000000000001346                single_step_exception
                0x0000000000001355                nmi
                0x0000000000001364                breakpoint_exception
                0x0000000000001373                overflow
                0x0000000000001382                bounds_check
                0x0000000000001391                inval_opcode
                0x00000000000013a0                copr_not_available
                0x00000000000013af                double_fault
                0x00000000000013b9                copr_seg_overrun
                0x00000000000013c8                inval_tss
                0x00000000000013d2                segment_not_present
                0x00000000000013dc                stack_exception
                0x00000000000013e6                general_protection
                0x00000000000013f0                copr_error
                0x0000000000001448                sys_call
                0x000000000000146b                restart
                0x00000000000014a0                disp_str
                0x00000000000014e7                disp_color_str
                0x000000000000152f                out_byte
                0x000000000000153b                in_byte
                0x0000000000001545                port_read
                0x0000000000001558                port_write
                0x000000000000156b                disable_irq
                0x00000000000015a0                enable_irq
                0x00000000000015bf                disable_int
                0x00000000000015c1                enable_int
                0x00000000000015c3                glitter
                0x0000000000001664                hard_reboot
                0x0000000000001670                cstart
                0x00000000000016f4                kernel_main
                0x0000000000001a28                get_ticks
                0x0000000000001a60                untar
                0x0000000000001c82                shell
                0x0000000000001e2e                Init
                0x0000000000001f14                TestA
                0x0000000000001f19                TestB
                0x0000000000001f1e                TestC
                0x0000000000001f23                panic
                0x0000000000001f70                clock_handler
                0x0000000000001fea                milli_delay
                0x0000000000002025                init_clock
                0x000000000000208c                init_8259A
                0x000000000000217d                spurious_irq
                0x00000000000021a8                put_irq_handler
                0x00000000000021c8                init_prot
                0x00000000000027f4                seg2linear
                0x0000000000002843                init_desc
                0x00000000000028af                exception_handler
                0x0000000000003144                schedule
                0x0000000000003225                do_setuid
                0x0000000000003241                do_getuid
                0x0000000000003255                do_setgid
                0x0000000000003271                do_getgid
                0x0000000000003285                do_geteuid
                0x0000000000003299                do_getegid
                0x00000000000032ad                do_nice
                0x00000000000032ef                sys_sendrec
                0x00000000000033b6                ldt_seg_linear
                0x00000000000033fa                va2la
                0x0000000000003435                reset_msg
                0x00000000000039d5                inform_int
                0x0000000000003a8c                dumproc
                0x0000000000003df4                dump_msg
                0x0000000000003f3c                task_sys
                0x000000000000425c                in_word
                0x0000000000004288                out_word
                0x00000000000042aa                in_long
                0x00000000000042d3                out_long
                0x00000000000042ec                get_boot_params
                0x0000000000004318                get_kernel_map
                0x000000000000440b                itoa
                0x00000000000044b5                disp_int
                0x00000000000044da                printk
                0x000000000000451e                delay
                0x0000000000004564                sys_reboot
                0x0000000000004576                do_ftime
                0x0000000000004580                do_mknod
                0x000000000000458a                do_break
                0x0000000000004594                do_ustat
                0x000000000000459e                do_ptrace
                0x00000000000045a8                do_stty
                0x00000000000045b2                do_gtty
                0x00000000000045bc                do_rename
                0x00000000000045c6                do_prof
                0x00000000000045d0                do_acct
                0x00000000000045da                do_phys
                0x00000000000045e4                do_lock
                0x00000000000045ee                do_mpx
                0x00000000000045f8                do_ulimit
                0x0000000000004602                do_stime
                0x000000000000460c                do_times
                0x0000000000004616                do_brk
                0x0000000000004620                do_setpgid
                0x000000000000462a                do_getpgrp
                0x0000000000004634                do_setsid
                0x000000000000463e                do_uname
                0x0000000000004675                do_umask
 *fill*         0x000000000000467f        0x1 90909090
 .text          0x0000000000004680     0x5b71 fs/fs.o
                0x0000000000004680                task_fs
                0x000000000000488f                register_filesystem
                0x00000000000049dc                task_lyos_fs
                0x0000000000004ce7                init_fs
                0x0000000000004d88                mount_root
                0x000000000000578f                rw_sector
                0x0000000000005800                read_super_block
                0x0000000000005938                get_super_block
                0x000000000000597f                get_inode
                0x0000000000005afc                put_inode
                0x0000000000005b10                sync_inode
                0x0000000000005c3a                fs_fork
                0x0000000000005cb7                fs_exit
                0x0000000000005d6c                do_open
                0x0000000000006208                do_mkdir
                0x0000000000006292                do_close
                0x0000000000006316                do_lseek
                0x00000000000063d3                do_chdir
                0x0000000000006458                do_chroot
                0x0000000000006a2c                do_mount
                0x0000000000006a36                do_umount
                0x0000000000006a40                do_stat
                0x0000000000006be0                do_rdwt
                0x0000000000006f9c                do_unlink
                0x0000000000007744                disklog
                0x0000000000007d20                dump_fd_graph
                0x0000000000009854                get_buffer
                0x00000000000098c9                find_buffer
                0x000000000000993d                sync_buffer
                0x0000000000009942                do_sync
                0x0000000000009947                free_buffer
                0x000000000000994c                init_buffer
                0x0000000000009a4c                file_open
                0x0000000000009c7f                file_read
                0x0000000000009ca8                file_write
                0x0000000000009cd4                namei
                0x0000000000009d4c                last_dir
                0x0000000000009ec8                find_entry
                0x0000000000009fe5                search_file
                0x000000000000a165                strip_path
 *fill*         0x000000000000a1f1        0xf 90909090
 .text          0x000000000000a200     0x1004 mm/mm.o
                0x000000000000a200                page_fault
                0x000000000000a248                task_mm
                0x000000000000a4ef                get_user_pages
                0x000000000000a5a3                free_user_pages
                0x000000000000a5f5                alloc_mem
                0x000000000000a651                free_mem
                0x000000000000a65c                do_fork
                0x000000000000a98d                do_exit
                0x000000000000ab62                do_wait
                0x000000000000ac20                do_exec
                0x000000000000af3c                wp_page
                0x000000000000af41                no_page
                0x000000000000af48                do_sigaction
                0x000000000000b0a0                do_alarm
                0x000000000000b15c                do_kill
                0x000000000000b1d5                do_raise
 .text          0x000000000000b204     0x3cf5 drivers/drivers.o
                0x000000000000b204                task_fd
                0x000000000000ba8a                fd_handler
                0x000000000000ba9e                do_fd_request
                0x000000000000baa3                init_fd
                0x000000000000bb10                task_hd
                0x000000000000bbef                do_hd_request
                0x000000000000c7ff                hd_handler
                0x000000000000c824                task_rd
                0x000000000000c8c7                do_rd_request
                0x000000000000c9ef                init_rd
                0x000000000000ca41                rd_load_image
                0x000000000000cc1c                add_request
                0x000000000000ccc4                task_scsi
                0x000000000000cd5c                scsi_handler
                0x000000000000cd61                do_scsi_request
                0x000000000000cd66                init_scsi
                0x000000000000cd6c                init_screen
                0x000000000000cefb                out_char
                0x000000000000d20e                is_current_console
                0x000000000000d9f0                select_console
                0x000000000000da27                scroll_screen
                0x000000000000dc50                keyboard_handler
                0x000000000000dcb9                init_keyboard
                0x000000000000dd74                keyboard_read
                0x000000000000e330                task_tty
                0x000000000000e4bd                in_process
                0x000000000000ea0c                sys_printx
                0x000000000000ebb2                dump_tty_buf
                0x000000000000ed14                task_inet
                0x000000000000ed1c                task_pci
                0x000000000000ee08                pci_init
                0x000000000000ee1c                dev_driver_task
 *fill*         0x000000000000eef9        0x3 90909090
 .text          0x000000000000eefc       0x41 lib/misc/syslog.o
                0x000000000000eefc                syslog
 *fill*         0x000000000000ef3d        0x3 90909090
 .text          0x000000000000ef40       0xc7 lib/liblyos.a(x86_lib.o)
                0x000000000000ef40                sendrec
                0x000000000000ef5a                printx
                0x000000000000ef68                reboot
                0x000000000000ef80                memcpy
                0x000000000000efaf                memset
                0x000000000000efd6                strcpy
                0x000000000000efee                strlen
 *fill*         0x000000000000f007        0x1 90909090
 .text          0x000000000000f008      0x20b lib/liblyos.a(io.o)
                0x000000000000f008                open
                0x000000000000f04f                mkdir
                0x000000000000f094                read
                0x000000000000f0d4                write
                0x000000000000f114                close
                0x000000000000f148                unlink
                0x000000000000f18c                lseek
                0x000000000000f1cc                stat
 *fill*         0x000000000000f213        0x1 90909090
 .text          0x000000000000f214      0x501 lib/liblyos.a(posix.o)
                0x000000000000f214                send_recv
                0x000000000000f2c0                spin
                0x000000000000f2dc                getpid
                0x000000000000f30c                getuid
                0x000000000000f339                setuid
                0x000000000000f374                getgid
                0x000000000000f3a1                setgid
                0x000000000000f3dc                geteuid
                0x000000000000f409                getegid
                0x000000000000f438                fork
                0x000000000000f468                exit
                0x000000000000f498                wait
                0x000000000000f4dc                exec
                0x000000000000f52b                execl
                0x000000000000f551                execv
                0x000000000000f670                kill
                0x000000000000f6a9                raise
                0x000000000000f6dc                uname
 *fill*         0x000000000000f715        0x3 90909090
 .text          0x000000000000f718      0x3b9 lib/liblyos.a(stdio.o)
                0x000000000000f718                printf
                0x000000000000f76e                printl
                0x000000000000f81f                vsprintf
                0x000000000000faa7                sprintf
 *fill*         0x000000000000fad1        0x3 90909090
 .text          0x000000000000fad4      0x154 lib/liblyos.a(string.o)
                0x000000000000fad4                memcmp
                0x000000000000fb50                strcmp
                0x000000000000fbc8                strcat
 *(.gnu.warning)

.fini
 *(.fini)
                0x000000000000fc28                PROVIDE (__etext, .)
                0x000000000000fc28                PROVIDE (_etext, .)
                0x000000000000fc28                PROVIDE (etext, .)

.rodata         0x000000000000fc28     0x17e5
 *(.rodata .rodata.* .gnu.linkonce.r.*)
 .rodata        0x000000000000fc28      0x398 kernel/krnl.o
                0x000000000000fdd8                FSBUF_SIZE
                0x000000000000fddc                MMBUF_SIZE
                0x000000000000fde0                LOGBUF_SIZE
                0x000000000000fde4                LOGDISKBUF_SIZE
 .rodata        0x000000000000ffc0      0xc88 fs/fs.o
 .rodata        0x0000000000010c48      0x14c mm/mm.o
 .rodata        0x0000000000010d94      0x664 drivers/drivers.o
 .rodata        0x00000000000113f8       0x15 lib/liblyos.a(posix.o)

.rodata1
 *(.rodata1)

.eh_frame_hdr
 *(.eh_frame_hdr)

.eh_frame
 *(.eh_frame)

.gcc_except_table
 *(.gcc_except_table .gcc_except_table.*)
                0x000000000001140d                . = (ALIGN (0x1000) - ((0x1000 - .) & 0xfff))
                0x000000000001240d                . = DATA_SEGMENT_ALIGN (0x1000, 0x1000)

.eh_frame
 *(.eh_frame)

.gcc_except_table
 *(.gcc_except_table .gcc_except_table.*)

.tdata
 *(.tdata .tdata.* .gnu.linkonce.td.*)

.tbss
 *(.tbss .tbss.* .gnu.linkonce.tb.*)
 *(.tcommon)

.preinit_array  0x000000000001240d        0x0
                0x000000000001240d                PROVIDE (__preinit_array_start, .)
 *(.preinit_array)
                0x000000000001240d                PROVIDE (__preinit_array_end, .)

.init_array     0x000000000001240d        0x0
                0x000000000001240d                PROVIDE (__init_array_start, .)
 *(SORT(.init_array.*))
 *(.init_array)
                0x000000000001240d                PROVIDE (__init_array_end, .)

.fini_array     0x000000000001240d        0x0
                0x000000000001240d                PROVIDE (__fini_array_start, .)
 *(SORT(.fini_array.*))
 *(.fini_array)
                0x000000000001240d                PROVIDE (__fini_array_end, .)

.ctors
 *crtbegin.o(.ctors)
 *crtbegin?.o(.ctors)
 *(EXCLUDE_FILE(*crtend?.o *crtend.o) .ctors)
 *(SORT(.ctors.*))
 *(.ctors)

.dtors
 *crtbegin.o(.dtors)
 *crtbegin?.o(.dtors)
 *(EXCLUDE_FILE(*crtend?.o *crtend.o) .dtors)
 *(SORT(.dtors.*))
 *(.dtors)

.jcr
 *(.jcr)

.data.rel.ro
 *(.data.rel.ro.local* .gnu.linkonce.d.rel.ro.local.*)
 *(.data.rel.ro* .gnu.linkonce.d.rel.ro.*)

.dynamic
 *(.dynamic)

.got
 *(.got)
 *(.igot)
                0x000000000001240d                . = DATA_SEGMENT_RELRO_END (., 0xc)

.got.plt        0x0000000000012410        0x0
 *(.got.plt)
 *(.igot.plt)
 .igot.plt      0x0000000000000000        0x0 kernel/krnl.o

.data           0x0000000000012420      0xa44
 *(.data .data.* .gnu.linkonce.d.*)
 .data          0x0000000000012420      0x318 kernel/krnl.o
                0x0000000000012440                ROOT_DEV
                0x0000000000012460                task_table
                0x0000000000012620                user_proc_table
                0x00000000000126c0                sys_call_table
                0x00000000000126e0                thisname
                0x000000000001270d                dd_map
                0x0000000000012728                fsbuf
                0x000000000001272c                mmbuf
                0x0000000000012730                logbuf
                0x0000000000012734                logdiskbuf
 .data          0x0000000000012738        0x5 fs/fs.o
                0x0000000000012738                dot1
                0x000000000001273a                dot2
 *fill*         0x000000000001273d        0x3 00
 .data          0x0000000000012740        0x0 mm/mm.o
 .data          0x0000000000012740      0x724 drivers/drivers.o
                0x0000000000012820                floppy_buffer
                0x0000000000012824                hd_driver
                0x0000000000012840                keymap
 .data          0x0000000000012e64        0x0 lib/misc/syslog.o
 .data          0x0000000000012e64        0x0 lib/liblyos.a(io.o)
 .data          0x0000000000012e64        0x0 lib/liblyos.a(posix.o)
 .data          0x0000000000012e64        0x0 lib/liblyos.a(stdio.o)
 .data          0x0000000000012e64        0x0 lib/liblyos.a(string.o)

.data1
 *(.data1)
                0x0000000000012e64                _edata = .
                0x0000000000012e64                PROVIDE (edata, .)
                0x0000000000012e64                __bss_start = .

.bss            0x0000000000012e80    0x49ce4
 *(.dynbss)
 *(.bss .bss.* .gnu.linkonce.b.*)
 .bss           0x0000000000012e80      0x800 kernel/krnl.o
 .bss           0x0000000000013680      0x208 fs/fs.o
 .bss           0x0000000000013888        0xc mm/mm.o
 *fill*         0x0000000000013894        0xc 00
 .bss           0x00000000000138a0      0x6f8 drivers/drivers.o
                0x0000000000013f00                blk_dev_table
 .bss           0x0000000000013f98        0x0 lib/misc/syslog.o
 .bss           0x0000000000013f98        0x0 lib/liblyos.a(io.o)
 .bss           0x0000000000013f98        0x0 lib/liblyos.a(posix.o)
 .bss           0x0000000000013f98        0x0 lib/liblyos.a(stdio.o)
 .bss           0x0000000000013f98        0x0 lib/liblyos.a(string.o)
 *(COMMON)
 *fill*         0x0000000000013f98        0x8 00
 COMMON         0x0000000000013fa0    0x48b98 kernel/krnl.o
                0x0000000000013fa0                rd_length
                0x0000000000013fa4                idt_ptr
                0x0000000000013fc0                inode_table
                0x0000000000014ac0                task_stack
                0x0000000000050ac0                errno
                0x0000000000050ac4                mem_start
                0x0000000000050ac8                k_reenter
                0x0000000000050acc                buffer_base
                0x0000000000050ae0                gdt
                0x0000000000050ee0                current_console
                0x0000000000050ee4                pcaller
                0x0000000000050f00                tty_table
                0x0000000000051bd4                buffer_length
                0x0000000000051be0                tss
                0x0000000000051c60                fs_msg
                0x0000000000051c90                memory_size
                0x0000000000051ca0                f_desc_table
                0x00000000000521a0                root_inode
                0x00000000000521a4                current
                0x00000000000521a8                disp_pos
                0x00000000000521c0                mm_msg
                0x00000000000521f0                key_pressed
                0x0000000000052200                buffer_table
                0x0000000000053614                gdt_ptr
                0x000000000005361c                kernel_addr
                0x0000000000053620                jiffies
                0x0000000000053640                idt
                0x0000000000053e40                super_block
                0x0000000000054020                console_table
                0x00000000000540a0                rd_base
                0x00000000000540c0                irq_table
                0x0000000000054100                file_systems
                0x0000000000054120                proc_table
                0x000000000005cb34                nr_buffer
 COMMON         0x000000000005cb38       0x10 fs/fs.o
                0x000000000005cb38                PARTITION_ENTRY
 COMMON         0x000000000005cb48       0x1c drivers/drivers.o
                0x000000000005cb48                reply
                0x000000000005cb4f                selected
                0x000000000005cb50                motor
                0x000000000005cb54                drive_type
                0x000000000005cb64                . = ALIGN ((. != 0x0)?0x4:0x1)
                0x000000000005cb64                . = ALIGN (0x4)
                0x000000000005cb64                . = ALIGN (0x4)
                0x000000000005cb64                _end = .
                0x000000000005cb64                PROVIDE (end, .)
                0x000000000005cb64                . = DATA_SEGMENT_END (.)

.stab
 *(.stab)

.stabstr
 *(.stabstr)

.stab.excl
 *(.stab.excl)

.stab.exclstr
 *(.stab.exclstr)

.stab.index
 *(.stab.index)

.stab.indexstr
 *(.stab.indexstr)

.comment        0x0000000000000000      0x369
 *(.comment)
 .comment       0x0000000000000000      0x20b kernel/krnl.o
 .comment       0x000000000000020b       0x2a fs/fs.o
                                        0x1ae (size before relaxing)
 .comment       0x0000000000000235       0xf6 mm/mm.o
 .comment       0x0000000000000000      0x1d9 drivers/drivers.o
 .comment       0x0000000000000000       0x2b lib/misc/syslog.o
 .comment       0x000000000000032b       0x3e lib/liblyos.a(x86_lib.o)
 .comment       0x0000000000000000      0x12d lib/liblyos.a(io.o)
 .comment       0x0000000000000000      0x183 lib/liblyos.a(posix.o)
 .comment       0x0000000000000000       0x56 lib/liblyos.a(stdio.o)
 .comment       0x0000000000000000      0x102 lib/liblyos.a(string.o)

.debug
 *(.debug)

.line
 *(.line)

.debug_srcinfo
 *(.debug_srcinfo)

.debug_sfnames
 *(.debug_sfnames)

.debug_aranges
 *(.debug_aranges)

.debug_pubnames
 *(.debug_pubnames)

.debug_info
 *(.debug_info .gnu.linkonce.wi.*)

.debug_abbrev
 *(.debug_abbrev)

.debug_line
 *(.debug_line)

.debug_frame
 *(.debug_frame)

.debug_str
 *(.debug_str)

.debug_loc
 *(.debug_loc)

.debug_macinfo
 *(.debug_macinfo)

.debug_weaknames
 *(.debug_weaknames)

.debug_funcnames
 *(.debug_funcnames)

.debug_typenames
 *(.debug_typenames)

.debug_varnames
 *(.debug_varnames)

.debug_pubtypes
 *(.debug_pubtypes)

.debug_ranges
 *(.debug_ranges)

.gnu.attributes
 *(.gnu.attributes)

/DISCARD/
 *(.note.GNU-stack)
 *(.gnu_debuglink)
 *(.gnu.lto_*)
OUTPUT(kernel.bin elf32-i386)
