Archive member included because of file (symbol)

lib/liblyos.a(x86_lib.o)      kernel/krnl.o (strcpy)
lib/liblyos.a(io.o)           kernel/krnl.o (lseek)
lib/liblyos.a(misc.o)         drivers/drivers.o (spin)
lib/liblyos.a(posix.o)        fs/fs.o (getpid)
lib/liblyos.a(stdio.o)        kernel/krnl.o (printf)
lib/liblyos.a(string.o)       kernel/krnl.o (memcmp)

Allocating common symbols
Common symbol       size              file

rd_length           0x4               kernel/krnl.o
idt_ptr             0x6               kernel/krnl.o
inode_table         0xb00             kernel/krnl.o
task_stack          0x3c000           kernel/krnl.o
errno               0x4               kernel/krnl.o
mem_start           0x4               kernel/krnl.o
k_reenter           0x4               kernel/krnl.o
buffer_base         0x4               kernel/krnl.o
gdt                 0x400             kernel/krnl.o
current_console     0x4               kernel/krnl.o
pcaller             0x4               kernel/krnl.o
tty_table           0xd68             kernel/krnl.o
buffer_length       0x4               kernel/krnl.o
tss                 0x68              kernel/krnl.o
fs_msg              0x30              kernel/krnl.o
reply               0x7               drivers/drivers.o
memory_size         0x4               kernel/krnl.o
f_desc_table        0x500             kernel/krnl.o
root_inode          0x4               kernel/krnl.o
current             0x4               kernel/krnl.o
selected            0x1               drivers/drivers.o
disp_pos            0x4               kernel/krnl.o
mm_msg              0x30              kernel/krnl.o
key_pressed         0x4               kernel/krnl.o
buffer_table        0x1414            kernel/krnl.o
gdt_ptr             0x6               kernel/krnl.o
kernel_addr         0x4               kernel/krnl.o
jiffies             0x4               kernel/krnl.o
idt                 0x800             kernel/krnl.o
super_block         0x1e0             kernel/krnl.o
PARTITION_ENTRY     0x10              fs/fs.o
motor               0x4               drivers/drivers.o
console_table       0x8a              kernel/krnl.o
rd_base             0x4               kernel/krnl.o
irq_table           0x40              kernel/krnl.o
drive_type          0x10              drivers/drivers.o
file_systems        0x4               kernel/krnl.o
proc_table          0x901e            kernel/krnl.o
nr_buffer           0x4               kernel/krnl.o

Discarded input sections

 .note.GNU-stack
                0x0000000000000000        0x0 kernel/krnl.o
 .note.GNU-stack
                0x0000000000000000        0x0 fs/fs.o
 .note.GNU-stack
                0x0000000000000000        0x0 mm/mm.o
 .note.GNU-stack
                0x0000000000000000        0x0 drivers/drivers.o
 .note.GNU-stack
                0x0000000000000000        0x0 lib/misc/syslog.o
 .note.GNU-stack
                0x0000000000000000        0x0 lib/liblyos.a(io.o)
 .note.GNU-stack
                0x0000000000000000        0x0 lib/liblyos.a(misc.o)
 .note.GNU-stack
                0x0000000000000000        0x0 lib/liblyos.a(posix.o)
 .note.GNU-stack
                0x0000000000000000        0x0 lib/liblyos.a(stdio.o)
 .note.GNU-stack
                0x0000000000000000        0x0 lib/liblyos.a(string.o)

Memory Configuration

Name             Origin             Length             Attributes
*default*        0x0000000000000000 0xffffffffffffffff

Linker script and memory map

Address of section .text set to 0x1000
LOAD kernel/krnl.o
LOAD fs/fs.o
LOAD mm/mm.o
LOAD drivers/drivers.o
LOAD lib/misc/syslog.o
LOAD lib/liblyos.a
                0x0000000008048000                PROVIDE (__executable_start, 0x8048000)
                0x0000000008048094                . = (0x8048000 + SIZEOF_HEADERS)

.interp
 *(.interp)

.note.gnu.build-id
 *(.note.gnu.build-id)

.hash
 *(.hash)

.gnu.hash
 *(.gnu.hash)

.dynsym
 *(.dynsym)

.dynstr
 *(.dynstr)

.gnu.version
 *(.gnu.version)

.gnu.version_d
 *(.gnu.version_d)

.gnu.version_r
 *(.gnu.version_r)

.rel.dyn        0x0000000008048094        0x0
 *(.rel.init)
 *(.rel.text .rel.text.* .rel.gnu.linkonce.t.*)
 .rel.text      0x0000000000000000        0x0 kernel/krnl.o
 *(.rel.fini)
 *(.rel.rodata .rel.rodata.* .rel.gnu.linkonce.r.*)
 *(.rel.data.rel.ro* .rel.gnu.linkonce.d.rel.ro.*)
 *(.rel.data .rel.data.* .rel.gnu.linkonce.d.*)
 .rel.data      0x0000000000000000        0x0 kernel/krnl.o
 *(.rel.tdata .rel.tdata.* .rel.gnu.linkonce.td.*)
 *(.rel.tbss .rel.tbss.* .rel.gnu.linkonce.tb.*)
 *(.rel.ctors)
 *(.rel.dtors)
 *(.rel.got)
 *(.rel.bss .rel.bss.* .rel.gnu.linkonce.b.*)
 *(.rel.ifunc)

.rel.plt        0x0000000008048094        0x0
 *(.rel.plt)
                0x0000000008048094                PROVIDE (__rel_iplt_start, .)
 *(.rel.iplt)
 .rel.iplt      0x0000000000000000        0x0 kernel/krnl.o
                0x0000000008048094                PROVIDE (__rel_iplt_end, .)

.init
 *(.init)

.plt            0x00000000080480a0        0x0
 *(.plt)
 *(.iplt)
 .iplt          0x0000000000000000        0x0 kernel/krnl.o

.text           0x0000000000001000     0xeba0
 *(.text.unlikely .text.*_unlikely)
 *(.text.exit .text.exit.*)
 *(.text.startup .text.startup.*)
 *(.text.hot .text.hot.*)
 *(.text .stub .text.* .gnu.linkonce.t.*)
 .text          0x0000000000001000     0x3093 kernel/krnl.o
                0x0000000000001000                _start
                0x0000000000001040                hwint00
                0x0000000000001070                hwint01
                0x00000000000010a0                hwint02
                0x00000000000010d0                hwint03
                0x0000000000001100                hwint04
                0x0000000000001130                hwint05
                0x0000000000001160                hwint06
                0x0000000000001190                hwint07
                0x00000000000011c0                hwint08
                0x00000000000011f0                hwint09
                0x0000000000001220                hwint10
                0x0000000000001250                hwint11
                0x0000000000001280                hwint12
                0x00000000000012b0                hwint13
                0x00000000000012e0                hwint14
                0x0000000000001310                hwint15
                0x0000000000001334                divide_error
                0x000000000000133a                single_step_exception
                0x0000000000001340                nmi
                0x0000000000001346                breakpoint_exception
                0x000000000000134c                overflow
                0x0000000000001352                bounds_check
                0x0000000000001358                inval_opcode
                0x000000000000135e                copr_not_available
                0x0000000000001364                double_fault
                0x0000000000001368                copr_seg_overrun
                0x000000000000136e                inval_tss
                0x0000000000001372                segment_not_present
                0x0000000000001376                stack_exception
                0x000000000000137a                general_protection
                0x000000000000137e                copr_error
                0x00000000000013c7                sys_call
                0x00000000000013e7                restart
                0x0000000000001410                disp_str
                0x000000000000144e                disp_color_str
                0x000000000000148d                out_byte
                0x0000000000001499                in_byte
                0x00000000000014a3                port_read
                0x00000000000014b6                port_write
                0x00000000000014c9                disable_irq
                0x00000000000014fe                enable_irq
                0x000000000000151d                disable_int
                0x000000000000151f                enable_int
                0x0000000000001521                glitter
                0x00000000000015b4                hard_reboot
                0x00000000000015c0                cstart
                0x0000000000001638                kernel_main
                0x00000000000019ca                get_ticks
                0x0000000000001a02                untar
                0x0000000000001c24                shell
                0x0000000000001dcf                Init
                0x0000000000001eb5                TestA
                0x0000000000001eba                TestB
                0x0000000000001ebf                TestC
                0x0000000000001ec4                panic
                0x0000000000001f0c                clock_handler
                0x0000000000001f86                milli_delay
                0x0000000000001fc1                init_clock
                0x0000000000002028                init_8259A
                0x0000000000002119                spurious_irq
                0x0000000000002144                put_irq_handler
                0x0000000000002164                init_prot
                0x000000000000278f                seg2linear
                0x00000000000027de                init_desc
                0x000000000000284a                exception_handler
                0x00000000000029b0                schedule
                0x0000000000002a9d                do_setuid
                0x0000000000002ab9                do_getuid
                0x0000000000002acd                do_setgid
                0x0000000000002ae9                do_getgid
                0x0000000000002afd                do_geteuid
                0x0000000000002b11                do_getegid
                0x0000000000002b25                do_nice
                0x0000000000002b67                sys_sendrec
                0x0000000000002c2e                ldt_seg_linear
                0x0000000000002c71                va2la
                0x0000000000002cac                reset_msg
                0x0000000000003280                inform_int
                0x0000000000003340                dumproc
                0x00000000000036aa                dump_msg
                0x00000000000037f4                task_sys
                0x0000000000003b14                in_word
                0x0000000000003b40                out_word
                0x0000000000003b62                in_long
                0x0000000000003b8b                out_long
                0x0000000000003ba4                get_boot_params
                0x0000000000003bce                get_kernel_map
                0x0000000000003cbe                get_kernel_sections
                0x0000000000003e22                itoa
                0x0000000000003ecc                disp_int
                0x0000000000003ef1                printk
                0x0000000000003f32                delay
                0x0000000000003f78                sys_reboot
                0x0000000000003f8a                do_ftime
                0x0000000000003f94                do_mknod
                0x0000000000003f9e                do_break
                0x0000000000003fa8                do_ustat
                0x0000000000003fb2                do_ptrace
                0x0000000000003fbc                do_stty
                0x0000000000003fc6                do_gtty
                0x0000000000003fd0                do_rename
                0x0000000000003fda                do_prof
                0x0000000000003fe4                do_acct
                0x0000000000003fee                do_phys
                0x0000000000003ff8                do_lock
                0x0000000000004002                do_mpx
                0x000000000000400c                do_ulimit
                0x0000000000004016                do_stime
                0x0000000000004020                do_times
                0x000000000000402a                do_brk
                0x0000000000004034                do_setpgid
                0x000000000000403e                do_getpgrp
                0x0000000000004048                do_setsid
                0x0000000000004052                do_uname
                0x0000000000004089                do_umask
 *fill*         0x0000000000004093        0x1 90909090
 .text          0x0000000000004094     0x5887 fs/fs.o
                0x0000000000004094                task_fs
                0x0000000000004160                task_lyos_fs
                0x000000000000446e                init_fs
                0x000000000000450e                mount_root
                0x0000000000004f01                rw_sector
                0x0000000000004f72                read_super_block
                0x00000000000050aa                get_super_block
                0x00000000000050f0                get_inode
                0x0000000000005269                put_inode
                0x000000000000527d                sync_inode
                0x00000000000053a4                fs_fork
                0x0000000000005421                fs_exit
                0x00000000000054d4                do_open
                0x0000000000005970                do_mkdir
                0x00000000000059fa                do_close
                0x0000000000005a7e                do_lseek
                0x0000000000005b3a                do_chdir
                0x0000000000005bbf                do_chroot
                0x0000000000006187                do_mount
                0x0000000000006191                do_umount
                0x000000000000619c                do_stat
                0x000000000000637c                do_rdwt
                0x0000000000006734                do_unlink
                0x0000000000006ed4                disklog
                0x00000000000074ad                dump_fd_graph
                0x0000000000008f84                get_buffer
                0x0000000000008ff9                find_buffer
                0x000000000000906d                sync_buffer
                0x0000000000009072                do_sync
                0x0000000000009077                free_buffer
                0x000000000000907c                init_buffer
                0x000000000000917c                file_open
                0x00000000000093ab                file_read
                0x00000000000093d4                file_write
                0x0000000000009400                namei
                0x0000000000009478                last_dir
                0x00000000000095f4                find_entry
                0x0000000000009710                search_file
                0x000000000000988f                strip_path
 *fill*         0x000000000000991b        0x5 90909090
 .text          0x0000000000009920     0x143f mm/mm.o
                0x0000000000009920                page_fault
                0x0000000000009964                task_mm
                0x0000000000009c99                get_user_pages
                0x0000000000009d4c                free_user_pages
                0x0000000000009da0                do_fork
                0x000000000000a0d8                do_exit
                0x000000000000a33e                do_wait
                0x000000000000a498                do_exec
                0x000000000000a7b4                wp_page
                0x000000000000a7b9                no_page
                0x000000000000a7c0                do_sigaction
                0x000000000000a91d                do_alarm
                0x000000000000a9de                do_kill
                0x000000000000aa57                do_raise
                0x000000000000aa88                mem_init
                0x000000000000aaf7                alloc_mem
                0x000000000000ab8c                free_mem
 *fill*         0x000000000000ad5f        0x1 90909090
 .text          0x000000000000ad60     0x40d2 drivers/drivers.o
                0x000000000000ad60                task_fd
                0x000000000000b5cc                fd_handler
                0x000000000000b603                do_fd_request
                0x000000000000b608                init_fd
                0x000000000000b674                task_hd
                0x000000000000b750                do_hd_request
                0x000000000000c326                hd_handler
                0x000000000000c34c                task_rd
                0x000000000000c3ef                do_rd_request
                0x000000000000c512                init_rd
                0x000000000000c564                rd_load_image
                0x000000000000c738                add_request
                0x000000000000c7d4                task_scsi
                0x000000000000c86c                scsi_handler
                0x000000000000c871                do_scsi_request
                0x000000000000c876                init_scsi
                0x000000000000c9b8                init_screen
                0x000000000000cb53                out_char
                0x000000000000ce93                is_current_console
                0x000000000000d662                select_console
                0x000000000000d696                scroll_screen
                0x000000000000d8c8                keyboard_handler
                0x000000000000d92e                init_keyboard
                0x000000000000d9e9                kb_init
                0x000000000000d9fb                keyboard_read
                0x000000000000e084                task_tty
                0x000000000000e272                in_process
                0x000000000000e6cd                handle_events
                0x000000000000e952                sys_printx
                0x000000000000eaf4                dump_tty_buf
                0x000000000000ec50                task_inet
                0x000000000000ec58                task_pci
                0x000000000000ed44                pci_init
                0x000000000000ed58                dev_driver_task
 *fill*         0x000000000000ee32        0x2 90909090
 .text          0x000000000000ee34       0x3e lib/misc/syslog.o
                0x000000000000ee34                syslog
 *fill*         0x000000000000ee72        0xe 90909090
 .text          0x000000000000ee80       0xb8 lib/liblyos.a(x86_lib.o)
                0x000000000000ee80                sendrec
                0x000000000000ee9a                printx
                0x000000000000eea8                reboot
                0x000000000000eec0                memcpy
                0x000000000000eee9                memset
                0x000000000000ef0a                strcpy
                0x000000000000ef22                strlen
 .text          0x000000000000ef38      0x244 lib/liblyos.a(io.o)
                0x000000000000ef38                open
                0x000000000000ef7f                mkdir
                0x000000000000efc4                read
                0x000000000000f004                write
                0x000000000000f044                close
                0x000000000000f078                unlink
                0x000000000000f0bc                lseek
                0x000000000000f0fc                stat
                0x000000000000f143                fstat
 .text          0x000000000000f17c       0xc4 lib/liblyos.a(misc.o)
                0x000000000000f17c                send_recv
                0x000000000000f225                spin
 .text          0x000000000000f240      0x455 lib/liblyos.a(posix.o)
                0x000000000000f240                getpid
                0x000000000000f270                getuid
                0x000000000000f29d                setuid
                0x000000000000f2d0                getgid
                0x000000000000f2fd                setgid
                0x000000000000f330                geteuid
                0x000000000000f35d                getegid
                0x000000000000f38c                fork
                0x000000000000f3bc                wait
                0x000000000000f40e                waitpid
                0x000000000000f460                exec
                0x000000000000f4af                execl
                0x000000000000f4d5                execv
                0x000000000000f5f0                kill
                0x000000000000f629                raise
                0x000000000000f65c                uname
 *fill*         0x000000000000f695        0x3 90909090
 .text          0x000000000000f698      0x3b2 lib/liblyos.a(stdio.o)
                0x000000000000f698                printf
                0x000000000000f6eb                printl
                0x000000000000f797                vsprintf
                0x000000000000fa20                sprintf
 *fill*         0x000000000000fa4a        0x2 90909090
 .text          0x000000000000fa4c      0x154 lib/liblyos.a(string.o)
                0x000000000000fa4c                memcmp
                0x000000000000fac8                strcmp
                0x000000000000fb40                strcat
 *(.gnu.warning)

.fini
 *(.fini)
                0x000000000000fba0                PROVIDE (__etext, .)
                0x000000000000fba0                PROVIDE (_etext, .)
                0x000000000000fba0                PROVIDE (etext, .)

.rodata         0x000000000000fba0     0x1b8d
 *(.rodata .rodata.* .gnu.linkonce.r.*)
 .rodata        0x000000000000fba0      0x8bd kernel/krnl.o
                0x000000000000fd4c                FSBUF_SIZE
                0x000000000000fd50                MMBUF_SIZE
                0x000000000000fd54                LOGBUF_SIZE
                0x000000000000fd58                LOGDISKBUF_SIZE
 *fill*         0x000000000001045d        0x3 00
 .rodata        0x0000000000010460      0xc14 fs/fs.o
 .rodata        0x0000000000011074      0x190 mm/mm.o
 .rodata        0x0000000000011204      0x514 drivers/drivers.o
 .rodata        0x0000000000011718       0x15 lib/liblyos.a(misc.o)

.rodata1
 *(.rodata1)

.eh_frame_hdr
 *(.eh_frame_hdr)

.eh_frame       0x0000000000011730     0x2294
 *(.eh_frame)
 .eh_frame      0x0000000000011730      0xa04 kernel/krnl.o
                                        0xac4 (size before relaxing)
 .eh_frame      0x0000000000012134      0x6a8 fs/fs.o
                                        0x798 (size before relaxing)
 .eh_frame      0x00000000000127dc      0x2d8 mm/mm.o
                                        0x368 (size before relaxing)
 .eh_frame      0x0000000000012ab4      0xa8c drivers/drivers.o
                                        0xb94 (size before relaxing)
 .eh_frame      0x0000000000013540       0x20 lib/misc/syslog.o
                                         0x38 (size before relaxing)
 .eh_frame      0x0000000000013560      0x120 lib/liblyos.a(io.o)
                                        0x1c8 (size before relaxing)
 .eh_frame      0x0000000000013680       0x3c lib/liblyos.a(misc.o)
                                         0x54 (size before relaxing)
 .eh_frame      0x00000000000136bc      0x200 lib/liblyos.a(posix.o)
                                        0x2a8 (size before relaxing)
 .eh_frame      0x00000000000138bc       0xa8 lib/liblyos.a(stdio.o)
                                         0xd8 (size before relaxing)
 .eh_frame      0x0000000000013964       0x60 lib/liblyos.a(string.o)
                                         0xa8 (size before relaxing)

.gcc_except_table
 *(.gcc_except_table .gcc_except_table.*)

.exception_ranges
 *(.exception_ranges .exception_ranges*)
                0x00000000000139c4                . = (ALIGN (0x1000) - ((0x1000 - .) & 0xfff))
                0x00000000000149c4                . = DATA_SEGMENT_ALIGN (0x1000, 0x1000)

.eh_frame
 *(.eh_frame)

.gcc_except_table
 *(.gcc_except_table .gcc_except_table.*)

.exception_ranges
 *(.exception_ranges .exception_ranges*)

.tdata
 *(.tdata .tdata.* .gnu.linkonce.td.*)

.tbss
 *(.tbss .tbss.* .gnu.linkonce.tb.*)
 *(.tcommon)

.preinit_array  0x00000000000149c4        0x0
                0x00000000000149c4                PROVIDE (__preinit_array_start, .)
 *(.preinit_array)
                0x00000000000149c4                PROVIDE (__preinit_array_end, .)

.init_array     0x00000000000149c4        0x0
                0x00000000000149c4                PROVIDE (__init_array_start, .)
 *(SORT(.init_array.*) SORT(.ctors.*))
 *(.init_array)
 *(EXCLUDE_FILE(*crtend?.o *crtend.o *crtbegin?.o *crtbegin.o) .ctors)
                0x00000000000149c4                PROVIDE (__init_array_end, .)

.fini_array     0x00000000000149c4        0x0
                0x00000000000149c4                PROVIDE (__fini_array_start, .)
 *(SORT(.fini_array.*) SORT(.dtors.*))
 *(.fini_array)
 *(EXCLUDE_FILE(*crtend?.o *crtend.o *crtbegin?.o *crtbegin.o) .dtors)
                0x00000000000149c4                PROVIDE (__fini_array_end, .)

.ctors
 *crtbegin.o(.ctors)
 *crtbegin?.o(.ctors)
 *(EXCLUDE_FILE(*crtend?.o *crtend.o) .ctors)
 *(SORT(.ctors.*))
 *(.ctors)

.dtors
 *crtbegin.o(.dtors)
 *crtbegin?.o(.dtors)
 *(EXCLUDE_FILE(*crtend?.o *crtend.o) .dtors)
 *(SORT(.dtors.*))
 *(.dtors)

.jcr
 *(.jcr)

.data.rel.ro
 *(.data.rel.ro.local* .gnu.linkonce.d.rel.ro.local.*)
 *(.data.rel.ro* .gnu.linkonce.d.rel.ro.*)

.dynamic
 *(.dynamic)

.got
 *(.got)
 *(.igot)
                0x00000000000149c4                . = DATA_SEGMENT_RELRO_END (., 0xc)

.got.plt        0x00000000000149c4        0x0
 *(.got.plt)
 *(.igot.plt)
 .igot.plt      0x0000000000000000        0x0 kernel/krnl.o

.data           0x00000000000149e0      0xc84
 *(.data .data.* .gnu.linkonce.d.*)
 .data          0x00000000000149e0      0x318 kernel/krnl.o
                0x0000000000014a00                ROOT_DEV
                0x0000000000014a20                task_table
                0x0000000000014be0                user_proc_table
                0x0000000000014c80                sys_call_table
                0x0000000000014ca0                thisname
                0x0000000000014ccd                dd_map
                0x0000000000014ce8                fsbuf
                0x0000000000014cec                mmbuf
                0x0000000000014cf0                logbuf
                0x0000000000014cf4                logdiskbuf
 .data          0x0000000000014cf8        0x5 fs/fs.o
                0x0000000000014cf8                dot1
                0x0000000000014cfa                dot2
 *fill*         0x0000000000014cfd        0x3 00
 .data          0x0000000000014d00        0x0 mm/mm.o
 .data          0x0000000000014d00      0x964 drivers/drivers.o
                0x0000000000014de0                floppy_buffer
                0x0000000000014de4                hd_driver
                0x0000000000014e00                keymap
 .data          0x0000000000015664        0x0 lib/misc/syslog.o
 .data          0x0000000000015664        0x0 lib/liblyos.a(io.o)
 .data          0x0000000000015664        0x0 lib/liblyos.a(misc.o)
 .data          0x0000000000015664        0x0 lib/liblyos.a(posix.o)
 .data          0x0000000000015664        0x0 lib/liblyos.a(stdio.o)
 .data          0x0000000000015664        0x0 lib/liblyos.a(string.o)

.data1
 *(.data1)
                0x0000000000015664                _edata = .
                0x0000000000015664                PROVIDE (edata, .)
                0x0000000000015664                __bss_start = .

.bss            0x0000000000015680    0x4a6f0
 *(.dynbss)
 *(.bss .bss.* .gnu.linkonce.b.*)
 .bss           0x0000000000015680      0x800 kernel/krnl.o
 .bss           0x0000000000015e80      0x208 fs/fs.o
 *fill*         0x0000000000016088       0x18 00
 .bss           0x00000000000160a0      0x358 mm/mm.o
 *fill*         0x00000000000163f8        0x8 00
 .bss           0x0000000000016400      0x6f8 drivers/drivers.o
                0x0000000000016a60                blk_dev_table
 .bss           0x0000000000016af8        0x0 lib/misc/syslog.o
 .bss           0x0000000000016af8        0x0 lib/liblyos.a(io.o)
 .bss           0x0000000000016af8        0x0 lib/liblyos.a(misc.o)
 .bss           0x0000000000016af8        0x0 lib/liblyos.a(posix.o)
 .bss           0x0000000000016af8        0x0 lib/liblyos.a(stdio.o)
 .bss           0x0000000000016af8        0x0 lib/liblyos.a(string.o)
 *(COMMON)
 *fill*         0x0000000000016af8        0x8 00
 COMMON         0x0000000000016b00    0x49244 kernel/krnl.o
                0x0000000000016b00                rd_length
                0x0000000000016b04                idt_ptr
                0x0000000000016b20                inode_table
                0x0000000000017620                task_stack
                0x0000000000053620                errno
                0x0000000000053624                mem_start
                0x0000000000053628                k_reenter
                0x000000000005362c                buffer_base
                0x0000000000053640                gdt
                0x0000000000053a40                current_console
                0x0000000000053a44                pcaller
                0x0000000000053a60                tty_table
                0x00000000000547c8                buffer_length
                0x00000000000547e0                tss
                0x0000000000054860                fs_msg
                0x0000000000054890                memory_size
                0x00000000000548a0                f_desc_table
                0x0000000000054da0                root_inode
                0x0000000000054da4                current
                0x0000000000054da8                disp_pos
                0x0000000000054dc0                mm_msg
                0x0000000000054df0                key_pressed
                0x0000000000054e00                buffer_table
                0x0000000000056214                gdt_ptr
                0x000000000005621c                kernel_addr
                0x0000000000056220                jiffies
                0x0000000000056240                idt
                0x0000000000056a40                super_block
                0x0000000000056c20                console_table
                0x0000000000056cac                rd_base
                0x0000000000056cc0                irq_table
                0x0000000000056d00                file_systems
                0x0000000000056d20                proc_table
                0x000000000005fd40                nr_buffer
 COMMON         0x000000000005fd44       0x10 fs/fs.o
                0x000000000005fd44                PARTITION_ENTRY
 COMMON         0x000000000005fd54       0x1c drivers/drivers.o
                0x000000000005fd54                reply
                0x000000000005fd5b                selected
                0x000000000005fd5c                motor
                0x000000000005fd60                drive_type
                0x000000000005fd70                . = ALIGN ((. != 0x0)?0x4:0x1)
                0x000000000005fd70                . = ALIGN (0x4)
                0x000000000005fd70                . = ALIGN (0x4)
                0x000000000005fd70                _end = .
                0x000000000005fd70                PROVIDE (end, .)
                0x000000000005fd70                . = DATA_SEGMENT_END (.)

.stab
 *(.stab)

.stabstr
 *(.stabstr)

.stab.excl
 *(.stab.excl)

.stab.exclstr
 *(.stab.exclstr)

.stab.index
 *(.stab.index)

.stab.indexstr
 *(.stab.indexstr)

.comment        0x0000000000000000       0x2a
 *(.comment)
 .comment       0x0000000000000000       0x2a kernel/krnl.o
                                        0x1ae (size before relaxing)
 .comment       0x0000000000000000      0x1ae fs/fs.o
 .comment       0x0000000000000000      0x102 mm/mm.o
 .comment       0x0000000000000000      0x1d9 drivers/drivers.o
 .comment       0x0000000000000000       0x2b lib/misc/syslog.o
 .comment       0x0000000000000000      0x12d lib/liblyos.a(io.o)
 .comment       0x0000000000000000       0x2b lib/liblyos.a(misc.o)
 .comment       0x0000000000000000      0x12d lib/liblyos.a(posix.o)
 .comment       0x0000000000000000       0x56 lib/liblyos.a(stdio.o)
 .comment       0x0000000000000000      0x102 lib/liblyos.a(string.o)

.debug
 *(.debug)

.line
 *(.line)

.debug_srcinfo
 *(.debug_srcinfo)

.debug_sfnames
 *(.debug_sfnames)

.debug_aranges
 *(.debug_aranges)

.debug_pubnames
 *(.debug_pubnames)

.debug_info
 *(.debug_info .gnu.linkonce.wi.*)

.debug_abbrev
 *(.debug_abbrev)

.debug_line
 *(.debug_line)

.debug_frame
 *(.debug_frame)

.debug_str
 *(.debug_str)

.debug_loc
 *(.debug_loc)

.debug_macinfo
 *(.debug_macinfo)

.debug_weaknames
 *(.debug_weaknames)

.debug_funcnames
 *(.debug_funcnames)

.debug_typenames
 *(.debug_typenames)

.debug_varnames
 *(.debug_varnames)

.debug_pubtypes
 *(.debug_pubtypes)

.debug_ranges
 *(.debug_ranges)

.gnu.attributes
 *(.gnu.attributes)

/DISCARD/
 *(.note.GNU-stack)
 *(.gnu_debuglink)
 *(.gnu.lto_*)
OUTPUT(kernel.bin elf32-i386)
