Archive member included because of file (symbol)

lib/liblyos.a(x86_lib.o)      kernel/krnl.o (strcpy)
lib/liblyos.a(io.o)           kernel/krnl.o (lseek)
lib/liblyos.a(malloc.o)       fs/fs.o (malloc)
lib/liblyos.a(misc.o)         drivers/drivers.o (spin)
lib/liblyos.a(posix.o)        fs/fs.o (getpid)
lib/liblyos.a(stdio.o)        kernel/krnl.o (printf)
lib/liblyos.a(string.o)       kernel/krnl.o (memcmp)
lib/liblyos.a(assert.o)       lib/liblyos.a(io.o) (assertion_failure)

Allocating common symbols
Common symbol       size              file

rd_length           0x4               kernel/krnl.o
idt_ptr             0x6               kernel/krnl.o
inode_table         0xb00             kernel/krnl.o
task_stack          0x3c000           kernel/krnl.o
errno               0x4               kernel/krnl.o
mem_start           0x4               kernel/krnl.o
k_reenter           0x4               kernel/krnl.o
buffer_base         0x4               kernel/krnl.o
gdt                 0x400             kernel/krnl.o
current_console     0x4               kernel/krnl.o
pcaller             0x4               kernel/krnl.o
tty_table           0xcd2             kernel/krnl.o
buffer_length       0x4               kernel/krnl.o
tss                 0x68              kernel/krnl.o
fs_msg              0x30              kernel/krnl.o
reply               0x7               drivers/drivers.o
memory_size         0x4               kernel/krnl.o
f_desc_table        0x500             kernel/krnl.o
root_inode          0x4               kernel/krnl.o
current             0x4               kernel/krnl.o
selected            0x1               drivers/drivers.o
disp_pos            0x4               kernel/krnl.o
mm_msg              0x30              kernel/krnl.o
key_pressed         0x4               kernel/krnl.o
buffer_table        0x1414            kernel/krnl.o
gdt_ptr             0x6               kernel/krnl.o
kernel_addr         0x4               kernel/krnl.o
jiffies             0x4               kernel/krnl.o
idt                 0x800             kernel/krnl.o
super_block         0x1e0             kernel/krnl.o
PARTITION_ENTRY     0x10              fs/fs.o
motor               0x4               drivers/drivers.o
console_table       0x7e              kernel/krnl.o
rd_base             0x4               kernel/krnl.o
irq_table           0x40              kernel/krnl.o
drive_type          0x10              drivers/drivers.o
file_systems        0x4               kernel/krnl.o
proc_table          0x8a12            kernel/krnl.o
nr_buffer           0x4               kernel/krnl.o

Discarded input sections

 .note.GNU-stack
                0x0000000000000000        0x0 kernel/krnl.o
 .note.GNU-stack
                0x0000000000000000        0x0 fs/fs.o
 .note.GNU-stack
                0x0000000000000000        0x0 mm/mm.o
 .note.GNU-stack
                0x0000000000000000        0x0 drivers/drivers.o
 .note.GNU-stack
                0x0000000000000000        0x0 lib/misc/syslog.o
 .note.GNU-stack
                0x0000000000000000        0x0 lib/liblyos.a(io.o)
 .note.GNU-stack
                0x0000000000000000        0x0 lib/liblyos.a(malloc.o)
 .note.GNU-stack
                0x0000000000000000        0x0 lib/liblyos.a(misc.o)
 .note.GNU-stack
                0x0000000000000000        0x0 lib/liblyos.a(posix.o)
 .note.GNU-stack
                0x0000000000000000        0x0 lib/liblyos.a(stdio.o)
 .note.GNU-stack
                0x0000000000000000        0x0 lib/liblyos.a(string.o)
 .note.GNU-stack
                0x0000000000000000        0x0 lib/liblyos.a(assert.o)

Memory Configuration

Name             Origin             Length             Attributes
*default*        0x0000000000000000 0xffffffffffffffff

Linker script and memory map

Address of section .text set to 0x1000
LOAD kernel/krnl.o
LOAD fs/fs.o
LOAD mm/mm.o
LOAD drivers/drivers.o
LOAD lib/misc/syslog.o
LOAD lib/liblyos.a
                0x0000000008048000                PROVIDE (__executable_start, 0x8048000)
                0x0000000008048094                . = (0x8048000 + SIZEOF_HEADERS)

.interp
 *(.interp)

.note.gnu.build-id
 *(.note.gnu.build-id)

.hash
 *(.hash)

.gnu.hash
 *(.gnu.hash)

.dynsym
 *(.dynsym)

.dynstr
 *(.dynstr)

.gnu.version
 *(.gnu.version)

.gnu.version_d
 *(.gnu.version_d)

.gnu.version_r
 *(.gnu.version_r)

.rel.dyn        0x0000000008048094        0x0
 *(.rel.init)
 *(.rel.text .rel.text.* .rel.gnu.linkonce.t.*)
 .rel.text      0x0000000000000000        0x0 kernel/krnl.o
 *(.rel.fini)
 *(.rel.rodata .rel.rodata.* .rel.gnu.linkonce.r.*)
 *(.rel.data.rel.ro* .rel.gnu.linkonce.d.rel.ro.*)
 *(.rel.data .rel.data.* .rel.gnu.linkonce.d.*)
 .rel.data      0x0000000000000000        0x0 kernel/krnl.o
 *(.rel.tdata .rel.tdata.* .rel.gnu.linkonce.td.*)
 *(.rel.tbss .rel.tbss.* .rel.gnu.linkonce.tb.*)
 *(.rel.ctors)
 *(.rel.dtors)
 *(.rel.got)
 *(.rel.bss .rel.bss.* .rel.gnu.linkonce.b.*)
 *(.rel.ifunc)

.rel.plt        0x0000000008048094        0x0
 *(.rel.plt)
                0x0000000008048094                PROVIDE (__rel_iplt_start, .)
 *(.rel.iplt)
 .rel.iplt      0x0000000000000000        0x0 kernel/krnl.o
                0x0000000008048094                PROVIDE (__rel_iplt_end, .)

.init
 *(.init)

.plt            0x0000000008048094        0x0
 *(.plt)
 *(.iplt)
 .iplt          0x0000000000000000        0x0 kernel/krnl.o

.text           0x0000000000001000     0xf33e
 *(.text.unlikely .text.*_unlikely)
 *(.text.exit .text.exit.*)
 *(.text.startup .text.startup.*)
 *(.text.hot .text.hot.*)
 *(.text .stub .text.* .gnu.linkonce.t.*)
 .text          0x0000000000001000     0x367b kernel/krnl.o
                0x0000000000001000                _start
                0x0000000000001040                hwint00
                0x0000000000001070                hwint01
                0x00000000000010a0                hwint02
                0x00000000000010d0                hwint03
                0x0000000000001100                hwint04
                0x0000000000001130                hwint05
                0x0000000000001160                hwint06
                0x0000000000001190                hwint07
                0x00000000000011c0                hwint08
                0x00000000000011f0                hwint09
                0x0000000000001220                hwint10
                0x0000000000001250                hwint11
                0x0000000000001280                hwint12
                0x00000000000012b0                hwint13
                0x00000000000012e0                hwint14
                0x0000000000001310                hwint15
                0x0000000000001337                divide_error
                0x0000000000001346                single_step_exception
                0x0000000000001355                nmi
                0x0000000000001364                breakpoint_exception
                0x0000000000001373                overflow
                0x0000000000001382                bounds_check
                0x0000000000001391                inval_opcode
                0x00000000000013a0                copr_not_available
                0x00000000000013af                double_fault
                0x00000000000013b9                copr_seg_overrun
                0x00000000000013c8                inval_tss
                0x00000000000013d2                segment_not_present
                0x00000000000013dc                stack_exception
                0x00000000000013e6                general_protection
                0x00000000000013f0                copr_error
                0x0000000000001448                sys_call
                0x000000000000146b                restart
                0x00000000000014a0                disp_str
                0x00000000000014e7                disp_color_str
                0x000000000000152f                out_byte
                0x000000000000153b                in_byte
                0x0000000000001545                port_read
                0x0000000000001558                port_write
                0x000000000000156b                disable_irq
                0x00000000000015a0                enable_irq
                0x00000000000015bf                disable_int
                0x00000000000015c1                enable_int
                0x00000000000015c3                glitter
                0x0000000000001664                hard_reboot
                0x0000000000001670                cstart
                0x00000000000016f4                kernel_main
                0x0000000000001a25                get_ticks
                0x0000000000001a5d                untar
                0x0000000000001c7f                shell
                0x0000000000001e2a                Init
                0x0000000000001f10                TestA
                0x0000000000001f15                TestB
                0x0000000000001f1a                TestC
                0x0000000000001f1f                panic
                0x0000000000001f6c                clock_handler
                0x0000000000001fe6                milli_delay
                0x0000000000002021                init_clock
                0x0000000000002088                init_8259A
                0x0000000000002179                spurious_irq
                0x00000000000021a4                put_irq_handler
                0x00000000000021c4                init_prot
                0x00000000000027f0                seg2linear
                0x000000000000283f                init_desc
                0x00000000000028ab                exception_handler
                0x0000000000003140                schedule
                0x0000000000003221                do_setuid
                0x000000000000323d                do_getuid
                0x0000000000003251                do_setgid
                0x000000000000326d                do_getgid
                0x0000000000003281                do_geteuid
                0x0000000000003295                do_getegid
                0x00000000000032a9                do_nice
                0x00000000000032eb                sys_sendrec
                0x00000000000033b2                ldt_seg_linear
                0x00000000000033f6                va2la
                0x0000000000003431                reset_msg
                0x00000000000039d1                inform_int
                0x0000000000003a88                dumproc
                0x0000000000003df0                dump_msg
                0x0000000000003f38                task_sys
                0x0000000000004258                in_word
                0x0000000000004284                out_word
                0x00000000000042a6                in_long
                0x00000000000042cf                out_long
                0x00000000000042e8                get_boot_params
                0x0000000000004314                get_kernel_map
                0x0000000000004407                itoa
                0x00000000000044b1                disp_int
                0x00000000000044d6                printk
                0x000000000000451a                delay
                0x0000000000004560                sys_reboot
                0x0000000000004572                do_ftime
                0x000000000000457c                do_mknod
                0x0000000000004586                do_break
                0x0000000000004590                do_ustat
                0x000000000000459a                do_ptrace
                0x00000000000045a4                do_stty
                0x00000000000045ae                do_gtty
                0x00000000000045b8                do_rename
                0x00000000000045c2                do_prof
                0x00000000000045cc                do_acct
                0x00000000000045d6                do_phys
                0x00000000000045e0                do_lock
                0x00000000000045ea                do_mpx
                0x00000000000045f4                do_ulimit
                0x00000000000045fe                do_stime
                0x0000000000004608                do_times
                0x0000000000004612                do_brk
                0x000000000000461c                do_setpgid
                0x0000000000004626                do_getpgrp
                0x0000000000004630                do_setsid
                0x000000000000463a                do_uname
                0x0000000000004671                do_umask
 *fill*         0x000000000000467b        0x1 90909090
 .text          0x000000000000467c     0x5b89 fs/fs.o
                0x000000000000467c                task_fs
                0x0000000000004889                register_filesystem
                0x00000000000049e4                task_lyos_fs
                0x0000000000004cfc                init_fs
                0x0000000000004d9d                mount_root
                0x00000000000057a4                rw_sector
                0x0000000000005815                read_super_block
                0x000000000000594d                get_super_block
                0x0000000000005994                get_inode
                0x0000000000005b11                put_inode
                0x0000000000005b25                sync_inode
                0x0000000000005c4f                fs_fork
                0x0000000000005ccc                fs_exit
                0x0000000000005d80                do_open
                0x000000000000621c                do_mkdir
                0x00000000000062a6                do_close
                0x000000000000632a                do_lseek
                0x00000000000063e7                do_chdir
                0x000000000000646c                do_chroot
                0x0000000000006a40                do_mount
                0x0000000000006a4a                do_umount
                0x0000000000006a54                do_stat
                0x0000000000006bf4                do_rdwt
                0x0000000000006fb0                do_unlink
                0x0000000000007758                disklog
                0x0000000000007d34                dump_fd_graph
                0x0000000000009868                get_buffer
                0x00000000000098dd                find_buffer
                0x0000000000009951                sync_buffer
                0x0000000000009956                do_sync
                0x000000000000995b                free_buffer
                0x0000000000009960                init_buffer
                0x0000000000009a60                file_open
                0x0000000000009c93                file_read
                0x0000000000009cbc                file_write
                0x0000000000009ce8                namei
                0x0000000000009d60                last_dir
                0x0000000000009edc                find_entry
                0x0000000000009ff9                search_file
                0x000000000000a179                strip_path
 *fill*         0x000000000000a205        0xb 90909090
 .text          0x000000000000a210     0x13c0 mm/mm.o
                0x000000000000a210                page_fault
                0x000000000000a258                task_mm
                0x000000000000a519                get_user_pages
                0x000000000000a5cd                free_user_pages
                0x000000000000a620                do_fork
                0x000000000000a956                do_exit
                0x000000000000abbb                do_wait
                0x000000000000ad14                do_exec
                0x000000000000b030                wp_page
                0x000000000000b035                no_page
                0x000000000000b03c                do_sigaction
                0x000000000000b194                do_alarm
                0x000000000000b250                do_kill
                0x000000000000b2c9                do_raise
                0x000000000000b2f8                mem_init
                0x000000000000b368                alloc_mem
                0x000000000000b3fd                free_mem
 .text          0x000000000000b5d0     0x3ccd drivers/drivers.o
                0x000000000000b5d0                task_fd
                0x000000000000be55                fd_handler
                0x000000000000be69                do_fd_request
                0x000000000000be6e                init_fd
                0x000000000000bedc                task_hd
                0x000000000000bfbb                do_hd_request
                0x000000000000cba5                hd_handler
                0x000000000000cbcc                task_rd
                0x000000000000cc6f                do_rd_request
                0x000000000000cd97                init_rd
                0x000000000000cde9                rd_load_image
                0x000000000000cfc4                add_request
                0x000000000000d06c                task_scsi
                0x000000000000d104                scsi_handler
                0x000000000000d109                do_scsi_request
                0x000000000000d10e                init_scsi
                0x000000000000d114                init_screen
                0x000000000000d2a1                out_char
                0x000000000000d5b4                is_current_console
                0x000000000000dd96                select_console
                0x000000000000ddcd                scroll_screen
                0x000000000000dff4                keyboard_handler
                0x000000000000e05d                init_keyboard
                0x000000000000e118                keyboard_read
                0x000000000000e6d4                task_tty
                0x000000000000e861                in_process
                0x000000000000edb0                sys_printx
                0x000000000000ef56                dump_tty_buf
                0x000000000000f0b8                task_inet
                0x000000000000f0c0                task_pci
                0x000000000000f1ac                pci_init
                0x000000000000f1c0                dev_driver_task
 *fill*         0x000000000000f29d        0x3 90909090
 .text          0x000000000000f2a0       0x41 lib/misc/syslog.o
                0x000000000000f2a0                syslog
 *fill*         0x000000000000f2e1        0xf 90909090
 .text          0x000000000000f2f0       0xc7 lib/liblyos.a(x86_lib.o)
                0x000000000000f2f0                sendrec
                0x000000000000f30a                printx
                0x000000000000f318                reboot
                0x000000000000f330                memcpy
                0x000000000000f35f                memset
                0x000000000000f386                strcpy
                0x000000000000f39e                strlen
 *fill*         0x000000000000f3b7        0x1 90909090
 .text          0x000000000000f3b8      0x28f lib/liblyos.a(io.o)
                0x000000000000f3b8                open
                0x000000000000f42b                mkdir
                0x000000000000f49c                read
                0x000000000000f4dc                write
                0x000000000000f51c                close
                0x000000000000f550                unlink
                0x000000000000f594                lseek
                0x000000000000f5d4                stat
 *fill*         0x000000000000f647        0x1 90909090
 .text          0x000000000000f648       0x5f lib/liblyos.a(malloc.o)
                0x000000000000f648                malloc
 *fill*         0x000000000000f6a7        0x1 90909090
 .text          0x000000000000f6a8       0xc7 lib/liblyos.a(misc.o)
                0x000000000000f6a8                send_recv
                0x000000000000f754                spin
 *fill*         0x000000000000f76f        0x1 90909090
 .text          0x000000000000f770      0x675 lib/liblyos.a(posix.o)
                0x000000000000f770                getpid
                0x000000000000f7cc                getuid
                0x000000000000f825                setuid
                0x000000000000f88c                getgid
                0x000000000000f8e5                setgid
                0x000000000000f94c                geteuid
                0x000000000000f9a5                getegid
                0x000000000000fa00                fork
                0x000000000000fa84                wait
                0x000000000000fad6                waitpid
                0x000000000000fb28                exec
                0x000000000000fb77                execl
                0x000000000000fb9d                execv
                0x000000000000fcbc                kill
                0x000000000000fd21                raise
                0x000000000000fd80                uname
 *fill*         0x000000000000fde5        0x3 90909090
 .text          0x000000000000fde8      0x3b9 lib/liblyos.a(stdio.o)
                0x000000000000fde8                printf
                0x000000000000fe3e                printl
                0x000000000000feef                vsprintf
                0x0000000000010177                sprintf
 *fill*         0x00000000000101a1        0x3 90909090
 .text          0x00000000000101a4      0x154 lib/liblyos.a(string.o)
                0x00000000000101a4                memcmp
                0x0000000000010220                strcmp
                0x0000000000010298                strcat
 .text          0x00000000000102f8       0x46 lib/liblyos.a(assert.o)
                0x00000000000102f8                assertion_failure
 *(.gnu.warning)

.fini
 *(.fini)
                0x000000000001033e                PROVIDE (__etext, .)
                0x000000000001033e                PROVIDE (_etext, .)
                0x000000000001033e                PROVIDE (etext, .)

.rodata         0x0000000000010340     0x1941
 *(.rodata .rodata.* .gnu.linkonce.r.*)
 .rodata        0x0000000000010340      0x398 kernel/krnl.o
                0x00000000000104f0                FSBUF_SIZE
                0x00000000000104f4                MMBUF_SIZE
                0x00000000000104f8                LOGBUF_SIZE
                0x00000000000104fc                LOGDISKBUF_SIZE
 .rodata        0x00000000000106d8      0xc90 fs/fs.o
 .rodata        0x0000000000011368      0x144 mm/mm.o
 .rodata        0x00000000000114ac      0x664 drivers/drivers.o
 .rodata        0x0000000000011b10       0x3e lib/liblyos.a(io.o)
 .rodata        0x0000000000011b4e       0x21 lib/liblyos.a(malloc.o)
 .rodata        0x0000000000011b6f       0x15 lib/liblyos.a(misc.o)
 .rodata        0x0000000000011b84       0xb0 lib/liblyos.a(posix.o)
 .rodata        0x0000000000011c34       0x4d lib/liblyos.a(assert.o)

.rodata1
 *(.rodata1)

.eh_frame_hdr
 *(.eh_frame_hdr)

.eh_frame
 *(.eh_frame)

.gcc_except_table
 *(.gcc_except_table .gcc_except_table.*)
                0x0000000000011c81                . = (ALIGN (0x1000) - ((0x1000 - .) & 0xfff))
                0x0000000000012000                . = DATA_SEGMENT_ALIGN (0x1000, 0x1000)

.eh_frame
 *(.eh_frame)

.gcc_except_table
 *(.gcc_except_table .gcc_except_table.*)

.tdata
 *(.tdata .tdata.* .gnu.linkonce.td.*)

.tbss
 *(.tbss .tbss.* .gnu.linkonce.tb.*)
 *(.tcommon)

.preinit_array  0x0000000000012000        0x0
                0x0000000000012000                PROVIDE (__preinit_array_start, .)
 *(.preinit_array)
                0x0000000000012000                PROVIDE (__preinit_array_end, .)

.init_array     0x0000000000012000        0x0
                0x0000000000012000                PROVIDE (__init_array_start, .)
 *(SORT(.init_array.*))
 *(.init_array)
                0x0000000000012000                PROVIDE (__init_array_end, .)

.fini_array     0x0000000000012000        0x0
                0x0000000000012000                PROVIDE (__fini_array_start, .)
 *(SORT(.fini_array.*))
 *(.fini_array)
                0x0000000000012000                PROVIDE (__fini_array_end, .)

.ctors
 *crtbegin.o(.ctors)
 *crtbegin?.o(.ctors)
 *(EXCLUDE_FILE(*crtend?.o *crtend.o) .ctors)
 *(SORT(.ctors.*))
 *(.ctors)

.dtors
 *crtbegin.o(.dtors)
 *crtbegin?.o(.dtors)
 *(EXCLUDE_FILE(*crtend?.o *crtend.o) .dtors)
 *(SORT(.dtors.*))
 *(.dtors)

.jcr
 *(.jcr)

.data.rel.ro
 *(.data.rel.ro.local* .gnu.linkonce.d.rel.ro.local.*)
 *(.data.rel.ro* .gnu.linkonce.d.rel.ro.*)

.dynamic
 *(.dynamic)

.got
 *(.got)
 *(.igot)
                0x0000000000012000                . = DATA_SEGMENT_RELRO_END (., 0xc)

.got.plt        0x0000000000012000        0x0
 *(.got.plt)
 *(.igot.plt)
 .igot.plt      0x0000000000000000        0x0 kernel/krnl.o

.data           0x0000000000012000      0xa44
 *(.data .data.* .gnu.linkonce.d.*)
 .data          0x0000000000012000      0x318 kernel/krnl.o
                0x0000000000012020                ROOT_DEV
                0x0000000000012040                task_table
                0x0000000000012200                user_proc_table
                0x00000000000122a0                sys_call_table
                0x00000000000122c0                thisname
                0x00000000000122ed                dd_map
                0x0000000000012308                fsbuf
                0x000000000001230c                mmbuf
                0x0000000000012310                logbuf
                0x0000000000012314                logdiskbuf
 .data          0x0000000000012318        0x5 fs/fs.o
                0x0000000000012318                dot1
                0x000000000001231a                dot2
 *fill*         0x000000000001231d        0x3 00
 .data          0x0000000000012320        0x0 mm/mm.o
 .data          0x0000000000012320      0x724 drivers/drivers.o
                0x0000000000012400                floppy_buffer
                0x0000000000012404                hd_driver
                0x0000000000012420                keymap
 .data          0x0000000000012a44        0x0 lib/misc/syslog.o
 .data          0x0000000000012a44        0x0 lib/liblyos.a(io.o)
 .data          0x0000000000012a44        0x0 lib/liblyos.a(malloc.o)
 .data          0x0000000000012a44        0x0 lib/liblyos.a(misc.o)
 .data          0x0000000000012a44        0x0 lib/liblyos.a(posix.o)
 .data          0x0000000000012a44        0x0 lib/liblyos.a(stdio.o)
 .data          0x0000000000012a44        0x0 lib/liblyos.a(string.o)
 .data          0x0000000000012a44        0x0 lib/liblyos.a(assert.o)

.data1
 *(.data1)
                0x0000000000012a44                _edata = .
                0x0000000000012a44                PROVIDE (edata, .)
                0x0000000000012a44                __bss_start = .

.bss            0x0000000000012a60    0x4a044
 *(.dynbss)
 *(.bss .bss.* .gnu.linkonce.b.*)
 .bss           0x0000000000012a60      0x800 kernel/krnl.o
 .bss           0x0000000000013260      0x208 fs/fs.o
 *fill*         0x0000000000013468       0x18 00
 .bss           0x0000000000013480      0x358 mm/mm.o
 *fill*         0x00000000000137d8        0x8 00
 .bss           0x00000000000137e0      0x6f8 drivers/drivers.o
                0x0000000000013e40                blk_dev_table
 .bss           0x0000000000013ed8        0x0 lib/misc/syslog.o
 .bss           0x0000000000013ed8        0x0 lib/liblyos.a(io.o)
 .bss           0x0000000000013ed8        0x0 lib/liblyos.a(malloc.o)
 .bss           0x0000000000013ed8        0x0 lib/liblyos.a(misc.o)
 .bss           0x0000000000013ed8        0x0 lib/liblyos.a(posix.o)
 .bss           0x0000000000013ed8        0x0 lib/liblyos.a(stdio.o)
 .bss           0x0000000000013ed8        0x0 lib/liblyos.a(string.o)
 .bss           0x0000000000013ed8        0x0 lib/liblyos.a(assert.o)
 *(COMMON)
 *fill*         0x0000000000013ed8        0x8 00
 COMMON         0x0000000000013ee0    0x48b98 kernel/krnl.o
                0x0000000000013ee0                rd_length
                0x0000000000013ee4                idt_ptr
                0x0000000000013f00                inode_table
                0x0000000000014a00                task_stack
                0x0000000000050a00                errno
                0x0000000000050a04                mem_start
                0x0000000000050a08                k_reenter
                0x0000000000050a0c                buffer_base
                0x0000000000050a20                gdt
                0x0000000000050e20                current_console
                0x0000000000050e24                pcaller
                0x0000000000050e40                tty_table
                0x0000000000051b14                buffer_length
                0x0000000000051b20                tss
                0x0000000000051ba0                fs_msg
                0x0000000000051bd0                memory_size
                0x0000000000051be0                f_desc_table
                0x00000000000520e0                root_inode
                0x00000000000520e4                current
                0x00000000000520e8                disp_pos
                0x0000000000052100                mm_msg
                0x0000000000052130                key_pressed
                0x0000000000052140                buffer_table
                0x0000000000053554                gdt_ptr
                0x000000000005355c                kernel_addr
                0x0000000000053560                jiffies
                0x0000000000053580                idt
                0x0000000000053d80                super_block
                0x0000000000053f60                console_table
                0x0000000000053fe0                rd_base
                0x0000000000054000                irq_table
                0x0000000000054040                file_systems
                0x0000000000054060                proc_table
                0x000000000005ca74                nr_buffer
 COMMON         0x000000000005ca78       0x10 fs/fs.o
                0x000000000005ca78                PARTITION_ENTRY
 COMMON         0x000000000005ca88       0x1c drivers/drivers.o
                0x000000000005ca88                reply
                0x000000000005ca8f                selected
                0x000000000005ca90                motor
                0x000000000005ca94                drive_type
                0x000000000005caa4                . = ALIGN ((. != 0x0)?0x4:0x1)
                0x000000000005caa4                . = ALIGN (0x4)
                0x000000000005caa4                . = ALIGN (0x4)
                0x000000000005caa4                _end = .
                0x000000000005caa4                PROVIDE (end, .)
                0x000000000005caa4                . = DATA_SEGMENT_END (.)

.stab
 *(.stab)

.stabstr
 *(.stabstr)

.stab.excl
 *(.stab.excl)

.stab.exclstr
 *(.stab.exclstr)

.stab.index
 *(.stab.index)

.stab.indexstr
 *(.stab.indexstr)

.comment        0x0000000000000000      0x394
 *(.comment)
 .comment       0x0000000000000000      0x20b kernel/krnl.o
 .comment       0x000000000000020b       0x2a fs/fs.o
                                        0x1ae (size before relaxing)
 .comment       0x0000000000000235      0x121 mm/mm.o
 .comment       0x0000000000000000      0x1d9 drivers/drivers.o
 .comment       0x0000000000000000       0x2b lib/misc/syslog.o
 .comment       0x0000000000000356       0x3e lib/liblyos.a(x86_lib.o)
 .comment       0x0000000000000000      0x12d lib/liblyos.a(io.o)
 .comment       0x0000000000000000       0x2b lib/liblyos.a(malloc.o)
 .comment       0x0000000000000000       0x2b lib/liblyos.a(misc.o)
 .comment       0x0000000000000000      0x12d lib/liblyos.a(posix.o)
 .comment       0x0000000000000000       0x56 lib/liblyos.a(stdio.o)
 .comment       0x0000000000000000      0x102 lib/liblyos.a(string.o)
 .comment       0x0000000000000000       0x2b lib/liblyos.a(assert.o)

.debug
 *(.debug)

.line
 *(.line)

.debug_srcinfo
 *(.debug_srcinfo)

.debug_sfnames
 *(.debug_sfnames)

.debug_aranges
 *(.debug_aranges)

.debug_pubnames
 *(.debug_pubnames)

.debug_info
 *(.debug_info .gnu.linkonce.wi.*)

.debug_abbrev
 *(.debug_abbrev)

.debug_line
 *(.debug_line)

.debug_frame
 *(.debug_frame)

.debug_str
 *(.debug_str)

.debug_loc
 *(.debug_loc)

.debug_macinfo
 *(.debug_macinfo)

.debug_weaknames
 *(.debug_weaknames)

.debug_funcnames
 *(.debug_funcnames)

.debug_typenames
 *(.debug_typenames)

.debug_varnames
 *(.debug_varnames)

.debug_pubtypes
 *(.debug_pubtypes)

.debug_ranges
 *(.debug_ranges)

.gnu.attributes
 *(.gnu.attributes)

/DISCARD/
 *(.note.GNU-stack)
 *(.gnu_debuglink)
 *(.gnu.lto_*)
OUTPUT(kernel.bin elf32-i386)
