Archive member included because of file (symbol)

lib/liblyos.a(x86_lib.o)      kernel/krnl.o (strcpy)
lib/liblyos.a(io.o)           kernel/krnl.o (lseek)
lib/liblyos.a(misc.o)         drivers/drivers.o (spin)
lib/liblyos.a(posix.o)        fs/fs.o (getpid)
lib/liblyos.a(stdio.o)        kernel/krnl.o (printf)
lib/liblyos.a(string.o)       kernel/krnl.o (memcmp)

Allocating common symbols
Common symbol       size              file

rd_length           0x4               kernel/krnl.o
idt_ptr             0x6               kernel/krnl.o
inode_table         0xb00             kernel/krnl.o
task_stack          0x3c000           kernel/krnl.o
errno               0x4               kernel/krnl.o
mem_start           0x4               kernel/krnl.o
k_reenter           0x4               kernel/krnl.o
buffer_base         0x4               kernel/krnl.o
gdt                 0x400             kernel/krnl.o
current_console     0x4               kernel/krnl.o
pcaller             0x4               kernel/krnl.o
tty_table           0xd68             kernel/krnl.o
buffer_length       0x4               kernel/krnl.o
tss                 0x68              kernel/krnl.o
fs_msg              0x30              kernel/krnl.o
reply               0x7               drivers/drivers.o
memory_size         0x4               kernel/krnl.o
f_desc_table        0x500             kernel/krnl.o
root_inode          0x4               kernel/krnl.o
current             0x4               kernel/krnl.o
selected            0x1               drivers/drivers.o
disp_pos            0x4               kernel/krnl.o
mm_msg              0x30              kernel/krnl.o
key_pressed         0x4               kernel/krnl.o
buffer_table        0x1414            kernel/krnl.o
gdt_ptr             0x6               kernel/krnl.o
kernel_addr         0x4               kernel/krnl.o
jiffies             0x4               kernel/krnl.o
idt                 0x800             kernel/krnl.o
super_block         0x1e0             kernel/krnl.o
PARTITION_ENTRY     0x10              fs/fs.o
motor               0x4               drivers/drivers.o
console_table       0x8a              kernel/krnl.o
rd_base             0x4               kernel/krnl.o
irq_table           0x40              kernel/krnl.o
drive_type          0x10              drivers/drivers.o
file_systems        0x4               kernel/krnl.o
proc_table          0x8a12            kernel/krnl.o
nr_buffer           0x4               kernel/krnl.o

Discarded input sections

 .note.GNU-stack
                0x0000000000000000        0x0 kernel/krnl.o
 .note.GNU-stack
                0x0000000000000000        0x0 fs/fs.o
 .note.GNU-stack
                0x0000000000000000        0x0 mm/mm.o
 .note.GNU-stack
                0x0000000000000000        0x0 drivers/drivers.o
 .note.GNU-stack
                0x0000000000000000        0x0 lib/misc/syslog.o
 .note.GNU-stack
                0x0000000000000000        0x0 lib/liblyos.a(io.o)
 .note.GNU-stack
                0x0000000000000000        0x0 lib/liblyos.a(misc.o)
 .note.GNU-stack
                0x0000000000000000        0x0 lib/liblyos.a(posix.o)
 .note.GNU-stack
                0x0000000000000000        0x0 lib/liblyos.a(stdio.o)
 .note.GNU-stack
                0x0000000000000000        0x0 lib/liblyos.a(string.o)

Memory Configuration

Name             Origin             Length             Attributes
*default*        0x0000000000000000 0xffffffffffffffff

Linker script and memory map

Address of section .text set to 0x1000
LOAD kernel/krnl.o
LOAD fs/fs.o
LOAD mm/mm.o
LOAD drivers/drivers.o
LOAD lib/misc/syslog.o
LOAD lib/liblyos.a
                0x0000000008048000                PROVIDE (__executable_start, 0x8048000)
                0x0000000008048094                . = (0x8048000 + SIZEOF_HEADERS)

.interp
 *(.interp)

.note.gnu.build-id
 *(.note.gnu.build-id)

.hash
 *(.hash)

.gnu.hash
 *(.gnu.hash)

.dynsym
 *(.dynsym)

.dynstr
 *(.dynstr)

.gnu.version
 *(.gnu.version)

.gnu.version_d
 *(.gnu.version_d)

.gnu.version_r
 *(.gnu.version_r)

.rel.dyn        0x0000000008048094        0x0
 *(.rel.init)
 *(.rel.text .rel.text.* .rel.gnu.linkonce.t.*)
 .rel.text      0x0000000000000000        0x0 kernel/krnl.o
 *(.rel.fini)
 *(.rel.rodata .rel.rodata.* .rel.gnu.linkonce.r.*)
 *(.rel.data.rel.ro* .rel.gnu.linkonce.d.rel.ro.*)
 *(.rel.data .rel.data.* .rel.gnu.linkonce.d.*)
 .rel.data      0x0000000000000000        0x0 kernel/krnl.o
 *(.rel.tdata .rel.tdata.* .rel.gnu.linkonce.td.*)
 *(.rel.tbss .rel.tbss.* .rel.gnu.linkonce.tb.*)
 *(.rel.ctors)
 *(.rel.dtors)
 *(.rel.got)
 *(.rel.bss .rel.bss.* .rel.gnu.linkonce.b.*)
 *(.rel.ifunc)

.rel.plt        0x0000000008048094        0x0
 *(.rel.plt)
                0x0000000008048094                PROVIDE (__rel_iplt_start, .)
 *(.rel.iplt)
 .rel.iplt      0x0000000000000000        0x0 kernel/krnl.o
                0x0000000008048094                PROVIDE (__rel_iplt_end, .)

.init
 *(.init)

.plt            0x00000000080480a0        0x0
 *(.plt)
 *(.iplt)
 .iplt          0x0000000000000000        0x0 kernel/krnl.o

.text           0x0000000000001000     0xe8f0
 *(.text.unlikely .text.*_unlikely)
 *(.text.exit .text.exit.*)
 *(.text.startup .text.startup.*)
 *(.text.hot .text.hot.*)
 *(.text .stub .text.* .gnu.linkonce.t.*)
 .text          0x0000000000001000     0x2e8b kernel/krnl.o
                0x0000000000001000                _start
                0x0000000000001040                hwint00
                0x0000000000001070                hwint01
                0x00000000000010a0                hwint02
                0x00000000000010d0                hwint03
                0x0000000000001100                hwint04
                0x0000000000001130                hwint05
                0x0000000000001160                hwint06
                0x0000000000001190                hwint07
                0x00000000000011c0                hwint08
                0x00000000000011f0                hwint09
                0x0000000000001220                hwint10
                0x0000000000001250                hwint11
                0x0000000000001280                hwint12
                0x00000000000012b0                hwint13
                0x00000000000012e0                hwint14
                0x0000000000001310                hwint15
                0x0000000000001334                divide_error
                0x000000000000133a                single_step_exception
                0x0000000000001340                nmi
                0x0000000000001346                breakpoint_exception
                0x000000000000134c                overflow
                0x0000000000001352                bounds_check
                0x0000000000001358                inval_opcode
                0x000000000000135e                copr_not_available
                0x0000000000001364                double_fault
                0x0000000000001368                copr_seg_overrun
                0x000000000000136e                inval_tss
                0x0000000000001372                segment_not_present
                0x0000000000001376                stack_exception
                0x000000000000137a                general_protection
                0x000000000000137e                copr_error
                0x00000000000013c7                sys_call
                0x00000000000013e7                restart
                0x0000000000001410                disp_str
                0x000000000000144e                disp_color_str
                0x000000000000148d                out_byte
                0x0000000000001499                in_byte
                0x00000000000014a3                port_read
                0x00000000000014b6                port_write
                0x00000000000014c9                disable_irq
                0x00000000000014fe                enable_irq
                0x000000000000151d                disable_int
                0x000000000000151f                enable_int
                0x0000000000001521                glitter
                0x00000000000015b4                hard_reboot
                0x00000000000015c0                cstart
                0x0000000000001638                kernel_main
                0x0000000000001967                get_ticks
                0x000000000000199f                untar
                0x0000000000001bc1                shell
                0x0000000000001d6c                Init
                0x0000000000001e52                TestA
                0x0000000000001e57                TestB
                0x0000000000001e5c                TestC
                0x0000000000001e61                panic
                0x0000000000001eac                clock_handler
                0x0000000000001f26                milli_delay
                0x0000000000001f61                init_clock
                0x0000000000001fc8                init_8259A
                0x00000000000020b9                spurious_irq
                0x00000000000020e4                put_irq_handler
                0x0000000000002104                init_prot
                0x000000000000272f                seg2linear
                0x000000000000277e                init_desc
                0x00000000000027ea                exception_handler
                0x0000000000002950                schedule
                0x0000000000002a31                do_setuid
                0x0000000000002a4d                do_getuid
                0x0000000000002a61                do_setgid
                0x0000000000002a7d                do_getgid
                0x0000000000002a91                do_geteuid
                0x0000000000002aa5                do_getegid
                0x0000000000002ab9                do_nice
                0x0000000000002afb                sys_sendrec
                0x0000000000002bc2                ldt_seg_linear
                0x0000000000002c05                va2la
                0x0000000000002c40                reset_msg
                0x00000000000031ed                inform_int
                0x00000000000032a4                dumproc
                0x0000000000003609                dump_msg
                0x0000000000003750                task_sys
                0x0000000000003a70                in_word
                0x0000000000003a9c                out_word
                0x0000000000003abe                in_long
                0x0000000000003ae7                out_long
                0x0000000000003b00                get_boot_params
                0x0000000000003b2a                get_kernel_map
                0x0000000000003c1a                itoa
                0x0000000000003cc4                disp_int
                0x0000000000003ce9                printk
                0x0000000000003d2a                delay
                0x0000000000003d70                sys_reboot
                0x0000000000003d82                do_ftime
                0x0000000000003d8c                do_mknod
                0x0000000000003d96                do_break
                0x0000000000003da0                do_ustat
                0x0000000000003daa                do_ptrace
                0x0000000000003db4                do_stty
                0x0000000000003dbe                do_gtty
                0x0000000000003dc8                do_rename
                0x0000000000003dd2                do_prof
                0x0000000000003ddc                do_acct
                0x0000000000003de6                do_phys
                0x0000000000003df0                do_lock
                0x0000000000003dfa                do_mpx
                0x0000000000003e04                do_ulimit
                0x0000000000003e0e                do_stime
                0x0000000000003e18                do_times
                0x0000000000003e22                do_brk
                0x0000000000003e2c                do_setpgid
                0x0000000000003e36                do_getpgrp
                0x0000000000003e40                do_setsid
                0x0000000000003e4a                do_uname
                0x0000000000003e81                do_umask
 *fill*         0x0000000000003e8b        0x1 90909090
 .text          0x0000000000003e8c     0x586f fs/fs.o
                0x0000000000003e8c                task_fs
                0x0000000000003f58                task_lyos_fs
                0x0000000000004266                init_fs
                0x0000000000004306                mount_root
                0x0000000000004cf9                rw_sector
                0x0000000000004d6a                read_super_block
                0x0000000000004ea2                get_super_block
                0x0000000000004ee8                get_inode
                0x0000000000005061                put_inode
                0x0000000000005075                sync_inode
                0x000000000000519c                fs_fork
                0x0000000000005219                fs_exit
                0x00000000000052cc                do_open
                0x0000000000005768                do_mkdir
                0x00000000000057f2                do_close
                0x0000000000005876                do_lseek
                0x0000000000005932                do_chdir
                0x00000000000059b7                do_chroot
                0x0000000000005f7f                do_mount
                0x0000000000005f89                do_umount
                0x0000000000005f94                do_stat
                0x0000000000006174                do_rdwt
                0x000000000000652c                do_unlink
                0x0000000000006ccc                disklog
                0x00000000000072a5                dump_fd_graph
                0x0000000000008d64                get_buffer
                0x0000000000008dd9                find_buffer
                0x0000000000008e4d                sync_buffer
                0x0000000000008e52                do_sync
                0x0000000000008e57                free_buffer
                0x0000000000008e5c                init_buffer
                0x0000000000008f5c                file_open
                0x000000000000918b                file_read
                0x00000000000091b4                file_write
                0x00000000000091e0                namei
                0x0000000000009258                last_dir
                0x00000000000093d4                find_entry
                0x00000000000094f0                search_file
                0x000000000000966f                strip_path
 *fill*         0x00000000000096fb        0x5 90909090
 .text          0x0000000000009700     0x13af mm/mm.o
                0x0000000000009700                page_fault
                0x0000000000009744                task_mm
                0x0000000000009a05                get_user_pages
                0x0000000000009ab8                free_user_pages
                0x0000000000009b0c                do_fork
                0x0000000000009e3e                do_exit
                0x000000000000a0a1                do_wait
                0x000000000000a1f8                do_exec
                0x000000000000a514                wp_page
                0x000000000000a519                no_page
                0x000000000000a520                do_sigaction
                0x000000000000a674                do_alarm
                0x000000000000a72f                do_kill
                0x000000000000a7a8                do_raise
                0x000000000000a7d8                mem_init
                0x000000000000a847                alloc_mem
                0x000000000000a8dc                free_mem
 *fill*         0x000000000000aaaf        0x1 90909090
 .text          0x000000000000aab0     0x40d2 drivers/drivers.o
                0x000000000000aab0                task_fd
                0x000000000000b31c                fd_handler
                0x000000000000b353                do_fd_request
                0x000000000000b358                init_fd
                0x000000000000b3c4                task_hd
                0x000000000000b4a0                do_hd_request
                0x000000000000c076                hd_handler
                0x000000000000c09c                task_rd
                0x000000000000c13f                do_rd_request
                0x000000000000c262                init_rd
                0x000000000000c2b4                rd_load_image
                0x000000000000c488                add_request
                0x000000000000c524                task_scsi
                0x000000000000c5bc                scsi_handler
                0x000000000000c5c1                do_scsi_request
                0x000000000000c5c6                init_scsi
                0x000000000000c708                init_screen
                0x000000000000c8a3                out_char
                0x000000000000cbe3                is_current_console
                0x000000000000d3b2                select_console
                0x000000000000d3e6                scroll_screen
                0x000000000000d618                keyboard_handler
                0x000000000000d67e                init_keyboard
                0x000000000000d739                kb_init
                0x000000000000d74b                keyboard_read
                0x000000000000ddd4                task_tty
                0x000000000000dfc2                in_process
                0x000000000000e41d                handle_events
                0x000000000000e6a2                sys_printx
                0x000000000000e844                dump_tty_buf
                0x000000000000e9a0                task_inet
                0x000000000000e9a8                task_pci
                0x000000000000ea94                pci_init
                0x000000000000eaa8                dev_driver_task
 *fill*         0x000000000000eb82        0x2 90909090
 .text          0x000000000000eb84       0x3e lib/misc/syslog.o
                0x000000000000eb84                syslog
 *fill*         0x000000000000ebc2        0xe 90909090
 .text          0x000000000000ebd0       0xb8 lib/liblyos.a(x86_lib.o)
                0x000000000000ebd0                sendrec
                0x000000000000ebea                printx
                0x000000000000ebf8                reboot
                0x000000000000ec10                memcpy
                0x000000000000ec39                memset
                0x000000000000ec5a                strcpy
                0x000000000000ec72                strlen
 .text          0x000000000000ec88      0x244 lib/liblyos.a(io.o)
                0x000000000000ec88                open
                0x000000000000eccf                mkdir
                0x000000000000ed14                read
                0x000000000000ed54                write
                0x000000000000ed94                close
                0x000000000000edc8                unlink
                0x000000000000ee0c                lseek
                0x000000000000ee4c                stat
                0x000000000000ee93                fstat
 .text          0x000000000000eecc       0xc4 lib/liblyos.a(misc.o)
                0x000000000000eecc                send_recv
                0x000000000000ef75                spin
 .text          0x000000000000ef90      0x455 lib/liblyos.a(posix.o)
                0x000000000000ef90                getpid
                0x000000000000efc0                getuid
                0x000000000000efed                setuid
                0x000000000000f020                getgid
                0x000000000000f04d                setgid
                0x000000000000f080                geteuid
                0x000000000000f0ad                getegid
                0x000000000000f0dc                fork
                0x000000000000f10c                wait
                0x000000000000f15e                waitpid
                0x000000000000f1b0                exec
                0x000000000000f1ff                execl
                0x000000000000f225                execv
                0x000000000000f340                kill
                0x000000000000f379                raise
                0x000000000000f3ac                uname
 *fill*         0x000000000000f3e5        0x3 90909090
 .text          0x000000000000f3e8      0x3b2 lib/liblyos.a(stdio.o)
                0x000000000000f3e8                printf
                0x000000000000f43b                printl
                0x000000000000f4e7                vsprintf
                0x000000000000f770                sprintf
 *fill*         0x000000000000f79a        0x2 90909090
 .text          0x000000000000f79c      0x154 lib/liblyos.a(string.o)
                0x000000000000f79c                memcmp
                0x000000000000f818                strcmp
                0x000000000000f890                strcat
 *(.gnu.warning)

.fini
 *(.fini)
                0x000000000000f8f0                PROVIDE (__etext, .)
                0x000000000000f8f0                PROVIDE (_etext, .)
                0x000000000000f8f0                PROVIDE (etext, .)

.rodata         0x000000000000f900     0x1b2d
 *(.rodata .rodata.* .gnu.linkonce.r.*)
 .rodata        0x000000000000f900      0x8ac kernel/krnl.o
                0x000000000000faac                FSBUF_SIZE
                0x000000000000fab0                MMBUF_SIZE
                0x000000000000fab4                LOGBUF_SIZE
                0x000000000000fab8                LOGDISKBUF_SIZE
 .rodata        0x00000000000101ac      0xc14 fs/fs.o
 .rodata        0x0000000000010dc0      0x144 mm/mm.o
 .rodata        0x0000000000010f04      0x514 drivers/drivers.o
 .rodata        0x0000000000011418       0x15 lib/liblyos.a(misc.o)

.rodata1
 *(.rodata1)

.eh_frame_hdr
 *(.eh_frame_hdr)

.eh_frame       0x0000000000011430     0x225c
 *(.eh_frame)
 .eh_frame      0x0000000000011430      0x9dc kernel/krnl.o
                                        0xa9c (size before relaxing)
 .eh_frame      0x0000000000011e0c      0x6a8 fs/fs.o
                                        0x798 (size before relaxing)
 .eh_frame      0x00000000000124b4      0x2c8 mm/mm.o
                                        0x358 (size before relaxing)
 .eh_frame      0x000000000001277c      0xa8c drivers/drivers.o
                                        0xb94 (size before relaxing)
 .eh_frame      0x0000000000013208       0x20 lib/misc/syslog.o
                                         0x38 (size before relaxing)
 .eh_frame      0x0000000000013228      0x120 lib/liblyos.a(io.o)
                                        0x1c8 (size before relaxing)
 .eh_frame      0x0000000000013348       0x3c lib/liblyos.a(misc.o)
                                         0x54 (size before relaxing)
 .eh_frame      0x0000000000013384      0x200 lib/liblyos.a(posix.o)
                                        0x2a8 (size before relaxing)
 .eh_frame      0x0000000000013584       0xa8 lib/liblyos.a(stdio.o)
                                         0xd8 (size before relaxing)
 .eh_frame      0x000000000001362c       0x60 lib/liblyos.a(string.o)
                                         0xa8 (size before relaxing)

.gcc_except_table
 *(.gcc_except_table .gcc_except_table.*)

.exception_ranges
 *(.exception_ranges .exception_ranges*)
                0x000000000001368c                . = (ALIGN (0x1000) - ((0x1000 - .) & 0xfff))
                0x0000000000014000                . = DATA_SEGMENT_ALIGN (0x1000, 0x1000)

.eh_frame
 *(.eh_frame)

.gcc_except_table
 *(.gcc_except_table .gcc_except_table.*)

.exception_ranges
 *(.exception_ranges .exception_ranges*)

.tdata
 *(.tdata .tdata.* .gnu.linkonce.td.*)

.tbss
 *(.tbss .tbss.* .gnu.linkonce.tb.*)
 *(.tcommon)

.preinit_array  0x0000000000014000        0x0
                0x0000000000014000                PROVIDE (__preinit_array_start, .)
 *(.preinit_array)
                0x0000000000014000                PROVIDE (__preinit_array_end, .)

.init_array     0x0000000000014000        0x0
                0x0000000000014000                PROVIDE (__init_array_start, .)
 *(SORT(.init_array.*) SORT(.ctors.*))
 *(.init_array)
 *(EXCLUDE_FILE(*crtend?.o *crtend.o *crtbegin?.o *crtbegin.o) .ctors)
                0x0000000000014000                PROVIDE (__init_array_end, .)

.fini_array     0x0000000000014000        0x0
                0x0000000000014000                PROVIDE (__fini_array_start, .)
 *(SORT(.fini_array.*) SORT(.dtors.*))
 *(.fini_array)
 *(EXCLUDE_FILE(*crtend?.o *crtend.o *crtbegin?.o *crtbegin.o) .dtors)
                0x0000000000014000                PROVIDE (__fini_array_end, .)

.ctors
 *crtbegin.o(.ctors)
 *crtbegin?.o(.ctors)
 *(EXCLUDE_FILE(*crtend?.o *crtend.o) .ctors)
 *(SORT(.ctors.*))
 *(.ctors)

.dtors
 *crtbegin.o(.dtors)
 *crtbegin?.o(.dtors)
 *(EXCLUDE_FILE(*crtend?.o *crtend.o) .dtors)
 *(SORT(.dtors.*))
 *(.dtors)

.jcr
 *(.jcr)

.data.rel.ro
 *(.data.rel.ro.local* .gnu.linkonce.d.rel.ro.local.*)
 *(.data.rel.ro* .gnu.linkonce.d.rel.ro.*)

.dynamic
 *(.dynamic)

.got
 *(.got)
 *(.igot)
                0x0000000000014000                . = DATA_SEGMENT_RELRO_END (., 0xc)

.got.plt        0x0000000000014000        0x0
 *(.got.plt)
 *(.igot.plt)
 .igot.plt      0x0000000000000000        0x0 kernel/krnl.o

.data           0x0000000000014000      0xc84
 *(.data .data.* .gnu.linkonce.d.*)
 .data          0x0000000000014000      0x318 kernel/krnl.o
                0x0000000000014020                ROOT_DEV
                0x0000000000014040                task_table
                0x0000000000014200                user_proc_table
                0x00000000000142a0                sys_call_table
                0x00000000000142c0                thisname
                0x00000000000142ed                dd_map
                0x0000000000014308                fsbuf
                0x000000000001430c                mmbuf
                0x0000000000014310                logbuf
                0x0000000000014314                logdiskbuf
 .data          0x0000000000014318        0x5 fs/fs.o
                0x0000000000014318                dot1
                0x000000000001431a                dot2
 *fill*         0x000000000001431d        0x3 00
 .data          0x0000000000014320        0x0 mm/mm.o
 .data          0x0000000000014320      0x964 drivers/drivers.o
                0x0000000000014400                floppy_buffer
                0x0000000000014404                hd_driver
                0x0000000000014420                keymap
 .data          0x0000000000014c84        0x0 lib/misc/syslog.o
 .data          0x0000000000014c84        0x0 lib/liblyos.a(io.o)
 .data          0x0000000000014c84        0x0 lib/liblyos.a(misc.o)
 .data          0x0000000000014c84        0x0 lib/liblyos.a(posix.o)
 .data          0x0000000000014c84        0x0 lib/liblyos.a(stdio.o)
 .data          0x0000000000014c84        0x0 lib/liblyos.a(string.o)

.data1
 *(.data1)
                0x0000000000014c84                _edata = .
                0x0000000000014c84                PROVIDE (edata, .)
                0x0000000000014c84                __bss_start = .

.bss            0x0000000000014ca0    0x4a0e4
 *(.dynbss)
 *(.bss .bss.* .gnu.linkonce.b.*)
 .bss           0x0000000000014ca0      0x800 kernel/krnl.o
 .bss           0x00000000000154a0      0x208 fs/fs.o
 *fill*         0x00000000000156a8       0x18 00
 .bss           0x00000000000156c0      0x358 mm/mm.o
 *fill*         0x0000000000015a18        0x8 00
 .bss           0x0000000000015a20      0x6f8 drivers/drivers.o
                0x0000000000016080                blk_dev_table
 .bss           0x0000000000016118        0x0 lib/misc/syslog.o
 .bss           0x0000000000016118        0x0 lib/liblyos.a(io.o)
 .bss           0x0000000000016118        0x0 lib/liblyos.a(misc.o)
 .bss           0x0000000000016118        0x0 lib/liblyos.a(posix.o)
 .bss           0x0000000000016118        0x0 lib/liblyos.a(stdio.o)
 .bss           0x0000000000016118        0x0 lib/liblyos.a(string.o)
 *(COMMON)
 *fill*         0x0000000000016118        0x8 00
 COMMON         0x0000000000016120    0x48c38 kernel/krnl.o
                0x0000000000016120                rd_length
                0x0000000000016124                idt_ptr
                0x0000000000016140                inode_table
                0x0000000000016c40                task_stack
                0x0000000000052c40                errno
                0x0000000000052c44                mem_start
                0x0000000000052c48                k_reenter
                0x0000000000052c4c                buffer_base
                0x0000000000052c60                gdt
                0x0000000000053060                current_console
                0x0000000000053064                pcaller
                0x0000000000053080                tty_table
                0x0000000000053de8                buffer_length
                0x0000000000053e00                tss
                0x0000000000053e80                fs_msg
                0x0000000000053eb0                memory_size
                0x0000000000053ec0                f_desc_table
                0x00000000000543c0                root_inode
                0x00000000000543c4                current
                0x00000000000543c8                disp_pos
                0x00000000000543e0                mm_msg
                0x0000000000054410                key_pressed
                0x0000000000054420                buffer_table
                0x0000000000055834                gdt_ptr
                0x000000000005583c                kernel_addr
                0x0000000000055840                jiffies
                0x0000000000055860                idt
                0x0000000000056060                super_block
                0x0000000000056240                console_table
                0x00000000000562cc                rd_base
                0x00000000000562e0                irq_table
                0x0000000000056320                file_systems
                0x0000000000056340                proc_table
                0x000000000005ed54                nr_buffer
 COMMON         0x000000000005ed58       0x10 fs/fs.o
                0x000000000005ed58                PARTITION_ENTRY
 COMMON         0x000000000005ed68       0x1c drivers/drivers.o
                0x000000000005ed68                reply
                0x000000000005ed6f                selected
                0x000000000005ed70                motor
                0x000000000005ed74                drive_type
                0x000000000005ed84                . = ALIGN ((. != 0x0)?0x4:0x1)
                0x000000000005ed84                . = ALIGN (0x4)
                0x000000000005ed84                . = ALIGN (0x4)
                0x000000000005ed84                _end = .
                0x000000000005ed84                PROVIDE (end, .)
                0x000000000005ed84                . = DATA_SEGMENT_END (.)

.stab
 *(.stab)

.stabstr
 *(.stabstr)

.stab.excl
 *(.stab.excl)

.stab.exclstr
 *(.stab.exclstr)

.stab.index
 *(.stab.index)

.stab.indexstr
 *(.stab.indexstr)

.comment        0x0000000000000000       0x2a
 *(.comment)
 .comment       0x0000000000000000       0x2a kernel/krnl.o
                                        0x1ae (size before relaxing)
 .comment       0x0000000000000000      0x1ae fs/fs.o
 .comment       0x0000000000000000      0x102 mm/mm.o
 .comment       0x0000000000000000      0x1d9 drivers/drivers.o
 .comment       0x0000000000000000       0x2b lib/misc/syslog.o
 .comment       0x0000000000000000      0x12d lib/liblyos.a(io.o)
 .comment       0x0000000000000000       0x2b lib/liblyos.a(misc.o)
 .comment       0x0000000000000000      0x12d lib/liblyos.a(posix.o)
 .comment       0x0000000000000000       0x56 lib/liblyos.a(stdio.o)
 .comment       0x0000000000000000      0x102 lib/liblyos.a(string.o)

.debug
 *(.debug)

.line
 *(.line)

.debug_srcinfo
 *(.debug_srcinfo)

.debug_sfnames
 *(.debug_sfnames)

.debug_aranges
 *(.debug_aranges)

.debug_pubnames
 *(.debug_pubnames)

.debug_info
 *(.debug_info .gnu.linkonce.wi.*)

.debug_abbrev
 *(.debug_abbrev)

.debug_line
 *(.debug_line)

.debug_frame
 *(.debug_frame)

.debug_str
 *(.debug_str)

.debug_loc
 *(.debug_loc)

.debug_macinfo
 *(.debug_macinfo)

.debug_weaknames
 *(.debug_weaknames)

.debug_funcnames
 *(.debug_funcnames)

.debug_typenames
 *(.debug_typenames)

.debug_varnames
 *(.debug_varnames)

.debug_pubtypes
 *(.debug_pubtypes)

.debug_ranges
 *(.debug_ranges)

.gnu.attributes
 *(.gnu.attributes)

/DISCARD/
 *(.note.GNU-stack)
 *(.gnu_debuglink)
 *(.gnu.lto_*)
OUTPUT(kernel.bin elf32-i386)
