Archive member included because of file (symbol)

lib/lyoscrt.a(x86_lib.o)      kernel/krnl.o (strcpy)
lib/lyoscrt.a(printf.o)       kernel/krnl.o (printf)
lib/lyoscrt.a(vsprintf.o)     kernel/krnl.o (vsprintf)
lib/lyoscrt.a(misc.o)         kernel/krnl.o (send_recv)
lib/lyoscrt.a(open.o)         kernel/krnl.o (open)
lib/lyoscrt.a(read.o)         kernel/krnl.o (read)
lib/lyoscrt.a(write.o)        kernel/krnl.o (write)
lib/lyoscrt.a(close.o)        kernel/krnl.o (close)
lib/lyoscrt.a(lseek.o)        kernel/krnl.o (lseek)
lib/lyoscrt.a(getpid.o)       fs/fs.o (getpid)
lib/lyoscrt.a(stat.o)         mm/mm.o (stat)
lib/lyoscrt.a(fork.o)         kernel/krnl.o (fork)
lib/lyoscrt.a(wait.o)         kernel/krnl.o (wait)
lib/lyoscrt.a(exec.o)         kernel/krnl.o (execv)
lib/lyoscrt.a(uname.o)        kernel/krnl.o (uname)

Allocating common symbols
Common symbol       size              file

rd_length           0x4               kernel/krnl.o
idt_ptr             0x6               kernel/krnl.o
inode_table         0xb00             kernel/krnl.o
task_stack          0x38000           kernel/krnl.o
errno               0x4               kernel/krnl.o
mem_start           0x4               kernel/krnl.o
k_reenter           0x4               kernel/krnl.o
buffer_base         0x4               kernel/krnl.o
gdt                 0x400             kernel/krnl.o
current_console     0x4               kernel/krnl.o
pcaller             0x4               kernel/krnl.o
tty_table           0xcd2             kernel/krnl.o
buffer_length       0x4               kernel/krnl.o
tss                 0x68              kernel/krnl.o
fs_msg              0x30              kernel/krnl.o
reply               0x7               drivers/drivers.o
memory_size         0x4               kernel/krnl.o
f_desc_table        0x500             kernel/krnl.o
root_inode          0x4               kernel/krnl.o
current             0x4               kernel/krnl.o
disp_pos            0x4               kernel/krnl.o
mm_msg              0x30              kernel/krnl.o
key_pressed         0x4               kernel/krnl.o
buffer_table        0x1414            kernel/krnl.o
gdt_ptr             0x6               kernel/krnl.o
kernel_addr         0x4               kernel/krnl.o
jiffies             0x4               kernel/krnl.o
idt                 0x800             kernel/krnl.o
super_block         0x1e0             kernel/krnl.o
PARTITION_ENTRY     0x10              fs/fs.o
console_table       0x7e              kernel/krnl.o
rd_base             0x4               kernel/krnl.o
irq_table           0x40              kernel/krnl.o
drive_type          0x10              drivers/drivers.o
proc_table          0x86dc            kernel/krnl.o
nr_buffer           0x4               kernel/krnl.o

Discarded input sections

 .note.GNU-stack
                0x0000000000000000        0x0 kernel/krnl.o
 .note.GNU-stack
                0x0000000000000000        0x0 fs/fs.o
 .note.GNU-stack
                0x0000000000000000        0x0 mm/mm.o
 .note.GNU-stack
                0x0000000000000000        0x0 drivers/drivers.o
 .note.GNU-stack
                0x0000000000000000        0x0 lib/syslog.o
 .note.GNU-stack
                0x0000000000000000        0x0 lib/lyoscrt.a(printf.o)
 .note.GNU-stack
                0x0000000000000000        0x0 lib/lyoscrt.a(vsprintf.o)
 .note.GNU-stack
                0x0000000000000000        0x0 lib/lyoscrt.a(misc.o)
 .note.GNU-stack
                0x0000000000000000        0x0 lib/lyoscrt.a(open.o)
 .note.GNU-stack
                0x0000000000000000        0x0 lib/lyoscrt.a(read.o)
 .note.GNU-stack
                0x0000000000000000        0x0 lib/lyoscrt.a(write.o)
 .note.GNU-stack
                0x0000000000000000        0x0 lib/lyoscrt.a(close.o)
 .note.GNU-stack
                0x0000000000000000        0x0 lib/lyoscrt.a(lseek.o)
 .note.GNU-stack
                0x0000000000000000        0x0 lib/lyoscrt.a(getpid.o)
 .note.GNU-stack
                0x0000000000000000        0x0 lib/lyoscrt.a(stat.o)
 .note.GNU-stack
                0x0000000000000000        0x0 lib/lyoscrt.a(fork.o)
 .note.GNU-stack
                0x0000000000000000        0x0 lib/lyoscrt.a(wait.o)
 .note.GNU-stack
                0x0000000000000000        0x0 lib/lyoscrt.a(exec.o)
 .note.GNU-stack
                0x0000000000000000        0x0 lib/lyoscrt.a(uname.o)

Memory Configuration

Name             Origin             Length             Attributes
*default*        0x0000000000000000 0xffffffffffffffff

Linker script and memory map

Address of section .text set to 0x1000
LOAD kernel/krnl.o
LOAD fs/fs.o
LOAD mm/mm.o
LOAD drivers/drivers.o
LOAD lib/syslog.o
LOAD lib/lyoscrt.a
                0x0000000008048000                PROVIDE (__executable_start, 0x8048000)
                0x0000000008048094                . = (0x8048000 + SIZEOF_HEADERS)

.interp
 *(.interp)

.note.gnu.build-id
 *(.note.gnu.build-id)

.hash
 *(.hash)

.gnu.hash
 *(.gnu.hash)

.dynsym
 *(.dynsym)

.dynstr
 *(.dynstr)

.gnu.version
 *(.gnu.version)

.gnu.version_d
 *(.gnu.version_d)

.gnu.version_r
 *(.gnu.version_r)

.rel.dyn        0x0000000008048094        0x0
 *(.rel.init)
 *(.rel.text .rel.text.* .rel.gnu.linkonce.t.*)
 .rel.text      0x0000000000000000        0x0 kernel/krnl.o
 *(.rel.fini)
 *(.rel.rodata .rel.rodata.* .rel.gnu.linkonce.r.*)
 *(.rel.data.rel.ro* .rel.gnu.linkonce.d.rel.ro.*)
 *(.rel.data .rel.data.* .rel.gnu.linkonce.d.*)
 .rel.data      0x0000000000000000        0x0 kernel/krnl.o
 *(.rel.tdata .rel.tdata.* .rel.gnu.linkonce.td.*)
 *(.rel.tbss .rel.tbss.* .rel.gnu.linkonce.tb.*)
 *(.rel.ctors)
 *(.rel.dtors)
 *(.rel.got)
 *(.rel.bss .rel.bss.* .rel.gnu.linkonce.b.*)
 *(.rel.ifunc)

.rel.plt        0x0000000008048094        0x0
 *(.rel.plt)
                0x0000000008048094                PROVIDE (__rel_iplt_start, .)
 *(.rel.iplt)
 .rel.iplt      0x0000000000000000        0x0 kernel/krnl.o
                0x0000000008048094                PROVIDE (__rel_iplt_end, .)

.init
 *(.init)

.plt            0x0000000008048094        0x0
 *(.plt)
 *(.iplt)
 .iplt          0x0000000000000000        0x0 kernel/krnl.o

.text           0x0000000000001000     0xfa51
 *(.text.unlikely .text.*_unlikely)
 *(.text.exit .text.exit.*)
 *(.text.startup .text.startup.*)
 *(.text.hot .text.hot.*)
 *(.text .stub .text.* .gnu.linkonce.t.*)
 .text          0x0000000000001000     0x4593 kernel/krnl.o
                0x0000000000001000                _start
                0x0000000000001040                hwint00
                0x0000000000001070                hwint01
                0x00000000000010a0                hwint02
                0x00000000000010d0                hwint03
                0x0000000000001100                hwint04
                0x0000000000001130                hwint05
                0x0000000000001160                hwint06
                0x0000000000001190                hwint07
                0x00000000000011c0                hwint08
                0x00000000000011f0                hwint09
                0x0000000000001220                hwint10
                0x0000000000001250                hwint11
                0x0000000000001280                hwint12
                0x00000000000012b0                hwint13
                0x00000000000012e0                hwint14
                0x0000000000001310                hwint15
                0x0000000000001337                divide_error
                0x0000000000001346                single_step_exception
                0x0000000000001355                nmi
                0x0000000000001364                breakpoint_exception
                0x0000000000001373                overflow
                0x0000000000001382                bounds_check
                0x0000000000001391                inval_opcode
                0x00000000000013a0                copr_not_available
                0x00000000000013af                double_fault
                0x00000000000013b9                copr_seg_overrun
                0x00000000000013c8                inval_tss
                0x00000000000013d2                segment_not_present
                0x00000000000013dc                stack_exception
                0x00000000000013e6                general_protection
                0x00000000000013f0                copr_error
                0x0000000000001448                sys_call
                0x000000000000146b                restart
                0x00000000000014a0                disp_str
                0x00000000000014e7                disp_color_str
                0x000000000000152f                out_byte
                0x000000000000153b                in_byte
                0x0000000000001545                port_read
                0x0000000000001558                port_write
                0x000000000000156b                disable_irq
                0x00000000000015a0                enable_irq
                0x00000000000015bf                disable_int
                0x00000000000015c1                enable_int
                0x00000000000015c3                glitter
                0x0000000000001664                hard_reboot
                0x0000000000001670                cstart
                0x00000000000016f4                kernel_main
                0x0000000000001a52                get_ticks
                0x0000000000001a8a                untar
                0x0000000000001d60                shell
                0x0000000000001f60                Init
                0x0000000000002104                TestA
                0x0000000000002109                TestB
                0x000000000000210e                TestC
                0x0000000000002113                panic
                0x0000000000002160                clock_handler
                0x00000000000021da                milli_delay
                0x0000000000002215                init_clock
                0x000000000000227c                init_8259A
                0x000000000000236d                spurious_irq
                0x0000000000002398                put_irq_handler
                0x00000000000023b8                init_prot
                0x0000000000002a13                seg2linear
                0x0000000000002a62                init_desc
                0x0000000000002ace                exception_handler
                0x0000000000003364                schedule
                0x0000000000003445                do_setuid
                0x0000000000003461                do_getuid
                0x0000000000003475                do_setgid
                0x0000000000003491                do_getgid
                0x00000000000034a5                do_geteuid
                0x00000000000034b9                do_getegid
                0x00000000000034cd                do_nice
                0x000000000000350f                sys_sendrec
                0x000000000000366d                ldt_seg_linear
                0x00000000000036b1                va2la
                0x000000000000371e                reset_msg
                0x000000000000474f                inform_int
                0x00000000000048fb                dumproc
                0x0000000000004c63                dump_msg
                0x0000000000004dac                task_sys
                0x00000000000050cc                in_word
                0x00000000000050f8                out_word
                0x000000000000511a                in_long
                0x0000000000005143                out_long
                0x000000000000515c                get_boot_params
                0x00000000000051fe                get_kernel_map
                0x000000000000531f                itoa
                0x00000000000053c9                disp_int
                0x00000000000053ee                printk
                0x0000000000005432                delay
                0x0000000000005478                sys_reboot
                0x000000000000548a                do_ftime
                0x0000000000005494                do_mknod
                0x000000000000549e                do_break
                0x00000000000054a8                do_ustat
                0x00000000000054b2                do_ptrace
                0x00000000000054bc                do_stty
                0x00000000000054c6                do_gtty
                0x00000000000054d0                do_rename
                0x00000000000054da                do_prof
                0x00000000000054e4                do_acct
                0x00000000000054ee                do_phys
                0x00000000000054f8                do_lock
                0x0000000000005502                do_mpx
                0x000000000000550c                do_ulimit
                0x0000000000005516                do_stime
                0x0000000000005520                do_times
                0x000000000000552a                do_brk
                0x0000000000005534                do_setpgid
                0x000000000000553e                do_getpgrp
                0x0000000000005548                do_setsid
                0x0000000000005552                do_uname
                0x0000000000005589                do_umask
 *fill*         0x0000000000005593        0x1 90909090
 .text          0x0000000000005594     0x5ed7 fs/fs.o
                0x0000000000005594                task_fs
                0x0000000000005810                init_fs
                0x00000000000058b1                mount_root
                0x00000000000063c2                rw_sector
                0x000000000000646e                read_super_block
                0x00000000000065e1                get_super_block
                0x0000000000006628                get_inode
                0x00000000000067a5                put_inode
                0x00000000000067ea                sync_inode
                0x0000000000006a44                do_open
                0x0000000000007043                do_mkdir
                0x00000000000070ca                do_close
                0x000000000000714d                do_lseek
                0x0000000000007207                do_chdir
                0x000000000000728b                do_chroot
                0x0000000000007888                do_mount
                0x0000000000007892                do_umount
                0x000000000000789c                do_stat
                0x0000000000007a8c                do_rdwt
                0x0000000000007fe0                do_unlink
                0x0000000000008934                disklog
                0x0000000000008fb6                dump_fd_graph
                0x000000000000ab78                get_buffer
                0x000000000000abed                find_buffer
                0x000000000000ac61                sync_buffer
                0x000000000000ac66                do_sync
                0x000000000000ac6b                free_buffer
                0x000000000000ac70                init_buffer
                0x000000000000ad70                file_open
                0x000000000000afa3                file_read
                0x000000000000afcc                file_write
                0x000000000000aff8                namei
                0x000000000000b207                find_entry
                0x000000000000b324                search_file
                0x000000000000b3ab                strip_path
 *fill*         0x000000000000b46b        0x5 90909090
 .text          0x000000000000b470     0x1084 mm/mm.o
                0x000000000000b470                page_fault
                0x000000000000b4b8                task_mm
                0x000000000000b75f                alloc_mem
                0x000000000000b7e8                free_mem
                0x000000000000b7f4                do_fork
                0x000000000000bbec                do_exit
                0x000000000000bdc1                do_wait
                0x000000000000be7c                do_exec
                0x000000000000c22c                wp_page
                0x000000000000c231                no_page
                0x000000000000c238                do_sigaction
                0x000000000000c390                do_alarm
                0x000000000000c44c                do_kill
                0x000000000000c4c5                do_raise
 .text          0x000000000000c4f4     0x379d drivers/drivers.o
                0x000000000000c4f4                task_fd
                0x000000000000c6a9                fd_handler
                0x000000000000c6bd                do_fd_request
                0x000000000000c6c2                init_fd
                0x000000000000c730                task_hd
                0x000000000000c80f                do_hd_request
                0x000000000000d5a4                hd_handler
                0x000000000000d5cc                task_rd
                0x000000000000d66f                do_rd_request
                0x000000000000d797                init_rd
                0x000000000000d7e9                rd_load_image
                0x000000000000d9c4                add_request
                0x000000000000da6c                task_scsi
                0x000000000000db04                scsi_handler
                0x000000000000db09                do_scsi_request
                0x000000000000db0e                init_scsi
                0x000000000000db14                init_screen
                0x000000000000dca3                out_char
                0x000000000000e02b                is_current_console
                0x000000000000e80d                select_console
                0x000000000000e844                scroll_screen
                0x000000000000eaa8                keyboard_handler
                0x000000000000eb11                init_keyboard
                0x000000000000ebcc                keyboard_read
                0x000000000000f188                task_tty
                0x000000000000f33f                in_process
                0x000000000000f88e                sys_printx
                0x000000000000fa34                dump_tty_buf
                0x000000000000fb98                task_inet
                0x000000000000fba0                task_pci
                0x000000000000fbad                pci_init
                0x000000000000fbb4                dev_driver_task
 *fill*         0x000000000000fc91        0x3 90909090
 .text          0x000000000000fc94       0x78 lib/syslog.o
                0x000000000000fc94                syslog
 *fill*         0x000000000000fd0c        0x4 90909090
 .text          0x000000000000fd10       0xc7 lib/lyoscrt.a(x86_lib.o)
                0x000000000000fd10                sendrec
                0x000000000000fd2a                printx
                0x000000000000fd38                reboot
                0x000000000000fd50                memcpy
                0x000000000000fd7f                memset
                0x000000000000fda6                strcpy
                0x000000000000fdbe                strlen
 *fill*         0x000000000000fdd7        0x1 90909090
 .text          0x000000000000fdd8       0xc6 lib/lyoscrt.a(printf.o)
                0x000000000000fdd8                printf
                0x000000000000fe5a                printl
 *fill*         0x000000000000fe9e        0x2 90909090
 .text          0x000000000000fea0      0x31d lib/lyoscrt.a(vsprintf.o)
                0x000000000000ff0b                vsprintf
                0x0000000000010193                sprintf
 *fill*         0x00000000000101bd        0x3 90909090
 .text          0x00000000000101c0      0x257 lib/lyoscrt.a(misc.o)
                0x00000000000101c0                send_recv
                0x00000000000102a7                memcmp
                0x0000000000010321                strcmp
                0x0000000000010398                strcat
                0x00000000000103f7                spin
                0x0000000000010412                assertion_failure
 *fill*         0x0000000000010417        0x1 90909090
 .text          0x0000000000010418       0xe2 lib/lyoscrt.a(open.o)
                0x0000000000010418                open
                0x000000000001048b                mkdir
 *fill*         0x00000000000104fa        0x2 90909090
 .text          0x00000000000104fc       0x3f lib/lyoscrt.a(read.o)
                0x00000000000104fc                read
 *fill*         0x000000000001053b        0x1 90909090
 .text          0x000000000001053c       0x3f lib/lyoscrt.a(write.o)
                0x000000000001053c                write
 *fill*         0x000000000001057b        0x1 90909090
 .text          0x000000000001057c       0x33 lib/lyoscrt.a(close.o)
                0x000000000001057c                close
 *fill*         0x00000000000105af        0x1 90909090
 .text          0x00000000000105b0       0x3f lib/lyoscrt.a(lseek.o)
                0x00000000000105b0                lseek
 *fill*         0x00000000000105ef        0x1 90909090
 .text          0x00000000000105f0       0x59 lib/lyoscrt.a(getpid.o)
                0x00000000000105f0                getpid
 *fill*         0x0000000000010649        0x3 90909090
 .text          0x000000000001064c       0x73 lib/lyoscrt.a(stat.o)
                0x000000000001064c                stat
 *fill*         0x00000000000106bf        0x1 90909090
 .text          0x00000000000106c0       0x84 lib/lyoscrt.a(fork.o)
                0x00000000000106c0                fork
 .text          0x0000000000010744       0x44 lib/lyoscrt.a(wait.o)
                0x0000000000010744                wait
 .text          0x0000000000010788      0x262 lib/lyoscrt.a(exec.o)
                0x0000000000010788                exec
                0x0000000000010803                execl
                0x0000000000010829                execv
 *fill*         0x00000000000109ea        0x2 90909090
 .text          0x00000000000109ec       0x65 lib/lyoscrt.a(uname.o)
                0x00000000000109ec                uname
 *(.gnu.warning)

.fini
 *(.fini)
                0x0000000000010a51                PROVIDE (__etext, .)
                0x0000000000010a51                PROVIDE (_etext, .)
                0x0000000000010a51                PROVIDE (etext, .)

.rodata         0x0000000000010a54     0x22bb
 *(.rodata .rodata.* .gnu.linkonce.r.*)
 .rodata        0x0000000000010a54      0x806 kernel/krnl.o
                0x0000000000010c00                FSBUF_SIZE
                0x0000000000010c04                MMBUF_SIZE
                0x0000000000010c08                LOGBUF_SIZE
                0x0000000000010c0c                LOGDISKBUF_SIZE
 *fill*         0x000000000001125a        0x2 00
 .rodata        0x000000000001125c     0x1032 fs/fs.o
 *fill*         0x000000000001228e        0x2 00
 .rodata        0x0000000000012290      0x2a4 mm/mm.o
 .rodata        0x0000000000012534      0x618 drivers/drivers.o
 .rodata        0x0000000000012b4c       0x1e lib/syslog.o
 .rodata        0x0000000000012b6a       0x10 lib/lyoscrt.a(printf.o)
 *fill*         0x0000000000012b7a        0x2 00
 .rodata        0x0000000000012b7c       0x5f lib/lyoscrt.a(misc.o)
 .rodata        0x0000000000012bdb       0x1f lib/lyoscrt.a(open.o)
 .rodata        0x0000000000012bfa       0x21 lib/lyoscrt.a(getpid.o)
 .rodata        0x0000000000012c1b       0x1f lib/lyoscrt.a(stat.o)
 .rodata        0x0000000000012c3a       0x2f lib/lyoscrt.a(fork.o)
 *fill*         0x0000000000012c69        0x3 00
 .rodata        0x0000000000012c6c       0x83 lib/lyoscrt.a(exec.o)
 .rodata        0x0000000000012cef       0x20 lib/lyoscrt.a(uname.o)

.rodata1
 *(.rodata1)

.eh_frame_hdr
 *(.eh_frame_hdr)

.eh_frame
 *(.eh_frame)

.gcc_except_table
 *(.gcc_except_table .gcc_except_table.*)
                0x0000000000012d0f                . = (ALIGN (0x1000) - ((0x1000 - .) & 0xfff))
                0x0000000000013000                . = DATA_SEGMENT_ALIGN (0x1000, 0x1000)

.eh_frame
 *(.eh_frame)

.gcc_except_table
 *(.gcc_except_table .gcc_except_table.*)

.tdata
 *(.tdata .tdata.* .gnu.linkonce.td.*)

.tbss
 *(.tbss .tbss.* .gnu.linkonce.tb.*)
 *(.tcommon)

.preinit_array  0x0000000000013000        0x0
                0x0000000000013000                PROVIDE (__preinit_array_start, .)
 *(.preinit_array)
                0x0000000000013000                PROVIDE (__preinit_array_end, .)

.init_array     0x0000000000013000        0x0
                0x0000000000013000                PROVIDE (__init_array_start, .)
 *(SORT(.init_array.*))
 *(.init_array)
                0x0000000000013000                PROVIDE (__init_array_end, .)

.fini_array     0x0000000000013000        0x0
                0x0000000000013000                PROVIDE (__fini_array_start, .)
 *(SORT(.fini_array.*))
 *(.fini_array)
                0x0000000000013000                PROVIDE (__fini_array_end, .)

.ctors
 *crtbegin.o(.ctors)
 *crtbegin?.o(.ctors)
 *(EXCLUDE_FILE(*crtend?.o *crtend.o) .ctors)
 *(SORT(.ctors.*))
 *(.ctors)

.dtors
 *crtbegin.o(.dtors)
 *crtbegin?.o(.dtors)
 *(EXCLUDE_FILE(*crtend?.o *crtend.o) .dtors)
 *(SORT(.dtors.*))
 *(.dtors)

.jcr
 *(.jcr)

.data.rel.ro
 *(.data.rel.ro.local* .gnu.linkonce.d.rel.ro.local.*)
 *(.data.rel.ro* .gnu.linkonce.d.rel.ro.*)

.dynamic
 *(.dynamic)

.got
 *(.got)
 *(.igot)
                0x0000000000013000                . = DATA_SEGMENT_RELRO_END (., 0xc)

.got.plt        0x0000000000013000        0x0
 *(.got.plt)
 *(.igot.plt)
 .igot.plt      0x0000000000000000        0x0 kernel/krnl.o

.data           0x0000000000013000      0xa24
 *(.data .data.* .gnu.linkonce.d.*)
 .data          0x0000000000013000      0x2f8 kernel/krnl.o
                0x0000000000013020                ROOT_DEV
                0x0000000000013040                task_table
                0x00000000000131e0                user_proc_table
                0x0000000000013280                sys_call_table
                0x00000000000132a0                thisname
                0x00000000000132cd                dd_map
                0x00000000000132e8                fsbuf
                0x00000000000132ec                mmbuf
                0x00000000000132f0                logbuf
                0x00000000000132f4                logdiskbuf
 .data          0x00000000000132f8        0x5 fs/fs.o
                0x00000000000132f8                dot1
                0x00000000000132fa                dot2
 *fill*         0x00000000000132fd        0x3 00
 .data          0x0000000000013300        0x0 mm/mm.o
 .data          0x0000000000013300      0x724 drivers/drivers.o
                0x00000000000133e0                floppy_buffer
                0x00000000000133e4                hd_driver
                0x0000000000013400                keymap
 .data          0x0000000000013a24        0x0 lib/syslog.o
 .data          0x0000000000013a24        0x0 lib/lyoscrt.a(printf.o)
 .data          0x0000000000013a24        0x0 lib/lyoscrt.a(vsprintf.o)
 .data          0x0000000000013a24        0x0 lib/lyoscrt.a(misc.o)
 .data          0x0000000000013a24        0x0 lib/lyoscrt.a(open.o)
 .data          0x0000000000013a24        0x0 lib/lyoscrt.a(read.o)
 .data          0x0000000000013a24        0x0 lib/lyoscrt.a(write.o)
 .data          0x0000000000013a24        0x0 lib/lyoscrt.a(close.o)
 .data          0x0000000000013a24        0x0 lib/lyoscrt.a(lseek.o)
 .data          0x0000000000013a24        0x0 lib/lyoscrt.a(getpid.o)
 .data          0x0000000000013a24        0x0 lib/lyoscrt.a(stat.o)
 .data          0x0000000000013a24        0x0 lib/lyoscrt.a(fork.o)
 .data          0x0000000000013a24        0x0 lib/lyoscrt.a(wait.o)
 .data          0x0000000000013a24        0x0 lib/lyoscrt.a(exec.o)
 .data          0x0000000000013a24        0x0 lib/lyoscrt.a(uname.o)

.data1
 *(.data1)
                0x0000000000013a24                _edata = .
                0x0000000000013a24                PROVIDE (edata, .)
                0x0000000000013a24                __bss_start = .

.bss            0x0000000000013a40    0x45988
 *(.dynbss)
 *(.bss .bss.* .gnu.linkonce.b.*)
 .bss           0x0000000000013a40      0x800 kernel/krnl.o
 .bss           0x0000000000014240      0x208 fs/fs.o
 .bss           0x0000000000014448        0x4 mm/mm.o
 *fill*         0x000000000001444c       0x14 00
 .bss           0x0000000000014460      0x6f8 drivers/drivers.o
                0x0000000000014ac0                blk_dev_table
 .bss           0x0000000000014b58        0x0 lib/syslog.o
 .bss           0x0000000000014b58        0x0 lib/lyoscrt.a(printf.o)
 .bss           0x0000000000014b58        0x0 lib/lyoscrt.a(vsprintf.o)
 .bss           0x0000000000014b58        0x0 lib/lyoscrt.a(misc.o)
 .bss           0x0000000000014b58        0x0 lib/lyoscrt.a(open.o)
 .bss           0x0000000000014b58        0x0 lib/lyoscrt.a(read.o)
 .bss           0x0000000000014b58        0x0 lib/lyoscrt.a(write.o)
 .bss           0x0000000000014b58        0x0 lib/lyoscrt.a(close.o)
 .bss           0x0000000000014b58        0x0 lib/lyoscrt.a(lseek.o)
 .bss           0x0000000000014b58        0x0 lib/lyoscrt.a(getpid.o)
 .bss           0x0000000000014b58        0x0 lib/lyoscrt.a(stat.o)
 .bss           0x0000000000014b58        0x0 lib/lyoscrt.a(fork.o)
 .bss           0x0000000000014b58        0x0 lib/lyoscrt.a(wait.o)
 .bss           0x0000000000014b58        0x0 lib/lyoscrt.a(exec.o)
 .bss           0x0000000000014b58        0x0 lib/lyoscrt.a(uname.o)
 *(COMMON)
 *fill*         0x0000000000014b58        0x8 00
 COMMON         0x0000000000014b60    0x44840 kernel/krnl.o
                0x0000000000014b60                rd_length
                0x0000000000014b64                idt_ptr
                0x0000000000014b80                inode_table
                0x0000000000015680                task_stack
                0x000000000004d680                errno
                0x000000000004d684                mem_start
                0x000000000004d688                k_reenter
                0x000000000004d68c                buffer_base
                0x000000000004d6a0                gdt
                0x000000000004daa0                current_console
                0x000000000004daa4                pcaller
                0x000000000004dac0                tty_table
                0x000000000004e794                buffer_length
                0x000000000004e7a0                tss
                0x000000000004e820                fs_msg
                0x000000000004e850                memory_size
                0x000000000004e860                f_desc_table
                0x000000000004ed60                root_inode
                0x000000000004ed64                current
                0x000000000004ed68                disp_pos
                0x000000000004ed80                mm_msg
                0x000000000004edb0                key_pressed
                0x000000000004edc0                buffer_table
                0x00000000000501d4                gdt_ptr
                0x00000000000501dc                kernel_addr
                0x00000000000501e0                jiffies
                0x0000000000050200                idt
                0x0000000000050a00                super_block
                0x0000000000050be0                console_table
                0x0000000000050c60                rd_base
                0x0000000000050c80                irq_table
                0x0000000000050cc0                proc_table
                0x000000000005939c                nr_buffer
 COMMON         0x00000000000593a0       0x10 fs/fs.o
                0x00000000000593a0                PARTITION_ENTRY
 COMMON         0x00000000000593b0       0x18 drivers/drivers.o
                0x00000000000593b0                reply
                0x00000000000593b8                drive_type
                0x00000000000593c8                . = ALIGN ((. != 0x0)?0x4:0x1)
                0x00000000000593c8                . = ALIGN (0x4)
                0x00000000000593c8                . = ALIGN (0x4)
                0x00000000000593c8                _end = .
                0x00000000000593c8                PROVIDE (end, .)
                0x00000000000593c8                . = DATA_SEGMENT_END (.)

.stab
 *(.stab)

.stabstr
 *(.stabstr)

.stab.excl
 *(.stab.excl)

.stab.exclstr
 *(.stab.exclstr)

.stab.index
 *(.stab.index)

.stab.indexstr
 *(.stab.indexstr)

.comment        0x0000000000000000      0x369
 *(.comment)
 .comment       0x0000000000000000      0x20b kernel/krnl.o
 .comment       0x000000000000020b       0x2a fs/fs.o
                                        0x183 (size before relaxing)
 .comment       0x0000000000000235       0xf6 mm/mm.o
 .comment       0x0000000000000000      0x1d9 drivers/drivers.o
 .comment       0x0000000000000000       0x2b lib/syslog.o
 .comment       0x000000000000032b       0x3e lib/lyoscrt.a(x86_lib.o)
 .comment       0x0000000000000000       0x2b lib/lyoscrt.a(printf.o)
 .comment       0x0000000000000000       0x2b lib/lyoscrt.a(vsprintf.o)
 .comment       0x0000000000000000       0x2b lib/lyoscrt.a(misc.o)
 .comment       0x0000000000000000       0x2b lib/lyoscrt.a(open.o)
 .comment       0x0000000000000000       0x2b lib/lyoscrt.a(read.o)
 .comment       0x0000000000000000       0x2b lib/lyoscrt.a(write.o)
 .comment       0x0000000000000000       0x2b lib/lyoscrt.a(close.o)
 .comment       0x0000000000000000       0x2b lib/lyoscrt.a(lseek.o)
 .comment       0x0000000000000000       0x2b lib/lyoscrt.a(getpid.o)
 .comment       0x0000000000000000       0x2b lib/lyoscrt.a(stat.o)
 .comment       0x0000000000000000       0x2b lib/lyoscrt.a(fork.o)
 .comment       0x0000000000000000       0x2b lib/lyoscrt.a(wait.o)
 .comment       0x0000000000000000       0x2b lib/lyoscrt.a(exec.o)
 .comment       0x0000000000000000       0x2b lib/lyoscrt.a(uname.o)

.debug
 *(.debug)

.line
 *(.line)

.debug_srcinfo
 *(.debug_srcinfo)

.debug_sfnames
 *(.debug_sfnames)

.debug_aranges
 *(.debug_aranges)

.debug_pubnames
 *(.debug_pubnames)

.debug_info
 *(.debug_info .gnu.linkonce.wi.*)

.debug_abbrev
 *(.debug_abbrev)

.debug_line
 *(.debug_line)

.debug_frame
 *(.debug_frame)

.debug_str
 *(.debug_str)

.debug_loc
 *(.debug_loc)

.debug_macinfo
 *(.debug_macinfo)

.debug_weaknames
 *(.debug_weaknames)

.debug_funcnames
 *(.debug_funcnames)

.debug_typenames
 *(.debug_typenames)

.debug_varnames
 *(.debug_varnames)

.debug_pubtypes
 *(.debug_pubtypes)

.debug_ranges
 *(.debug_ranges)

.gnu.attributes
 *(.gnu.attributes)

/DISCARD/
 *(.note.GNU-stack)
 *(.gnu_debuglink)
 *(.gnu.lto_*)
OUTPUT(kernel.bin elf32-i386)
